Archive member included because of file (symbol)

ym/mbed-classic/existing/mbed-classic.a(retarget.cpp.o)
                              c:/progra~2/gnutoo~1/4bd65~1.920/bin/../lib/gcc/arm-none-eabi/4.9.3/../../../../arm-none-eabi/lib/armv6-m/crt0.o (__wrap_main)
ym/mbed-classic/existing/mbed-classic.a(board.c.o)
                              ym/mbed-classic/existing/mbed-classic.a(retarget.cpp.o) (mbed_die)
ym/mbed-classic/existing/mbed-classic.a(error.c.o)
                              ym/mbed-classic/existing/mbed-classic.a(retarget.cpp.o) (error)
ym/mbed-classic/existing/mbed-classic.a(gpio.c.o)
                              ym/mbed-classic/existing/mbed-classic.a(board.c.o) (gpio_init_out)
ym/mbed-classic/existing/mbed-classic.a(wait_api.c.o)
                              ym/mbed-classic/existing/mbed-classic.a(board.c.o) (wait_ms)
ym/mbed-classic/existing/mbed-classic.a(startup_NRF51822.S.obj)
                              (Reset_Handler)
ym/mbed-classic/existing/mbed-classic.a(gpio_api.c.o)
                              ym/mbed-classic/existing/mbed-classic.a(gpio.c.o) (gpio_init)
ym/mbed-classic/existing/mbed-classic.a(pinmap.c.o)
                              ym/mbed-classic/existing/mbed-classic.a(gpio_api.c.o) (pin_mode)
ym/mbed-classic/existing/mbed-classic.a(serial_api.c.o)
                              ym/mbed-classic/existing/mbed-classic.a(retarget.cpp.o) (serial_init)
ym/mbed-classic/existing/mbed-classic.a(us_ticker.c.o)
                              ym/mbed-classic/existing/mbed-classic.a(wait_api.c.o) (us_ticker_read)
ym/mbed-classic/existing/mbed-classic.a(FilePath.cpp.o)
                              ym/mbed-classic/existing/mbed-classic.a(retarget.cpp.o) (mbed::FilePath::FilePath(char const*))
ym/mbed-classic/existing/mbed-classic.a(FileSystemLike.cpp.o)
                              ym/mbed-classic/existing/mbed-classic.a(retarget.cpp.o) (mbed::FileSystemLike::opendir())
ym/mbed-classic/existing/mbed-classic.a(us_ticker_api.c.o)
                              ym/mbed-classic/existing/mbed-classic.a(us_ticker.c.o) (us_ticker_irq_handler)
ym/mbed-classic/existing/mbed-classic.a(system_nrf51.c.o)
                              ym/mbed-classic/existing/mbed-classic.a(startup_NRF51822.S.obj) (SystemInit)
ym/mbed-classic/existing/mbed-classic.a(FileBase.cpp.o)
                              ym/mbed-classic/existing/mbed-classic.a(FileSystemLike.cpp.o) (mbed::FileBase::~FileBase())
ym/mbed-classic/existing/mbed-classic.a(ticker_api.c.o)
                              ym/mbed-classic/existing/mbed-classic.a(us_ticker_api.c.o) (ticker_irq_handler)
ym/ble/source/ble.a(GapScanningParams.cpp.o)
                              source/CMakeFiles/ble-ibeacon-b.dir/C_/Users/jossla01/Documents/GitHub/BLE_iBeacon/B/source/main.cpp.o (GapScanningParams::setInterval(unsigned short))
ym/ble/source/ble.a(BLE.cpp.o)
                              source/CMakeFiles/ble-ibeacon-b.dir/C_/Users/jossla01/Documents/GitHub/BLE_iBeacon/B/source/main.cpp.o (BLE::init())
ym/ble-nrf51822/source/ble-nrf51822.a(nRF5xn.cpp.o)
                              source/CMakeFiles/ble-ibeacon-b.dir/C_/Users/jossla01/Documents/GitHub/BLE_iBeacon/B/source/main.cpp.o (createBLEInstance())
ym/ble-nrf51822/source/ble-nrf51822.a(nRF5xGattServer.cpp.o)
                              ym/ble-nrf51822/source/ble-nrf51822.a(nRF5xn.cpp.o) (nRF5xGattServer::getInstance())
ym/ble-nrf51822/source/ble-nrf51822.a(nRF5xGattClient.cpp.o)
                              ym/ble-nrf51822/source/ble-nrf51822.a(nRF5xn.cpp.o) (nRF5xGattClient::getInstance())
ym/ble-nrf51822/source/ble-nrf51822.a(nRF5xSecurityManager.cpp.o)
                              ym/ble-nrf51822/source/ble-nrf51822.a(nRF5xn.cpp.o) (nRF5xSecurityManager::getInstance())
ym/ble-nrf51822/source/ble-nrf51822.a(btle.cpp.o)
                              ym/ble-nrf51822/source/ble-nrf51822.a(nRF5xn.cpp.o) (btle_init)
ym/ble-nrf51822/source/ble-nrf51822.a(nRF5xGap.cpp.o)
                              ym/ble-nrf51822/source/ble-nrf51822.a(nRF5xn.cpp.o) (nRF5xGap::getInstance())
ym/ble-nrf51822/source/ble-nrf51822.a(btle_security.cpp.o)
                              ym/ble-nrf51822/source/ble-nrf51822.a(nRF5xSecurityManager.cpp.o) (btle_initializeSecurity(bool, bool, SecurityManager::SecurityIOCapabilities_t, unsigned char const*))
ym/ble-nrf51822/source/ble-nrf51822.a(ble_radio_notification.c.o)
                              ym/ble-nrf51822/source/ble-nrf51822.a(nRF5xGap.cpp.o) (ble_radio_notification_init)
ym/ble-nrf51822/source/ble-nrf51822.a(btle_discovery.cpp.o)
                              ym/ble-nrf51822/source/ble-nrf51822.a(btle.cpp.o) (bleGattcEventHandler(ble_evt_t const*))
ym/ble-nrf51822/source/ble-nrf51822.a(softdevice_handler.c.o)
                              ym/ble-nrf51822/source/ble-nrf51822.a(btle.cpp.o) (intern_softdevice_events_execute)
ym/ble-nrf51822/source/ble-nrf51822.a(custom_helper.cpp.o)
[...]
Memory Configuration

Name             Origin             Length             Attributes
FLASH            0x0001c000         0x00024000         xr
RAM              0x20002800         0x00001800         xrw
*default*        0x00000000         0xffffffff

Linker script and memory map

LOAD c:/progra~2/gnutoo~1/4bd65~1.920/bin/../lib/gcc/arm-none-eabi/4.9.3/armv6-m/crti.o
LOAD c:/progra~2/gnutoo~1/4bd65~1.920/bin/../lib/gcc/arm-none-eabi/4.9.3/armv6-m/crtbegin.o
LOAD c:/progra~2/gnutoo~1/4bd65~1.920/bin/../lib/gcc/arm-none-eabi/4.9.3/../../../../arm-none-eabi/lib/armv6-m/crt0.o
START GROUP
LOAD source/CMakeFiles/ble-ibeacon-b.dir/C_/Users/jossla01/Documents/GitHub/BLE_iBeacon/B/source/main.cpp.o
LOAD ym/mbed-classic/existing/mbed-classic.a
LOAD ym/ble/source/ble.a
LOAD ym/ble-nrf51822/source/ble-nrf51822.a
LOAD ym/ble/source/ble.a
LOAD ym/ble-nrf51822/source/ble-nrf51822.a
LOAD ym/mbed-classic/existing/mbed-classic.a
LOAD c:/progra~2/gnutoo~1/4bd65~1.920/bin/../lib/gcc/arm-none-eabi/4.9.3/../../../../arm-none-eabi/lib/armv6-m\libnosys.a
LOAD c:/progra~2/gnutoo~1/4bd65~1.920/bin/../lib/gcc/arm-none-eabi/4.9.3/../../../../arm-none-eabi/lib/armv6-m\libstdc++_nano.a
LOAD c:/progra~2/gnutoo~1/4bd65~1.920/bin/../lib/gcc/arm-none-eabi/4.9.3/../../../../arm-none-eabi/lib/armv6-m\libsupc++_nano.a
LOAD c:/progra~2/gnutoo~1/4bd65~1.920/bin/../lib/gcc/arm-none-eabi/4.9.3/armv6-m\libgcc.a
LOAD c:/progra~2/gnutoo~1/4bd65~1.920/bin/../lib/gcc/arm-none-eabi/4.9.3/../../../../arm-none-eabi/lib/armv6-m\libstdc++_nano.a
LOAD c:/progra~2/gnutoo~1/4bd65~1.920/bin/../lib/gcc/arm-none-eabi/4.9.3/../../../../arm-none-eabi/lib/armv6-m\libsupc++_nano.a
LOAD c:/progra~2/gnutoo~1/4bd65~1.920/bin/../lib/gcc/arm-none-eabi/4.9.3/../../../../arm-none-eabi/lib/armv6-m\libm.a
LOAD c:/progra~2/gnutoo~1/4bd65~1.920/bin/../lib/gcc/arm-none-eabi/4.9.3/../../../../arm-none-eabi/lib/armv6-m\libc_nano.a
LOAD c:/progra~2/gnutoo~1/4bd65~1.920/bin/../lib/gcc/arm-none-eabi/4.9.3/armv6-m\libgcc.a
END GROUP
LOAD c:/progra~2/gnutoo~1/4bd65~1.920/bin/../lib/gcc/arm-none-eabi/4.9.3/../../../../arm-none-eabi/lib/armv6-m\libstdc++_nano.a
LOAD c:/progra~2/gnutoo~1/4bd65~1.920/bin/../lib/gcc/arm-none-eabi/4.9.3/../../../../arm-none-eabi/lib/armv6-m\libm.a
LOAD c:/progra~2/gnutoo~1/4bd65~1.920/bin/../lib/gcc/arm-none-eabi/4.9.3/../../../../arm-none-eabi/lib/armv6-m\libc_nano.a
START GROUP
LOAD c:/progra~2/gnutoo~1/4bd65~1.920/bin/../lib/gcc/arm-none-eabi/4.9.3/armv6-m\libgcc.a
LOAD c:/progra~2/gnutoo~1/4bd65~1.920/bin/../lib/gcc/arm-none-eabi/4.9.3/../../../../arm-none-eabi/lib/armv6-m\libc_nano.a
END GROUP
START GROUP
LOAD c:/progra~2/gnutoo~1/4bd65~1.920/bin/../lib/gcc/arm-none-eabi/4.9.3/armv6-m\libgcc.a
LOAD c:/progra~2/gnutoo~1/4bd65~1.920/bin/../lib/gcc/arm-none-eabi/4.9.3/../../../../arm-none-eabi/lib/armv6-m\libc_nano.a
END GROUP
LOAD c:/progra~2/gnutoo~1/4bd65~1.920/bin/../lib/gcc/arm-none-eabi/4.9.3/armv6-m/crtend.o
LOAD c:/progra~2/gnutoo~1/4bd65~1.920/bin/../lib/gcc/arm-none-eabi/4.9.3/armv6-m/crtn.o

.text           0x0001c000     0x6d9c
 *(SORT(.Vectors))
 .Vectors       0x0001c000       0xc0 ym/mbed-classic/existing/mbed-classic.a(startup_NRF51822.S.obj)
                0x0001c000                __Vectors
 *(SORT(.text*))
 .text          0x0001c0c0       0x60 c:/progra~2/gnutoo~1/4bd65~1.920/bin/../lib/gcc/arm-none-eabi/4.9.3/armv6-m/crtbegin.o
 .text          0x0001c120       0x78 c:/progra~2/gnutoo~1/4bd65~1.920/bin/../lib/gcc/arm-none-eabi/4.9.3/../../../../arm-none-eabi/lib/armv6-m/crt0.o
                0x0001c120                _start
                0x0001c120                _mainCRTStartup
 .text._Z21advertisementCallbackPKN3Gap29AdvertisementCallbackParams_tE
                0x0001c198       0x30 source/CMakeFiles/ble-ibeacon-b.dir/C_/Users/jossla01/Documents/GitHub/BLE_iBeacon/B/source/main.cpp.o
                0x0001c198                advertisementCallback(Gap::AdvertisementCallbackParams_t const*)
 .text.startup.main
                0x0001c1c8       0xf4 source/CMakeFiles/ble-ibeacon-b.dir/C_/Users/jossla01/Documents/GitHub/BLE_iBeacon/B/source/main.cpp.o
                0x0001c1c8                main
 .text.startup._GLOBAL__sub_I_ble
                0x0001c2bc       0x10 source/CMakeFiles/ble-ibeacon-b.dir/C_/Users/jossla01/Documents/GitHub/BLE_iBeacon/B/source/main.cpp.o
 .text._ZL11init_serialv
                0x0001c2cc       0x20 ym/mbed-classic/existing/mbed-classic.a(retarget.cpp.o)
 .text._close   0x0001c2ec       0x2c ym/mbed-classic/existing/mbed-classic.a(retarget.cpp.o)
                0x0001c2ec                _close
 .text._write   0x0001c318       0x54 ym/mbed-classic/existing/mbed-classic.a(retarget.cpp.o)
                0x0001c318                _write
 .text._read    0x0001c36c       0x48 ym/mbed-classic/existing/mbed-classic.a(retarget.cpp.o)
                0x0001c36c                _read
 .text._isatty  0x0001c3b4       0x28 ym/mbed-classic/existing/mbed-classic.a(retarget.cpp.o)
                0x0001c3b4                _isatty
 .text._lseek   0x0001c3dc       0x28 ym/mbed-classic/existing/mbed-classic.a(retarget.cpp.o)
                0x0001c3dc                _lseek
 .text._sbrk    0x0001c404       0x28 ym/mbed-classic/existing/mbed-classic.a(retarget.cpp.o)
                0x0001c404                _sbrk
 .text          0x0001c42c       0x48 ym/mbed-classic/existing/mbed-classic.a(startup_NRF51822.S.obj)
                0x0001c42c                Reset_Handler
                0x0001c468                NMI_Handler
                0x0001c46a                HardFault_Handler
                0x0001c46c                SVC_Handler
                0x0001c46e                PendSV_Handler
                0x0001c470                SysTick_Handler
                0x0001c472                GPIOTE_IRQHandler
                0x0001c472                RTC0_IRQHandler
                0x0001c472                SPI0_TWI0_IRQHandler
                0x0001c472                RADIO_IRQHandler
                0x0001c472                LPCOMP_IRQHandler
                0x0001c472                SWI4_IRQHandler
                0x0001c472                TEMP_IRQHandler
                0x0001c472                QDEC_IRQHandler
                0x0001c472                SWI5_IRQHandler
                0x0001c472                TIMER0_IRQHandler
                0x0001c472                POWER_CLOCK_IRQHandler
                0x0001c472                SWI0_IRQHandler
                0x0001c472                TIMER1_IRQHandler
                0x0001c472                ECB_IRQHandler
                0x0001c472                Default_Handler
                0x0001c472                ADC_IRQHandler
                0x0001c472                SWI3_IRQHandler
                0x0001c472                CCM_AAR_IRQHandler
                0x0001c472                WDT_IRQHandler
                0x0001c472                TIMER2_IRQHandler
                0x0001c472                RNG_IRQHandler
                0x0001c472                SPI1_TWI1_IRQHandler
 .text.gpio_init
                0x0001c474       0x30 ym/mbed-classic/existing/mbed-classic.a(gpio_api.c.o)
                0x0001c474                gpio_init
 .text.serial_baud.part.0
                0x0001c4a4       0x38 ym/mbed-classic/existing/mbed-classic.a(serial_api.c.o)
 .text.serial_init
                0x0001c4dc       0xc0 ym/mbed-classic/existing/mbed-classic.a(serial_api.c.o)
                0x0001c4dc                serial_init
 .text.UART0_IRQHandler
                0x0001c59c       0x4c ym/mbed-classic/existing/mbed-classic.a(serial_api.c.o)
                0x0001c59c                UART0_IRQHandler
 .text.serial_putc
                0x0001c5e8       0x1c ym/mbed-classic/existing/mbed-classic.a(serial_api.c.o)
                0x0001c5e8                serial_putc
 .text.rtc1_getCounter64
                0x0001c604       0x3c ym/mbed-classic/existing/mbed-classic.a(us_ticker.c.o)
 .text.RTC1_IRQHandler
                0x0001c640       0x74 ym/mbed-classic/existing/mbed-classic.a(us_ticker.c.o)
                0x0001c640                RTC1_IRQHandler
 .text.us_ticker_init
                0x0001c6b4       0x5c ym/mbed-classic/existing/mbed-classic.a(us_ticker.c.o)
                0x0001c6b4                us_ticker_init
 .text.us_ticker_read
                0x0001c710       0x2c ym/mbed-classic/existing/mbed-classic.a(us_ticker.c.o)
                0x0001c710                us_ticker_read
 .text.us_ticker_set_interrupt
                0x0001c73c       0xbc ym/mbed-classic/existing/mbed-classic.a(us_ticker.c.o)
                0x0001c73c                us_ticker_set_interrupt
 .text.us_ticker_disable_interrupt
                0x0001c7f8       0x28 ym/mbed-classic/existing/mbed-classic.a(us_ticker.c.o)
                0x0001c7f8                us_ticker_disable_interrupt
 .text.us_ticker_clear_interrupt
                0x0001c820       0x10 ym/mbed-classic/existing/mbed-classic.a(us_ticker.c.o)
                0x0001c820                us_ticker_clear_interrupt
 .text.us_ticker_irq_handler
                0x0001c830       0x10 ym/mbed-classic/existing/mbed-classic.a(us_ticker_api.c.o)
                0x0001c830                us_ticker_irq_handler
 .text.SystemInit
                0x0001c840       0xb0 ym/mbed-classic/existing/mbed-classic.a(system_nrf51.c.o)
                0x0001c840                SystemInit
 .text._ZN17GapScanningParamsC2Etttb
                0x0001c8f0       0x6c ym/ble/source/ble.a(GapScanningParams.cpp.o)
                0x0001c8f0                GapScanningParams::GapScanningParams(unsigned short, unsigned short, unsigned short, bool)
                0x0001c8f0                GapScanningParams::GapScanningParams(unsigned short, unsigned short, unsigned short, bool)
 .text._ZN17GapScanningParams11setIntervalEt
                0x0001c95c       0x30 ym/ble/source/ble.a(GapScanningParams.cpp.o)
                0x0001c95c                GapScanningParams::setInterval(unsigned short)
 .text._ZN17GapScanningParams9setWindowEt
                0x0001c98c       0x30 ym/ble/source/ble.a(GapScanningParams.cpp.o)
                0x0001c98c                GapScanningParams::setWindow(unsigned short)
 .text._ZN6nRF5xn10getVersionEv
                0x0001c9bc       0x68 ym/ble-nrf51822/source/ble-nrf51822.a(nRF5xn.cpp.o)
                0x0001c9bc                nRF5xn::getVersion()
 .text._Z17createBLEInstancev
                0x0001ca24        0x8 ym/ble-nrf51822/source/ble-nrf51822.a(nRF5xn.cpp.o)
                0x0001ca24                createBLEInstance()
 .text.startup._GLOBAL__sub_I__Z17createBLEInstancev
                0x0001ca2c       0x24 ym/ble-nrf51822/source/ble-nrf51822.a(nRF5xn.cpp.o)
 .text._ZN15nRF5xGattServer4readEtPhPt
                0x0001ca50       0x1c ym/ble-nrf51822/source/ble-nrf51822.a(nRF5xGattServer.cpp.o)
                0x0001ca50                nRF5xGattServer::read(unsigned short, unsigned char*, unsigned short*)
 .text._ZN15nRF5xGattServer5writeEtPKhtb
                0x0001ca6c       0x20 ym/ble-nrf51822/source/ble-nrf51822.a(nRF5xGattServer.cpp.o)
                0x0001ca6c                nRF5xGattServer::write(unsigned short, unsigned char const*, unsigned short, bool)
 .text._ZN38CallChainOfFunctionPointersWithContextIjED2Ev
                0x0001ca8c       0x20 ym/ble-nrf51822/source/ble-nrf51822.a(nRF5xGattServer.cpp.o)
                0x0001ca8c                CallChainOfFunctionPointersWithContext<unsigned int>::~CallChainOfFunctionPointersWithContext()
                0x0001ca8c                CallChainOfFunctionPointersWithContext<unsigned int>::~CallChainOfFunctionPointersWithContext()
 .text._ZN38CallChainOfFunctionPointersWithContextIPK23GattWriteCallbackParamsED2Ev
                0x0001caac       0x20 ym/ble-nrf51822/source/ble-nrf51822.a(nRF5xGattServer.cpp.o)
                0x0001caac                CallChainOfFunctionPointersWithContext<GattWriteCallbackParams const*>::~CallChainOfFunctionPointersWithContext()
                0x0001caac                CallChainOfFunctionPointersWithContext<GattWriteCallbackParams const*>::~CallChainOfFunctionPointersWithContext()
 .text._ZN38CallChainOfFunctionPointersWithContextIPK22GattReadCallbackParamsED2Ev
                0x0001cacc       0x20 ym/ble-nrf51822/source/ble-nrf51822.a(nRF5xGattServer.cpp.o)
                0x0001cacc                CallChainOfFunctionPointersWithContext<GattReadCallbackParams const*>::~CallChainOfFunctionPointersWithContext()
                0x0001cacc                CallChainOfFunctionPointersWithContext<GattReadCallbackParams const*>::~CallChainOfFunctionPointersWithContext()
 .text._ZN15nRF5xGattServerD2Ev
                0x0001caec       0x28 ym/ble-nrf51822/source/ble-nrf51822.a(nRF5xGattServer.cpp.o)
                0x0001caec                nRF5xGattServer::~nRF5xGattServer()
                0x0001caec                nRF5xGattServer::~nRF5xGattServer()
 .text._ZN15nRF5xGattServer5writeEttPKhtb
                0x0001cb14       0xcc ym/ble-nrf51822/source/ble-nrf51822.a(nRF5xGattServer.cpp.o)
                0x0001cb14                nRF5xGattServer::write(unsigned short, unsigned short, unsigned char const*, unsigned short, bool)
 .text._ZN15nRF5xGattServer10addServiceER11GattService
                0x0001cbe0      0x1b4 ym/ble-nrf51822/source/ble-nrf51822.a(nRF5xGattServer.cpp.o)
                0x0001cbe0                nRF5xGattServer::addService(GattService&)
 .text._ZN15nRF5xGattServer11getInstanceEv
                0x0001cd94       0xbc ym/ble-nrf51822/source/ble-nrf51822.a(nRF5xGattServer.cpp.o)
                0x0001cd94                nRF5xGattServer::getInstance()
 .text._ZNK15nRF5xGattClient5writeEN10GattClient9WriteOp_tEttjPKh
                0x0001ce50       0x4c ym/ble-nrf51822/source/ble-nrf51822.a(nRF5xGattClient.cpp.o)
                0x0001ce50                nRF5xGattClient::write(GattClient::WriteOp_t, unsigned short, unsigned short, unsigned int, unsigned char const*) const
 .text._ZN21nRF5xServiceDiscovery6launchEtPFvPK17DiscoveredServiceEPFvPK24DiscoveredCharacteristicERK4UUIDSC_
                0x0001ce9c       0x78 ym/ble-nrf51822/source/ble-nrf51822.a(nRF5xGattClient.cpp.o)
                0x0001ce9c                nRF5xServiceDiscovery::launch(unsigned short, void (*)(DiscoveredService const*), void (*)(DiscoveredCharacteristic const*), UUID const&, UUID const&)
 .text._ZN15nRF5xGattClient11getInstanceEv
                0x0001cf14       0xc8 ym/ble-nrf51822/source/ble-nrf51822.a(nRF5xGattClient.cpp.o)
                0x0001cf14                nRF5xGattClient::getInstance()
 .text._ZN20nRF5xSecurityManager11getInstanceEv
                0x0001cfdc       0x2c ym/ble-nrf51822/source/ble-nrf51822.a(nRF5xSecurityManager.cpp.o)
                0x0001cfdc                nRF5xSecurityManager::getInstance()
 .text._ZL12btle_handlerP9ble_evt_t
                0x0001d008      0x15c ym/ble-nrf51822/source/ble-nrf51822.a(btle.cpp.o)
 .text.btle_init
                0x0001d164       0xa0 ym/ble-nrf51822/source/ble-nrf51822.a(btle.cpp.o)
                0x0001d164                btle_init
 .text.app_error_handler
                0x0001d204       0x20 ym/ble-nrf51822/source/ble-nrf51822.a(btle.cpp.o)
                0x0001d204                app_error_handler
 .text._ZNK3Gap25getMaxAdvertisingIntervalEv
                0x0001d224        0x8 ym/ble-nrf51822/source/ble-nrf51822.a(nRF5xGap.cpp.o)
                0x0001d224                Gap::getMaxAdvertisingInterval() const
 .text._ZN8nRF5xGap16startAdvertisingERK20GapAdvertisingParams
                0x0001d22c       0x74 ym/ble-nrf51822/source/ble-nrf51822.a(nRF5xGap.cpp.o)
                0x0001d22c                nRF5xGap::startAdvertising(GapAdvertisingParams const&)
 .text._ZN8nRF5xGap7connectEPKhN3Gap13AddressType_tEPKNS2_18ConnectionParams_tEPK17GapScanningParams
                0x0001d2a0       0xa8 ym/ble-nrf51822/source/ble-nrf51822.a(nRF5xGap.cpp.o)
                0x0001d2a0                nRF5xGap::connect(unsigned char const*, Gap::AddressType_t, Gap::ConnectionParams_t const*, GapScanningParams const*)
 .text._ZN8nRF5xGap25getPermittedTxPowerValuesEPPKaPj
                0x0001d348       0x10 ym/ble-nrf51822/source/ble-nrf51822.a(nRF5xGap.cpp.o)
                0x0001d348                nRF5xGap::getPermittedTxPowerValues(signed char const**, unsigned int*)
 .text._ZN8nRF5xGap21initRadioNotificationEv
                0x0001d358       0x1c ym/ble-nrf51822/source/ble-nrf51822.a(nRF5xGap.cpp.o)
                0x0001d358                nRF5xGap::initRadioNotification()
 .text._ZN8nRF5xGap11getInstanceEv
                0x0001d374       0xf4 ym/ble-nrf51822/source/ble-nrf51822.a(nRF5xGap.cpp.o)
                0x0001d374                nRF5xGap::getInstance()
 .text._ZN8nRF5xGapD2Ev
                0x0001d468       0x18 ym/ble-nrf51822/source/ble-nrf51822.a(nRF5xGap.cpp.o)
                0x0001d468                nRF5xGap::~nRF5xGap()
                0x0001d468                nRF5xGap::~nRF5xGap()
 .text._ZL10dm_handlerPK13device_handlePK10dm_event_tm
                0x0001d480       0xc0 ym/ble-nrf51822/source/ble-nrf51822.a(btle_security.cpp.o)
 .text._Z23btle_initializeSecuritybbN15SecurityManager24SecurityIOCapabilities_tEPKh
                0x0001d540       0xd4 ym/ble-nrf51822/source/ble-nrf51822.a(btle_security.cpp.o)
                0x0001d540                btle_initializeSecurity(bool, bool, SecurityManager::SecurityIOCapabilities_t, unsigned char const*)
 .text._Z25btle_purgeAllBondingStatev
                0x0001d614       0x24 ym/ble-nrf51822/source/ble-nrf51822.a(btle_security.cpp.o)
                0x0001d614                btle_purgeAllBondingState()
 .text._Z20btle_getLinkSecuritytPN15SecurityManager20LinkSecurityStatus_tE
                0x0001d638       0x48 ym/ble-nrf51822/source/ble-nrf51822.a(btle_security.cpp.o)
                0x0001d638                btle_getLinkSecurity(unsigned short, SecurityManager::LinkSecurityStatus_t*)
 .text.SWI1_IRQHandler
                0x0001d680       0x20 ym/ble-nrf51822/source/ble-nrf51822.a(ble_radio_notification.c.o)
                0x0001d680                SWI1_IRQHandler
 .text.ble_radio_notification_init
                0x0001d6a0       0x38 ym/ble-nrf51822/source/ble-nrf51822.a(ble_radio_notification.c.o)
                0x0001d6a0                ble_radio_notification_init
 .text.intern_softdevice_events_execute
                0x0001d6d8       0xb0 ym/ble-nrf51822/source/ble-nrf51822.a(softdevice_handler.c.o)
                0x0001d6d8                intern_softdevice_events_execute
 .text.softdevice_handler_init
                0x0001d788       0x48 ym/ble-nrf51822/source/ble-nrf51822.a(softdevice_handler.c.o)
                0x0001d788                softdevice_handler_init
 .text.softdevice_handler_sd_disable
                0x0001d7d0       0x18 ym/ble-nrf51822/source/ble-nrf51822.a(softdevice_handler.c.o)
                0x0001d7d0                softdevice_handler_sd_disable
 .text.softdevice_ble_evt_handler_set
                0x0001d7e8       0x14 ym/ble-nrf51822/source/ble-nrf51822.a(softdevice_handler.c.o)
                0x0001d7e8                softdevice_ble_evt_handler_set
 .text.softdevice_sys_evt_handler_set
                0x0001d7fc       0x14 ym/ble-nrf51822/source/ble-nrf51822.a(softdevice_handler.c.o)
                0x0001d7fc                softdevice_sys_evt_handler_set
 .text.SWI2_IRQHandler
                0x0001d810       0x24 ym/ble-nrf51822/source/ble-nrf51822.a(softdevice_handler.c.o)
                0x0001d810                SWI2_IRQHandler
 .text.custom_convert_to_nordic_uuid
                0x0001d834       0xa4 ym/ble-nrf51822/source/ble-nrf51822.a(custom_helper.cpp.o)
                0x0001d834                custom_convert_to_nordic_uuid
 .text._ZN21nRF5xServiceDiscovery29launchCharacteristicDiscoveryEttt
                0x0001d8d8       0x4c ym/ble-nrf51822/source/ble-nrf51822.a(nRF5xServiceDiscovery.cpp.o)
                0x0001d8d8                nRF5xServiceDiscovery::launchCharacteristicDiscovery(unsigned short, unsigned short, unsigned short)
 .text._ZN21nRF5xServiceDiscovery24progressServiceDiscoveryEv
                0x0001d924       0xe4 ym/ble-nrf51822/source/ble-nrf51822.a(nRF5xServiceDiscovery.cpp.o)
                0x0001d924                nRF5xServiceDiscovery::progressServiceDiscovery()
 .text._ZN21nRF5xServiceDiscovery25ServiceUUIDDiscoveryQueue12triggerFirstEv
                0x0001da08       0x58 ym/ble-nrf51822/source/ble-nrf51822.a(nRF5xServiceDiscovery.cpp.o)
                0x0001da08                nRF5xServiceDiscovery::ServiceUUIDDiscoveryQueue::triggerFirst()
 .text._ZN21nRF5xServiceDiscovery22CharUUIDDiscoveryQueue12triggerFirstEv
                0x0001da60       0x5c ym/ble-nrf51822/source/ble-nrf51822.a(nRF5xServiceDiscovery.cpp.o)
                0x0001da60                nRF5xServiceDiscovery::CharUUIDDiscoveryQueue::triggerFirst()
 .text._ZN21nRF5xServiceDiscovery27processDiscoverUUIDResponseEPK41ble_gattc_evt_char_val_by_uuid_read_rsp_t
                0x0001dabc       0xdc ym/ble-nrf51822/source/ble-nrf51822.a(nRF5xServiceDiscovery.cpp.o)
                0x0001dabc                nRF5xServiceDiscovery::processDiscoverUUIDResponse(ble_gattc_evt_char_val_by_uuid_read_rsp_t const*)
 .text._Z13btle_gap_initv
                0x0001db98       0x54 ym/ble-nrf51822/source/ble-nrf51822.a(btle_gap.cpp.o)
                0x0001db98                btle_gap_init()
 .text.app_notify
                0x0001dbec       0x30 ym/ble-nrf51822/source/ble-nrf51822.a(pstorage.c.o)
 .text.swap_state_process
                0x0001dc1c      0x1a4 ym/ble-nrf51822/source/ble-nrf51822.a(pstorage.c.o)
 .text.cmd_process
                0x0001ddc0      0x10c ym/ble-nrf51822/source/ble-nrf51822.a(pstorage.c.o)
 .text.cmd_queue_enqueue
                0x0001decc       0x54 ym/ble-nrf51822/source/ble-nrf51822.a(pstorage.c.o)
 .text.cmd_queue_dequeue
                0x0001df20       0x20 ym/ble-nrf51822/source/ble-nrf51822.a(pstorage.c.o)
 .text.pstorage_sys_event_handler
                0x0001df40       0xec ym/ble-nrf51822/source/ble-nrf51822.a(pstorage.c.o)
                0x0001df40                pstorage_sys_event_handler
 .text.pstorage_init
                0x0001e02c       0xc8 ym/ble-nrf51822/source/ble-nrf51822.a(pstorage.c.o)
                0x0001e02c                pstorage_init
 .text.pstorage_register
                0x0001e0f4      0x138 ym/ble-nrf51822/source/ble-nrf51822.a(pstorage.c.o)
                0x0001e0f4                pstorage_register
 .text.pstorage_block_identifier_get
                0x0001e22c       0x4c ym/ble-nrf51822/source/ble-nrf51822.a(pstorage.c.o)
                0x0001e22c                pstorage_block_identifier_get
 .text.pstorage_store
                0x0001e278       0x7c ym/ble-nrf51822/source/ble-nrf51822.a(pstorage.c.o)
                0x0001e278                pstorage_store
 .text.pstorage_update
                0x0001e2f4       0x7c ym/ble-nrf51822/source/ble-nrf51822.a(pstorage.c.o)
                0x0001e2f4                pstorage_update
 .text.pstorage_load
                0x0001e370       0xa0 ym/ble-nrf51822/source/ble-nrf51822.a(pstorage.c.o)
                0x0001e370                pstorage_load
 .text.pstorage_clear
                0x0001e410       0x60 ym/ble-nrf51822/source/ble-nrf51822.a(pstorage.c.o)
                0x0001e410                pstorage_clear
 .text.gatts_context_store
                0x0001e470       0xb8 ym/ble-nrf51822/source/ble-nrf51822.a(device_manager_peripheral.c.o)
 .text.device_context_store
                0x0001e528       0xb8 ym/ble-nrf51822/source/ble-nrf51822.a(device_manager_peripheral.c.o)
 .text.gatts_context_apply
                0x0001e5e0       0xc4 ym/ble-nrf51822/source/ble-nrf51822.a(device_manager_peripheral.c.o)
 .text.gatts_context_load
                0x0001e6a4       0x34 ym/ble-nrf51822/source/ble-nrf51822.a(device_manager_peripheral.c.o)
 .text.dm_pstorage_cb_handler
                0x0001e6d8      0x134 ym/ble-nrf51822/source/ble-nrf51822.a(device_manager_peripheral.c.o)
 .text.peer_instance_init
                0x0001e80c       0x44 ym/ble-nrf51822/source/ble-nrf51822.a(device_manager_peripheral.c.o)
 .text.device_instance_free
                0x0001e850       0x2c ym/ble-nrf51822/source/ble-nrf51822.a(device_manager_peripheral.c.o)
 .text.dm_init  0x0001e87c       0xe0 ym/ble-nrf51822/source/ble-nrf51822.a(device_manager_peripheral.c.o)
                0x0001e87c                dm_init
 .text.dm_register
                0x0001e95c       0x74 ym/ble-nrf51822/source/ble-nrf51822.a(device_manager_peripheral.c.o)
                0x0001e95c                dm_register
 .text.dm_security_status_req
                0x0001e9d0       0x70 ym/ble-nrf51822/source/ble-nrf51822.a(device_manager_peripheral.c.o)
                0x0001e9d0                dm_security_status_req
 .text.dm_device_delete_all
                0x0001ea40       0x58 ym/ble-nrf51822/source/ble-nrf51822.a(device_manager_peripheral.c.o)
                0x0001ea40                dm_device_delete_all
 .text.bond_data_load
                0x0001ea98       0x48 ym/ble-nrf51822/source/ble-nrf51822.a(device_manager_peripheral.c.o)
                0x0001ea98                bond_data_load
 .text.dm_ble_evt_handler
                0x0001eae0      0x384 ym/ble-nrf51822/source/ble-nrf51822.a(device_manager_peripheral.c.o)
                0x0001eae0                dm_ble_evt_handler
 .text.dm_handle_get
                0x0001ee64       0x48 ym/ble-nrf51822/source/ble-nrf51822.a(device_manager_peripheral.c.o)
                0x0001ee64                dm_handle_get
 .text._ZN4mbed9CallChainC2Ei
                0x0001eeac       0x40 ym/mbed-classic/existing/mbed-classic.a(CallChain.cpp.o)
                0x0001eeac                mbed::CallChain::CallChain(int)
                0x0001eeac                mbed::CallChain::CallChain(int)
 .text._ZN4mbed9CallChainD2Ev
                0x0001eeec       0x1c ym/mbed-classic/existing/mbed-classic.a(CallChain.cpp.o)
                0x0001eeec                mbed::CallChain::~CallChain()
                0x0001eeec                mbed::CallChain::~CallChain()
 .text._ZSt15get_new_handlerv
                0x0001ef08        0xc c:/progra~2/gnutoo~1/4bd65~1.920/bin/../lib/gcc/arm-none-eabi/4.9.3/../../../../arm-none-eabi/lib/armv6-m\libstdc++_nano.a(new_handler.o)
                0x0001ef08                std::get_new_handler()
 .text          0x0001ef14       0x14 c:/progra~2/gnutoo~1/4bd65~1.920/bin/../lib/gcc/arm-none-eabi/4.9.3/armv6-m\libgcc.a(_thumb1_case_uqi.o)
                0x0001ef14                __gnu_thumb1_case_uqi
 .text          0x0001ef28      0x120 c:/progra~2/gnutoo~1/4bd65~1.920/bin/../lib/gcc/arm-none-eabi/4.9.3/armv6-m\libgcc.a(_udivsi3.o)
                0x0001ef28                __aeabi_uidiv
                0x0001ef28                __udivsi3
                0x0001f034                __aeabi_uidivmod
 .text          0x0001f048        0x4 c:/progra~2/gnutoo~1/4bd65~1.920/bin/../lib/gcc/arm-none-eabi/4.9.3/armv6-m\libgcc.a(_dvmd_tls.o)
                0x0001f048                __aeabi_idiv0
                0x0001f048                __aeabi_ldiv0
 .text          0x0001f04c       0x40 c:/progra~2/gnutoo~1/4bd65~1.920/bin/../lib/gcc/arm-none-eabi/4.9.3/armv6-m\libgcc.a(_aeabi_uldivmod.o)
                0x0001f04c                __aeabi_uldivmod
 .text          0x0001f08c       0x54 c:/progra~2/gnutoo~1/4bd65~1.920/bin/../lib/gcc/arm-none-eabi/4.9.3/armv6-m\libgcc.a(_muldi3.o)
                0x0001f08c                __muldi3
                0x0001f08c                __aeabi_lmul
 .text          0x0001f0e0       0x6c c:/progra~2/gnutoo~1/4bd65~1.920/bin/../lib/gcc/arm-none-eabi/4.9.3/armv6-m\libgcc.a(bpabi.o)
                0x0001f0e0                __gnu_ldivmod_helper
                0x0001f118                __gnu_uldivmod_helper
 .text          0x0001f14c       0x3c c:/progra~2/gnutoo~1/4bd65~1.920/bin/../lib/gcc/arm-none-eabi/4.9.3/armv6-m\libgcc.a(_clzsi2.o)
                0x0001f14c                __clzsi2
 .text          0x0001f188      0x1f0 c:/progra~2/gnutoo~1/4bd65~1.920/bin/../lib/gcc/arm-none-eabi/4.9.3/armv6-m\libgcc.a(_divdi3.o)
                0x0001f188                __divdi3
 .text          0x0001f378      0x158 c:/progra~2/gnutoo~1/4bd65~1.920/bin/../lib/gcc/arm-none-eabi/4.9.3/armv6-m\libgcc.a(_udivdi3.o)
                0x0001f378                __udivdi3
 .text          0x0001f4d0       0x18 c:/progra~2/gnutoo~1/4bd65~1.920/bin/../lib/gcc/arm-none-eabi/4.9.3/armv6-m\libgcc.a(_clzdi2.o)
                0x0001f4d0                __clzdi2
 .text.__cxa_atexit
                0x0001f4e8       0x1c c:/progra~2/gnutoo~1/4bd65~1.920/bin/../lib/gcc/arm-none-eabi/4.9.3/../../../../arm-none-eabi/lib/armv6-m\libc_nano.a(lib_a-cxa_atexit.o)
                0x0001f4e8                __cxa_atexit
 .text.__errno  0x0001f504        0xc c:/progra~2/gnutoo~1/4bd65~1.920/bin/../lib/gcc/arm-none-eabi/4.9.3/../../../../arm-none-eabi/lib/armv6-m\libc_nano.a(lib_a-errno.o)
                0x0001f504                __errno
 .text.exit     0x0001f510       0x2c c:/progra~2/gnutoo~1/4bd65~1.920/bin/../lib/gcc/arm-none-eabi/4.9.3/../../../../arm-none-eabi/lib/armv6-m\libc_nano.a(lib_a-exit.o)
                0x0001f510                exit
 .text._cleanup_r
                0x0001f53c       0x10 c:/progra~2/gnutoo~1/4bd65~1.920/bin/../lib/gcc/arm-none-eabi/4.9.3/../../../../arm-none-eabi/lib/armv6-m\libc_nano.a(lib_a-findfp.o)
                0x0001f53c                _cleanup_r
 .text.std.isra.0
                0x0001f54c       0x48 c:/progra~2/gnutoo~1/4bd65~1.920/bin/../lib/gcc/arm-none-eabi/4.9.3/../../../../arm-none-eabi/lib/armv6-m\libc_nano.a(lib_a-findfp.o)
 .text.__sinit  0x0001f594       0x64 c:/progra~2/gnutoo~1/4bd65~1.920/bin/../lib/gcc/arm-none-eabi/4.9.3/../../../../arm-none-eabi/lib/armv6-m\libc_nano.a(lib_a-findfp.o)
                0x0001f594                __sinit
 .text.__sfp    0x0001f5f8       0x7c c:/progra~2/gnutoo~1/4bd65~1.920/bin/../lib/gcc/arm-none-eabi/4.9.3/../../../../arm-none-eabi/lib/armv6-m\libc_nano.a(lib_a-findfp.o)
                0x0001f5f8                __sfp
 .text.__libc_init_array
                0x0001f674       0x4c c:/progra~2/gnutoo~1/4bd65~1.920/bin/../lib/gcc/arm-none-eabi/4.9.3/../../../../arm-none-eabi/lib/armv6-m\libc_nano.a(lib_a-init.o)
                0x0001f674                __libc_init_array
 .text.malloc   0x0001f6c0       0x14 c:/progra~2/gnutoo~1/4bd65~1.920/bin/../lib/gcc/arm-none-eabi/4.9.3/../../../../arm-none-eabi/lib/armv6-m\libc_nano.a(lib_a-malloc.o)
                0x0001f6c0                malloc
 .text.free     0x0001f6d4       0x14 c:/progra~2/gnutoo~1/4bd65~1.920/bin/../lib/gcc/arm-none-eabi/4.9.3/../../../../arm-none-eabi/lib/armv6-m\libc_nano.a(lib_a-malloc.o)
                0x0001f6d4                free
 .text._free_r  0x0001f6e8       0x8c c:/progra~2/gnutoo~1/4bd65~1.920/bin/../lib/gcc/arm-none-eabi/4.9.3/../../../../arm-none-eabi/lib/armv6-m\libc_nano.a(lib_a-nano-freer.o)
                0x0001f6e8                _free_r
 .text._malloc_r
                0x0001f774       0xb0 c:/progra~2/gnutoo~1/4bd65~1.920/bin/../lib/gcc/arm-none-eabi/4.9.3/../../../../arm-none-eabi/lib/armv6-m\libc_nano.a(lib_a-nano-mallocr.o)
                0x0001f774                _malloc_r
 .text.printf   0x0001f824       0x34 c:/progra~2/gnutoo~1/4bd65~1.920/bin/../lib/gcc/arm-none-eabi/4.9.3/../../../../arm-none-eabi/lib/armv6-m\libc_nano.a(lib_a-printf.o)
                0x0001f824                iprintf
                0x0001f824                printf
 .text.puts     0x0001f858       0x14 c:/progra~2/gnutoo~1/4bd65~1.920/bin/../lib/gcc/arm-none-eabi/4.9.3/../../../../arm-none-eabi/lib/armv6-m\libc_nano.a(lib_a-puts.o)
                0x0001f858                puts
 .text.__srefill_r
                0x0001f86c      0x120 c:/progra~2/gnutoo~1/4bd65~1.920/bin/../lib/gcc/arm-none-eabi/4.9.3/../../../../arm-none-eabi/lib/armv6-m\libc_nano.a(lib_a-refill.o)
                0x0001f86c                __srefill_r
 .text._sbrk_r  0x0001f98c       0x24 c:/progra~2/gnutoo~1/4bd65~1.920/bin/../lib/gcc/arm-none-eabi/4.9.3/../../../../arm-none-eabi/lib/armv6-m\libc_nano.a(lib_a-sbrkr.o)
                0x0001f98c                _sbrk_r
 .text.scanf    0x0001f9b0       0x34 c:/progra~2/gnutoo~1/4bd65~1.920/bin/../lib/gcc/arm-none-eabi/4.9.3/../../../../arm-none-eabi/lib/armv6-m\libc_nano.a(lib_a-scanf.o)
                0x0001f9b0                scanf
                0x0001f9b0                iscanf
 .text.raise    0x0001f9e4       0x14 c:/progra~2/gnutoo~1/4bd65~1.920/bin/../lib/gcc/arm-none-eabi/4.9.3/../../../../arm-none-eabi/lib/armv6-m\libc_nano.a(lib_a-signal.o)
                0x0001f9e4                raise
 .text._kill_r  0x0001f9f8       0x24 c:/progra~2/gnutoo~1/4bd65~1.920/bin/../lib/gcc/arm-none-eabi/4.9.3/../../../../arm-none-eabi/lib/armv6-m\libc_nano.a(lib_a-signalr.o)
                0x0001f9f8                _kill_r
 .text.snprintf
                0x0001fa1c       0x68 c:/progra~2/gnutoo~1/4bd65~1.920/bin/../lib/gcc/arm-none-eabi/4.9.3/../../../../arm-none-eabi/lib/armv6-m\libc_nano.a(lib_a-snprintf.o)
                0x0001fa1c                sniprintf
                0x0001fa1c                snprintf
 .text.__sread  0x0001fa84       0x28 c:/progra~2/gnutoo~1/4bd65~1.920/bin/../lib/gcc/arm-none-eabi/4.9.3/../../../../arm-none-eabi/lib/armv6-m\libc_nano.a(lib_a-stdio.o)
                0x0001fa84                __sread
 .text.__swrite
                0x0001faac       0x38 c:/progra~2/gnutoo~1/4bd65~1.920/bin/../lib/gcc/arm-none-eabi/4.9.3/../../../../arm-none-eabi/lib/armv6-m\libc_nano.a(lib_a-stdio.o)
                0x0001faac                __swrite
 .text.__sseek  0x0001fae4       0x2c c:/progra~2/gnutoo~1/4bd65~1.920/bin/../lib/gcc/arm-none-eabi/4.9.3/../../../../arm-none-eabi/lib/armv6-m\libc_nano.a(lib_a-stdio.o)
                0x0001fae4                __sseek
 .text.__swbuf_r
                0x0001fb10       0xb0 c:/progra~2/gnutoo~1/4bd65~1.920/bin/../lib/gcc/arm-none-eabi/4.9.3/../../../../arm-none-eabi/lib/armv6-m\libc_nano.a(lib_a-wbuf.o)
                0x0001fb10                __swbuf_r
 .text._write_r
                0x0001fbc0       0x28 c:/progra~2/gnutoo~1/4bd65~1.920/bin/../lib/gcc/arm-none-eabi/4.9.3/../../../../arm-none-eabi/lib/armv6-m\libc_nano.a(lib_a-writer.o)
                0x0001fbc0                _write_r
 .text.__swsetup_r
                0x0001fbe8       0xe8 c:/progra~2/gnutoo~1/4bd65~1.920/bin/../lib/gcc/arm-none-eabi/4.9.3/../../../../arm-none-eabi/lib/armv6-m\libc_nano.a(lib_a-wsetup.o)
                0x0001fbe8                __swsetup_r
 .text._close_r
                0x0001fcd0       0x24 c:/progra~2/gnutoo~1/4bd65~1.920/bin/../lib/gcc/arm-none-eabi/4.9.3/../../../../arm-none-eabi/lib/armv6-m\libc_nano.a(lib_a-closer.o)
                0x0001fcd0                _close_r
 .text._fflush_r
                0x0001fcf4       0x58 c:/progra~2/gnutoo~1/4bd65~1.920/bin/../lib/gcc/arm-none-eabi/4.9.3/../../../../arm-none-eabi/lib/armv6-m\libc_nano.a(lib_a-fflush.o)
                0x0001fcf4                _fflush_r
 .text.fflush   0x0001fd4c       0x28 c:/progra~2/gnutoo~1/4bd65~1.920/bin/../lib/gcc/arm-none-eabi/4.9.3/../../../../arm-none-eabi/lib/armv6-m\libc_nano.a(lib_a-fflush.o)
                0x0001fd4c                fflush
 .text._lseek_r
                0x0001fd74       0x28 c:/progra~2/gnutoo~1/4bd65~1.920/bin/../lib/gcc/arm-none-eabi/4.9.3/../../../../arm-none-eabi/lib/armv6-m\libc_nano.a(lib_a-lseekr.o)
                0x0001fd74                _lseek_r
 .text.__smakebuf_r
                0x0001fd9c       0xb0 c:/progra~2/gnutoo~1/4bd65~1.920/bin/../lib/gcc/arm-none-eabi/4.9.3/../../../../arm-none-eabi/lib/armv6-m\libc_nano.a(lib_a-makebuf.o)
                0x0001fd9c                __smakebuf_r
 .text.__ssputs_r
                0x0001fe4c       0xc0 c:/progra~2/gnutoo~1/4bd65~1.920/bin/../lib/gcc/arm-none-eabi/4.9.3/../../../../arm-none-eabi/lib/armv6-m\libc_nano.a(lib_a-nano-svfprintf.o)
                0x0001fe4c                __ssputs_r
 .text._svfprintf_r
                0x0001ff0c      0x1ec c:/progra~2/gnutoo~1/4bd65~1.920/bin/../lib/gcc/arm-none-eabi/4.9.3/../../../../arm-none-eabi/lib/armv6-m\libc_nano.a(lib_a-nano-svfprintf.o)
                0x0001ff0c                _svfiprintf_r
                0x0001ff0c                _svfprintf_r
 .text._vfprintf_r
                0x000200f8      0x220 c:/progra~2/gnutoo~1/4bd65~1.920/bin/../lib/gcc/arm-none-eabi/4.9.3/../../../../arm-none-eabi/lib/armv6-m\libc_nano.a(lib_a-nano-vfprintf.o)
                0x000200f8                _vfprintf_r
                0x000200f8                _vfiprintf_r
 .text._printf_i
                0x00020318      0x230 c:/progra~2/gnutoo~1/4bd65~1.920/bin/../lib/gcc/arm-none-eabi/4.9.3/../../../../arm-none-eabi/lib/armv6-m\libc_nano.a(lib_a-nano-vfprintf_i.o)
                0x00020318                _printf_i
 .text.__svfscanf_r
                0x00020548      0x2f0 c:/progra~2/gnutoo~1/4bd65~1.920/bin/../lib/gcc/arm-none-eabi/4.9.3/../../../../arm-none-eabi/lib/armv6-m\libc_nano.a(lib_a-nano-vfscanf.o)
                0x00020548                __svfscanf_r
                0x00020548                __svfiscanf_r
 .text._vfscanf_r
                0x00020838       0x50 c:/progra~2/gnutoo~1/4bd65~1.920/bin/../lib/gcc/arm-none-eabi/4.9.3/../../../../arm-none-eabi/lib/armv6-m\libc_nano.a(lib_a-nano-vfscanf.o)
                0x00020838                _vfscanf_r
                0x00020838                _vfiscanf_r
 .text._scanf_chars
                0x00020888       0xbc c:/progra~2/gnutoo~1/4bd65~1.920/bin/../lib/gcc/arm-none-eabi/4.9.3/../../../../arm-none-eabi/lib/armv6-m\libc_nano.a(lib_a-nano-vfscanf_i.o)
                0x00020888                _scanf_chars
 .text._scanf_i
                0x00020944      0x1f4 c:/progra~2/gnutoo~1/4bd65~1.920/bin/../lib/gcc/arm-none-eabi/4.9.3/../../../../arm-none-eabi/lib/armv6-m\libc_nano.a(lib_a-nano-vfscanf_i.o)
                0x00020944                _scanf_i
 .text._read_r  0x00020b38       0x28 c:/progra~2/gnutoo~1/4bd65~1.920/bin/../lib/gcc/arm-none-eabi/4.9.3/../../../../arm-none-eabi/lib/armv6-m\libc_nano.a(lib_a-readr.o)
                0x00020b38                _read_r
 .text._strtol_r
                0x00020b60      0x120 c:/progra~2/gnutoo~1/4bd65~1.920/bin/../lib/gcc/arm-none-eabi/4.9.3/../../../../arm-none-eabi/lib/armv6-m\libc_nano.a(lib_a-strtol.o)
                0x00020b60                _strtol_r
 .text._strtoul_r
                0x00020c80      0x104 c:/progra~2/gnutoo~1/4bd65~1.920/bin/../lib/gcc/arm-none-eabi/4.9.3/../../../../arm-none-eabi/lib/armv6-m\libc_nano.a(lib_a-strtoul.o)
                0x00020c80                _strtoul_r
 .text.__submore
                0x00020d84       0x7c c:/progra~2/gnutoo~1/4bd65~1.920/bin/../lib/gcc/arm-none-eabi/4.9.3/../../../../arm-none-eabi/lib/armv6-m\libc_nano.a(lib_a-ungetc.o)
                0x00020d84                __submore
 .text._ungetc_r
                0x00020e00       0xe4 c:/progra~2/gnutoo~1/4bd65~1.920/bin/../lib/gcc/arm-none-eabi/4.9.3/../../../../arm-none-eabi/lib/armv6-m\libc_nano.a(lib_a-ungetc.o)
                0x00020e00                _ungetc_r
 .text._fstat_r
                0x00020ee4       0x24 c:/progra~2/gnutoo~1/4bd65~1.920/bin/../lib/gcc/arm-none-eabi/4.9.3/../../../../arm-none-eabi/lib/armv6-m\libc_nano.a(lib_a-fstatr.o)
                0x00020ee4                _fstat_r
 .text._isatty_r
                0x00020f08       0x24 c:/progra~2/gnutoo~1/4bd65~1.920/bin/../lib/gcc/arm-none-eabi/4.9.3/../../../../arm-none-eabi/lib/armv6-m\libc_nano.a(lib_a-isattyr.o)
                0x00020f08                _isatty_r
 .text._getpid  0x00020f2c       0x10 c:/progra~2/gnutoo~1/4bd65~1.920/bin/../lib/gcc/arm-none-eabi/4.9.3/../../../../arm-none-eabi/lib/armv6-m\libnosys.a(getpid.o)
                0x00020f2c                _getpid
 .text._kill    0x00020f3c       0x10 c:/progra~2/gnutoo~1/4bd65~1.920/bin/../lib/gcc/arm-none-eabi/4.9.3/../../../../arm-none-eabi/lib/armv6-m\libnosys.a(kill.o)
                0x00020f3c                _kill
 .text._ZN3BLE3gapEv
                0x00020f4c        0xc source/CMakeFiles/ble-ibeacon-b.dir/C_/Users/jossla01/Documents/GitHub/BLE_iBeacon/B/source/main.cpp.o
                0x00020f4c                BLE::gap()
 .text._fstat   0x00020f58       0x1e ym/mbed-classic/existing/mbed-classic.a(retarget.cpp.o)
                0x00020f58                _fstat
 .text.__cxa_pure_virtual
                0x00020f76        0x8 ym/mbed-classic/existing/mbed-classic.a(retarget.cpp.o)
                0x00020f76                __cxa_pure_virtual
 .text.mbed_main
                0x00020f7e        0x2 ym/mbed-classic/existing/mbed-classic.a(retarget.cpp.o)
                0x00020f7e                mbed_main
 .text.mbed_sdk_init
                0x00020f80        0x2 ym/mbed-classic/existing/mbed-classic.a(retarget.cpp.o)
                0x00020f80                mbed_sdk_init
 .text.__wrap_main
                0x00020f82       0x10 ym/mbed-classic/existing/mbed-classic.a(retarget.cpp.o)
                0x00020f82                __wrap_main
 .text._exit    0x00020f92        0xc ym/mbed-classic/existing/mbed-classic.a(retarget.cpp.o)
                0x00020f92                _exit
 .text.mbed_die
                0x00020f9e       0x66 ym/mbed-classic/existing/mbed-classic.a(board.c.o)
                0x00020f9e                mbed_die
 .text.gpio_init_out_ex
                0x00021004       0x30 ym/mbed-classic/existing/mbed-classic.a(gpio.c.o)
                0x00021004                gpio_init_out_ex
 .text.gpio_init_out
                0x00021034        0xa ym/mbed-classic/existing/mbed-classic.a(gpio.c.o)
                0x00021034                gpio_init_out
 .text.wait_us  0x0002103e       0x16 ym/mbed-classic/existing/mbed-classic.a(wait_api.c.o)
                0x0002103e                wait_us
 .text.wait_ms  0x00021054        0xe ym/mbed-classic/existing/mbed-classic.a(wait_api.c.o)
                0x00021054                wait_ms
 .text.gpio_mode
                0x00021062        0xc ym/mbed-classic/existing/mbed-classic.a(gpio_api.c.o)
                0x00021062                gpio_mode
 .text.gpio_dir
                0x0002106e       0x1a ym/mbed-classic/existing/mbed-classic.a(gpio_api.c.o)
                0x0002106e                gpio_dir
 .text.pin_mode
                0x00021088       0x20 ym/mbed-classic/existing/mbed-classic.a(pinmap.c.o)
                0x00021088                pin_mode
 .text.serial_getc
                0x000210a8       0x1a ym/mbed-classic/existing/mbed-classic.a(serial_api.c.o)
                0x000210a8                serial_getc
 .text.nrf_delay_us.constprop.0
                0x000210c2       0x26 ym/mbed-classic/existing/mbed-classic.a(us_ticker.c.o)
 .text.ticker_irq_handler
                0x000210e8       0x46 ym/mbed-classic/existing/mbed-classic.a(ticker_api.c.o)
                0x000210e8                ticker_irq_handler
 .text._ZN17GapScanningParams10setTimeoutEt
                0x0002112e        0x6 ym/ble/source/ble.a(GapScanningParams.cpp.o)
                0x0002112e                GapScanningParams::setTimeout(unsigned short)
 .text._ZN17GapScanningParams17setActiveScanningEb
                0x00021134        0x4 ym/ble/source/ble.a(GapScanningParams.cpp.o)
                0x00021134                GapScanningParams::setActiveScanning(bool)
 .text._ZN3BLE4initEv
                0x00021138        0xc ym/ble/source/ble.a(BLE.cpp.o)
                0x00021138                BLE::init()
 .text._ZL18sd_ble_version_getP13ble_version_t
                0x00021144        0x4 ym/ble-nrf51822/source/ble-nrf51822.a(nRF5xn.cpp.o)
 .text._ZL15sd_app_evt_waitv
                0x00021148        0x4 ym/ble-nrf51822/source/ble-nrf51822.a(nRF5xn.cpp.o)
 .text._ZN6nRF5xnD2Ev
                0x0002114c        0x2 ym/ble-nrf51822/source/ble-nrf51822.a(nRF5xn.cpp.o)
                0x0002114c                nRF5xn::~nRF5xn()
                0x0002114c                nRF5xn::~nRF5xn()
 .text._ZN6nRF5xn12waitForEventEv
                0x0002114e        0x8 ym/ble-nrf51822/source/ble-nrf51822.a(nRF5xn.cpp.o)
                0x0002114e                nRF5xn::waitForEvent()
 .text._ZN6nRF5xnD0Ev
                0x00021156        0xc ym/ble-nrf51822/source/ble-nrf51822.a(nRF5xn.cpp.o)
                0x00021156                nRF5xn::~nRF5xn()
 .text._ZN6nRF5xn4initEv
                0x00021162        0xa ym/ble-nrf51822/source/ble-nrf51822.a(nRF5xn.cpp.o)
                0x00021162                nRF5xn::init()
 .text._ZN6nRF5xn8shutdownEv
                0x0002116c       0x10 ym/ble-nrf51822/source/ble-nrf51822.a(nRF5xn.cpp.o)
                0x0002116c                nRF5xn::shutdown()
 .text._ZNK6nRF5xn18getSecurityManagerEv
                0x0002117c        0x8 ym/ble-nrf51822/source/ble-nrf51822.a(nRF5xn.cpp.o)
                0x0002117c                nRF5xn::getSecurityManager() const
 .text._ZN6nRF5xn18getSecurityManagerEv
                0x00021184        0x8 ym/ble-nrf51822/source/ble-nrf51822.a(nRF5xn.cpp.o)
                0x00021184                nRF5xn::getSecurityManager()
 .text._ZN6nRF5xn13getGattClientEv
                0x0002118c        0x8 ym/ble-nrf51822/source/ble-nrf51822.a(nRF5xn.cpp.o)
                0x0002118c                nRF5xn::getGattClient()
 .text._ZNK6nRF5xn13getGattServerEv
                0x00021194        0x8 ym/ble-nrf51822/source/ble-nrf51822.a(nRF5xn.cpp.o)
                0x00021194                nRF5xn::getGattServer() const
 .text._ZN6nRF5xn13getGattServerEv
                0x0002119c        0x8 ym/ble-nrf51822/source/ble-nrf51822.a(nRF5xn.cpp.o)
                0x0002119c                nRF5xn::getGattServer()
 .text._ZNK6nRF5xn6getGapEv
                0x000211a4        0x8 ym/ble-nrf51822/source/ble-nrf51822.a(nRF5xn.cpp.o)
                0x000211a4                nRF5xn::getGap() const
 .text._ZN6nRF5xn6getGapEv
                0x000211ac        0x8 ym/ble-nrf51822/source/ble-nrf51822.a(nRF5xn.cpp.o)
                0x000211ac                nRF5xn::getGap()
 .text._ZL24sd_ble_gatts_service_addhPK10ble_uuid_tPt
                0x000211b4        0x4 ym/ble-nrf51822/source/ble-nrf51822.a(nRF5xGattServer.cpp.o)
 .text._ZL22sd_ble_gatts_value_setttP17ble_gatts_value_t
                0x000211b8        0x4 ym/ble-nrf51822/source/ble-nrf51822.a(nRF5xGattServer.cpp.o)
 .text._ZL22sd_ble_gatts_value_getttP17ble_gatts_value_t
                0x000211bc        0x4 ym/ble-nrf51822/source/ble-nrf51822.a(nRF5xGattServer.cpp.o)
 .text._ZL16sd_ble_gatts_hvxtPK22ble_gatts_hvx_params_t
                0x000211c0        0x4 ym/ble-nrf51822/source/ble-nrf51822.a(nRF5xGattServer.cpp.o)
 .text._ZL31sd_ble_gatts_rw_authorize_replytPK37ble_gatts_rw_authorize_reply_params_t
                0x000211c4        0x4 ym/ble-nrf51822/source/ble-nrf51822.a(nRF5xGattServer.cpp.o)
 .text._ZL25sd_ble_gatts_sys_attr_settPKhtm
                0x000211c8        0x4 ym/ble-nrf51822/source/ble-nrf51822.a(nRF5xGattServer.cpp.o)
 .text._ZN10GattServer10addServiceER11GattService
                0x000211cc        0x4 ym/ble-nrf51822/source/ble-nrf51822.a(nRF5xGattServer.cpp.o)
                0x000211cc                GattServer::addService(GattService&)
 .text._ZN10GattServer4readEtPhPt
                0x000211d0        0x4 ym/ble-nrf51822/source/ble-nrf51822.a(nRF5xGattServer.cpp.o)
                0x000211d0                GattServer::read(unsigned short, unsigned char*, unsigned short*)
 .text._ZN10GattServer4readEttPhPt
                0x000211d4        0x4 ym/ble-nrf51822/source/ble-nrf51822.a(nRF5xGattServer.cpp.o)
                0x000211d4                GattServer::read(unsigned short, unsigned short, unsigned char*, unsigned short*)
 .text._ZN10GattServer5writeEtPKhtb
                0x000211d8        0x4 ym/ble-nrf51822/source/ble-nrf51822.a(nRF5xGattServer.cpp.o)
                0x000211d8                GattServer::write(unsigned short, unsigned char const*, unsigned short, bool)
 .text._ZN10GattServer5writeEttPKhtb
                0x000211dc        0x4 ym/ble-nrf51822/source/ble-nrf51822.a(nRF5xGattServer.cpp.o)
                0x000211dc                GattServer::write(unsigned short, unsigned short, unsigned char const*, unsigned short, bool)
 .text._ZN10GattServer17areUpdatesEnabledERK18GattCharacteristicPb
                0x000211e0        0x4 ym/ble-nrf51822/source/ble-nrf51822.a(nRF5xGattServer.cpp.o)
                0x000211e0                GattServer::areUpdatesEnabled(GattCharacteristic const&, bool*)
 .text._ZN10GattServer17areUpdatesEnabledEtRK18GattCharacteristicPb
                0x000211e4        0x4 ym/ble-nrf51822/source/ble-nrf51822.a(nRF5xGattServer.cpp.o)
                0x000211e4                GattServer::areUpdatesEnabled(unsigned short, GattCharacteristic const&, bool*)
 .text._ZNK10GattServer21isOnDataReadAvailableEv
                0x000211e8        0x4 ym/ble-nrf51822/source/ble-nrf51822.a(nRF5xGattServer.cpp.o)
                0x000211e8                GattServer::isOnDataReadAvailable() const
 .text._ZN15nRF5xGattServer4readEttPhPt
                0x000211ec       0x2a ym/ble-nrf51822/source/ble-nrf51822.a(nRF5xGattServer.cpp.o)
                0x000211ec                nRF5xGattServer::read(unsigned short, unsigned short, unsigned char*, unsigned short*)
 .text._ZN15nRF5xGattServer17areUpdatesEnabledERK18GattCharacteristicPb
                0x00021216       0x20 ym/ble-nrf51822/source/ble-nrf51822.a(nRF5xGattServer.cpp.o)
                0x00021216                nRF5xGattServer::areUpdatesEnabled(GattCharacteristic const&, bool*)
 .text._ZN38CallChainOfFunctionPointersWithContextIjED0Ev
                0x00021236       0x12 ym/ble-nrf51822/source/ble-nrf51822.a(nRF5xGattServer.cpp.o)
                0x00021236                CallChainOfFunctionPointersWithContext<unsigned int>::~CallChainOfFunctionPointersWithContext()
 .text._ZN38CallChainOfFunctionPointersWithContextIPK23GattWriteCallbackParamsED0Ev
                0x00021248       0x12 ym/ble-nrf51822/source/ble-nrf51822.a(nRF5xGattServer.cpp.o)
                0x00021248                CallChainOfFunctionPointersWithContext<GattWriteCallbackParams const*>::~CallChainOfFunctionPointersWithContext()
 .text._ZN38CallChainOfFunctionPointersWithContextIPK22GattReadCallbackParamsED0Ev
                0x0002125a       0x12 ym/ble-nrf51822/source/ble-nrf51822.a(nRF5xGattServer.cpp.o)
                0x0002125a                CallChainOfFunctionPointersWithContext<GattReadCallbackParams const*>::~CallChainOfFunctionPointersWithContext()
 .text._ZN15nRF5xGattServer17areUpdatesEnabledEtRK18GattCharacteristicPb
                0x0002126c       0x62 ym/ble-nrf51822/source/ble-nrf51822.a(nRF5xGattServer.cpp.o)
                0x0002126c                nRF5xGattServer::areUpdatesEnabled(unsigned short, GattCharacteristic const&, bool*)
 .text._ZNK4UUIDeqERKS_
                0x000212ce       0x3c ym/ble-nrf51822/source/ble-nrf51822.a(nRF5xGattServer.cpp.o)
                0x000212ce                UUID::operator==(UUID const&) const
 .text._ZN10GattServer22handleDataWrittenEventEPK23GattWriteCallbackParams
                0x0002130a       0x30 ym/ble-nrf51822/source/ble-nrf51822.a(nRF5xGattServer.cpp.o)
                0x0002130a                GattServer::handleDataWrittenEvent(GattWriteCallbackParams const*)
 .text._ZN10GattServer11handleEventEN16GattServerEvents11gattEvent_eEt
                0x0002133a       0x24 ym/ble-nrf51822/source/ble-nrf51822.a(nRF5xGattServer.cpp.o)
                0x0002133a                GattServer::handleEvent(GattServerEvents::gattEvent_e, unsigned short)
 .text._ZN15nRF5xGattServer10hwCallbackEP9ble_evt_t
                0x0002135e      0x292 ym/ble-nrf51822/source/ble-nrf51822.a(nRF5xGattServer.cpp.o)
                0x0002135e                nRF5xGattServer::hwCallback(ble_evt_t*)
 .text._ZN10GattClient16discoverServicesEtPFvPK17DiscoveredServiceEtt
                0x000215f0        0x4 ym/ble-nrf51822/source/ble-nrf51822.a(nRF5xGattClient.cpp.o)
                0x000215f0                GattClient::discoverServices(unsigned short, void (*)(DiscoveredService const*), unsigned short, unsigned short)
 .text._ZL38sd_ble_gattc_primary_services_discoverttPK10ble_uuid_t
                0x000215f4        0x4 ym/ble-nrf51822/source/ble-nrf51822.a(nRF5xGattClient.cpp.o)
 .text._ZL17sd_ble_gattc_readttt
                0x000215f8        0x4 ym/ble-nrf51822/source/ble-nrf51822.a(nRF5xGattClient.cpp.o)
 .text._ZL18sd_ble_gattc_writetPK24ble_gattc_write_params_t
                0x000215fc        0x4 ym/ble-nrf51822/source/ble-nrf51822.a(nRF5xGattClient.cpp.o)
 .text._ZNK21nRF5xServiceDiscovery8isActiveEv
                0x00021600        0xc ym/ble-nrf51822/source/ble-nrf51822.a(nRF5xGattClient.cpp.o)
                0x00021600                nRF5xServiceDiscovery::isActive() const
 .text._ZN21nRF5xServiceDiscovery13onTerminationEPFvtE
                0x0002160c        0x6 ym/ble-nrf51822/source/ble-nrf51822.a(nRF5xGattClient.cpp.o)
                0x0002160c                nRF5xServiceDiscovery::onTermination(void (*)(unsigned short))
 .text._ZN15nRF5xGattClient29onServiceDiscoveryTerminationEPFvtE
                0x00021612        0x6 ym/ble-nrf51822/source/ble-nrf51822.a(nRF5xGattClient.cpp.o)
                0x00021612                nRF5xGattClient::onServiceDiscoveryTermination(void (*)(unsigned short))
 .text._ZNK15nRF5xGattClient24isServiceDiscoveryActiveEv
                0x00021618        0xc ym/ble-nrf51822/source/ble-nrf51822.a(nRF5xGattClient.cpp.o)
                0x00021618                nRF5xGattClient::isServiceDiscoveryActive() const
 .text._ZNK15nRF5xGattClient4readEttt
                0x00021624       0x20 ym/ble-nrf51822/source/ble-nrf51822.a(nRF5xGattClient.cpp.o)
                0x00021624                nRF5xGattClient::read(unsigned short, unsigned short, unsigned short) const
 .text._ZN15nRF5xGattClient22launchServiceDiscoveryEtPFvPK17DiscoveredServiceEPFvPK24DiscoveredCharacteristicERK4UUIDSC_
                0x00021644       0x12 ym/ble-nrf51822/source/ble-nrf51822.a(nRF5xGattClient.cpp.o)
                0x00021644                nRF5xGattClient::launchServiceDiscovery(unsigned short, void (*)(DiscoveredService const*), void (*)(DiscoveredCharacteristic const*), UUID const&, UUID const&)
 .text._ZN4UUIDC2Et
                0x00021656       0x1a ym/ble-nrf51822/source/ble-nrf51822.a(nRF5xGattClient.cpp.o)
                0x00021656                UUID::UUID(unsigned short)
                0x00021656                UUID::UUID(unsigned short)
 .text._ZN10GattClient16discoverServicesEtPFvPK17DiscoveredServiceERK4UUID
                0x00021670       0x2e ym/ble-nrf51822/source/ble-nrf51822.a(nRF5xGattClient.cpp.o)
                0x00021670                GattClient::discoverServices(unsigned short, void (*)(DiscoveredService const*), UUID const&)
 .text._ZN21nRF5xServiceDiscovery25terminateServiceDiscoveryEv
                0x0002169e       0x24 ym/ble-nrf51822/source/ble-nrf51822.a(nRF5xGattClient.cpp.o)
                0x0002169e                nRF5xServiceDiscovery::terminateServiceDiscovery()
 .text._ZN21nRF5xServiceDiscovery9terminateEv
                0x000216c2        0x8 ym/ble-nrf51822/source/ble-nrf51822.a(nRF5xGattClient.cpp.o)
                0x000216c2                nRF5xServiceDiscovery::terminate()
 .text._ZN15nRF5xGattClient25terminateServiceDiscoveryEv
                0x000216ca        0xa ym/ble-nrf51822/source/ble-nrf51822.a(nRF5xGattClient.cpp.o)
                0x000216ca                nRF5xGattClient::terminateServiceDiscovery()
 .text._ZN15SecurityManager24onSecuritySetupInitiatedEPFvtbbNS_24SecurityIOCapabilities_tEE
                0x000216d4        0x4 ym/ble-nrf51822/source/ble-nrf51822.a(nRF5xSecurityManager.cpp.o)
                0x000216d4                SecurityManager::onSecuritySetupInitiated(void (*)(unsigned short, bool, bool, SecurityManager::SecurityIOCapabilities_t))
 .text._ZN15SecurityManager24onSecuritySetupCompletedEPFvtNS_26SecurityCompletionStatus_tEE
                0x000216d8        0x4 ym/ble-nrf51822/source/ble-nrf51822.a(nRF5xSecurityManager.cpp.o)
                0x000216d8                SecurityManager::onSecuritySetupCompleted(void (*)(unsigned short, SecurityManager::SecurityCompletionStatus_t))
 .text._ZN15SecurityManager13onLinkSecuredEPFvtNS_14SecurityMode_tEE
                0x000216dc        0x4 ym/ble-nrf51822/source/ble-nrf51822.a(nRF5xSecurityManager.cpp.o)
                0x000216dc                SecurityManager::onLinkSecured(void (*)(unsigned short, SecurityManager::SecurityMode_t))
 .text._ZN15SecurityManager23onSecurityContextStoredEPFvtE
                0x000216e0        0x4 ym/ble-nrf51822/source/ble-nrf51822.a(nRF5xSecurityManager.cpp.o)
                0x000216e0                SecurityManager::onSecurityContextStored(void (*)(unsigned short))
 .text._ZN15SecurityManager16onPasskeyDisplayEPFvtPKhE
                0x000216e4        0x4 ym/ble-nrf51822/source/ble-nrf51822.a(nRF5xSecurityManager.cpp.o)
                0x000216e4                SecurityManager::onPasskeyDisplay(void (*)(unsigned short, unsigned char const*))
 .text._ZN20nRF5xSecurityManager20purgeAllBondingStateEv
                0x000216e8        0x8 ym/ble-nrf51822/source/ble-nrf51822.a(nRF5xSecurityManager.cpp.o)
                0x000216e8                nRF5xSecurityManager::purgeAllBondingState()
 .text._ZN20nRF5xSecurityManager15getLinkSecurityEtPN15SecurityManager20LinkSecurityStatus_tE
                0x000216f0        0xc ym/ble-nrf51822/source/ble-nrf51822.a(nRF5xSecurityManager.cpp.o)
                0x000216f0                nRF5xSecurityManager::getLinkSecurity(unsigned short, SecurityManager::LinkSecurityStatus_t*)
 .text._ZN20nRF5xSecurityManager4initEbbN15SecurityManager24SecurityIOCapabilities_tEPKh
                0x000216fc       0x10 ym/ble-nrf51822/source/ble-nrf51822.a(nRF5xSecurityManager.cpp.o)
                0x000216fc                nRF5xSecurityManager::init(bool, bool, SecurityManager::SecurityIOCapabilities_t, unsigned char const*)
 .text.sd_ble_gap_address_set
                0x0002170c        0x4 ym/ble-nrf51822/source/ble-nrf51822.a(btle.cpp.o)
 .text.sd_ble_gap_address_get
                0x00021710        0x4 ym/ble-nrf51822/source/ble-nrf51822.a(btle.cpp.o)
 .text.sd_ble_enable
                0x00021714        0x4 ym/ble-nrf51822/source/ble-nrf51822.a(btle.cpp.o)
 .text._ZL16sys_evt_dispatchm
                0x00021718        0x8 ym/ble-nrf51822/source/ble-nrf51822.a(btle.cpp.o)
 .text._ZL12eventHandlerv
                0x00021720        0xa ym/ble-nrf51822/source/ble-nrf51822.a(btle.cpp.o)
 .text.assert_nrf_callback
                0x0002172a        0x2 ym/ble-nrf51822/source/ble-nrf51822.a(btle.cpp.o)
                0x0002172a                assert_nrf_callback
 .text._ZL22sd_ble_gap_address_sethPK14ble_gap_addr_t
                0x0002172c        0x4 ym/ble-nrf51822/source/ble-nrf51822.a(nRF5xGap.cpp.o)
 .text._ZL22sd_ble_gap_address_getP14ble_gap_addr_t
                0x00021730        0x4 ym/ble-nrf51822/source/ble-nrf51822.a(nRF5xGap.cpp.o)
 .text._ZL23sd_ble_gap_adv_data_setPKhhS0_h
                0x00021734        0x4 ym/ble-nrf51822/source/ble-nrf51822.a(nRF5xGap.cpp.o)
 .text._ZL20sd_ble_gap_adv_startPK20ble_gap_adv_params_t
                0x00021738        0x4 ym/ble-nrf51822/source/ble-nrf51822.a(nRF5xGap.cpp.o)
 .text._ZL19sd_ble_gap_adv_stopv
                0x0002173c        0x4 ym/ble-nrf51822/source/ble-nrf51822.a(nRF5xGap.cpp.o)
 .text._ZL28sd_ble_gap_conn_param_updatetPK21ble_gap_conn_params_t
                0x00021740        0x4 ym/ble-nrf51822/source/ble-nrf51822.a(nRF5xGap.cpp.o)
 .text._ZL21sd_ble_gap_disconnectth
                0x00021744        0x4 ym/ble-nrf51822/source/ble-nrf51822.a(nRF5xGap.cpp.o)
 .text._ZL23sd_ble_gap_tx_power_seta
                0x00021748        0x4 ym/ble-nrf51822/source/ble-nrf51822.a(nRF5xGap.cpp.o)
 .text._ZL25sd_ble_gap_appearance_sett
                0x0002174c        0x4 ym/ble-nrf51822/source/ble-nrf51822.a(nRF5xGap.cpp.o)
 .text._ZL25sd_ble_gap_appearance_getPt
                0x00021750        0x4 ym/ble-nrf51822/source/ble-nrf51822.a(nRF5xGap.cpp.o)
 .text._ZL19sd_ble_gap_ppcp_setPK21ble_gap_conn_params_t
                0x00021754        0x4 ym/ble-nrf51822/source/ble-nrf51822.a(nRF5xGap.cpp.o)
 .text._ZL19sd_ble_gap_ppcp_getP21ble_gap_conn_params_t
                0x00021758        0x4 ym/ble-nrf51822/source/ble-nrf51822.a(nRF5xGap.cpp.o)
 .text._ZL26sd_ble_gap_device_name_setPK23ble_gap_conn_sec_mode_tPKht
                0x0002175c        0x4 ym/ble-nrf51822/source/ble-nrf51822.a(nRF5xGap.cpp.o)
 .text._ZL26sd_ble_gap_device_name_getPhPt
                0x00021760        0x4 ym/ble-nrf51822/source/ble-nrf51822.a(nRF5xGap.cpp.o)
 .text._ZL21sd_ble_gap_scan_startPK21ble_gap_scan_params_t
                0x00021764        0x4 ym/ble-nrf51822/source/ble-nrf51822.a(nRF5xGap.cpp.o)
 .text._ZL20sd_ble_gap_scan_stopv
                0x00021768        0x4 ym/ble-nrf51822/source/ble-nrf51822.a(nRF5xGap.cpp.o)
 .text._ZL18sd_ble_gap_connectPK14ble_gap_addr_tPK21ble_gap_scan_params_tPK21ble_gap_conn_params_t
                0x0002176c        0x4 ym/ble-nrf51822/source/ble-nrf51822.a(nRF5xGap.cpp.o)
 .text._ZN3Gap10setAddressENS_13AddressType_tEPKh
                0x00021770        0x4 ym/ble-nrf51822/source/ble-nrf51822.a(nRF5xGap.cpp.o)
                0x00021770                Gap::setAddress(Gap::AddressType_t, unsigned char const*)
 .text._ZN3Gap10getAddressEPNS_13AddressType_tEPh
                0x00021774        0x4 ym/ble-nrf51822/source/ble-nrf51822.a(nRF5xGap.cpp.o)
                0x00021774                Gap::getAddress(Gap::AddressType_t*, unsigned char*)
 .text._ZNK3Gap25getMinAdvertisingIntervalEv
                0x00021778        0x4 ym/ble-nrf51822/source/ble-nrf51822.a(nRF5xGap.cpp.o)
                0x00021778                Gap::getMinAdvertisingInterval() const
 .text._ZNK3Gap39getMinNonConnectableAdvertisingIntervalEv
                0x0002177c        0x4 ym/ble-nrf51822/source/ble-nrf51822.a(nRF5xGap.cpp.o)
                0x0002177c                Gap::getMinNonConnectableAdvertisingInterval() const
 .text._ZN3Gap15stopAdvertisingEv
                0x00021780        0x4 ym/ble-nrf51822/source/ble-nrf51822.a(nRF5xGap.cpp.o)
                0x00021780                Gap::stopAdvertising()
 .text._ZN3Gap8stopScanEv
                0x00021784        0x4 ym/ble-nrf51822/source/ble-nrf51822.a(nRF5xGap.cpp.o)
                0x00021784                Gap::stopScan()
 .text._ZN3Gap7connectEPKhNS_13AddressType_tEPKNS_18ConnectionParams_tEPK17GapScanningParams
                0x00021788        0x4 ym/ble-nrf51822/source/ble-nrf51822.a(nRF5xGap.cpp.o)
                0x00021788                Gap::connect(unsigned char const*, Gap::AddressType_t, Gap::ConnectionParams_t const*, GapScanningParams const*)
 .text._ZN3Gap10disconnectEtNS_21DisconnectionReason_tE
                0x0002178c        0x4 ym/ble-nrf51822/source/ble-nrf51822.a(nRF5xGap.cpp.o)
                0x0002178c                Gap::disconnect(unsigned short, Gap::DisconnectionReason_t)
 .text._ZN3Gap10disconnectENS_21DisconnectionReason_tE
                0x00021790        0x4 ym/ble-nrf51822/source/ble-nrf51822.a(nRF5xGap.cpp.o)
                0x00021790                Gap::disconnect(Gap::DisconnectionReason_t)
 .text._ZN3Gap28getPreferredConnectionParamsEPNS_18ConnectionParams_tE
                0x00021794        0x4 ym/ble-nrf51822/source/ble-nrf51822.a(nRF5xGap.cpp.o)
                0x00021794                Gap::getPreferredConnectionParams(Gap::ConnectionParams_t*)
 .text._ZN3Gap28setPreferredConnectionParamsEPKNS_18ConnectionParams_tE
                0x00021798        0x4 ym/ble-nrf51822/source/ble-nrf51822.a(nRF5xGap.cpp.o)
                0x00021798                Gap::setPreferredConnectionParams(Gap::ConnectionParams_t const*)
 .text._ZN3Gap22updateConnectionParamsEtPKNS_18ConnectionParams_tE
                0x0002179c        0x4 ym/ble-nrf51822/source/ble-nrf51822.a(nRF5xGap.cpp.o)
                0x0002179c                Gap::updateConnectionParams(unsigned short, Gap::ConnectionParams_t const*)
 .text._ZN3Gap13setDeviceNameEPKh
                0x000217a0        0x4 ym/ble-nrf51822/source/ble-nrf51822.a(nRF5xGap.cpp.o)
                0x000217a0                Gap::setDeviceName(unsigned char const*)
 .text._ZN3Gap13getDeviceNameEPhPj
                0x000217a4        0x4 ym/ble-nrf51822/source/ble-nrf51822.a(nRF5xGap.cpp.o)
                0x000217a4                Gap::getDeviceName(unsigned char*, unsigned int*)
 .text._ZN3Gap13setAppearanceEN18GapAdvertisingData12Appearance_tE
                0x000217a8        0x4 ym/ble-nrf51822/source/ble-nrf51822.a(nRF5xGap.cpp.o)
                0x000217a8                Gap::setAppearance(GapAdvertisingData::Appearance_t)
 .text._ZN3Gap13getAppearanceEPN18GapAdvertisingData12Appearance_tE
                0x000217ac        0x4 ym/ble-nrf51822/source/ble-nrf51822.a(nRF5xGap.cpp.o)
                0x000217ac                Gap::getAppearance(GapAdvertisingData::Appearance_t*)
 .text._ZN3Gap10setTxPowerEa
                0x000217b0        0x4 ym/ble-nrf51822/source/ble-nrf51822.a(nRF5xGap.cpp.o)
                0x000217b0                Gap::setTxPower(signed char)
 .text._ZN3Gap25getPermittedTxPowerValuesEPPKaPj
                0x000217b4        0x6 ym/ble-nrf51822/source/ble-nrf51822.a(nRF5xGap.cpp.o)
                0x000217b4                Gap::getPermittedTxPowerValues(signed char const**, unsigned int*)
 .text._ZN3Gap14startRadioScanERK17GapScanningParams
                0x000217ba        0x4 ym/ble-nrf51822/source/ble-nrf51822.a(nRF5xGap.cpp.o)
                0x000217ba                Gap::startRadioScan(GapScanningParams const&)
 .text._ZN3Gap21initRadioNotificationEv
                0x000217be        0x4 ym/ble-nrf51822/source/ble-nrf51822.a(nRF5xGap.cpp.o)
                0x000217be                Gap::initRadioNotification()
 .text._ZNK8nRF5xGap25getMinAdvertisingIntervalEv
                0x000217c2        0x4 ym/ble-nrf51822/source/ble-nrf51822.a(nRF5xGap.cpp.o)
                0x000217c2                nRF5xGap::getMinAdvertisingInterval() const
 .text._ZNK8nRF5xGap39getMinNonConnectableAdvertisingIntervalEv
                0x000217c6        0x4 ym/ble-nrf51822/source/ble-nrf51822.a(nRF5xGap.cpp.o)
                0x000217c6                nRF5xGap::getMinNonConnectableAdvertisingInterval() const
 .text._ZNK8nRF5xGap25getMaxAdvertisingIntervalEv
                0x000217ca        0x6 ym/ble-nrf51822/source/ble-nrf51822.a(nRF5xGap.cpp.o)
                0x000217ca                nRF5xGap::getMaxAdvertisingInterval() const
 .text._ZN8nRF5xGap14startRadioScanERK17GapScanningParams
                0x000217d0       0x3a ym/ble-nrf51822/source/ble-nrf51822.a(nRF5xGap.cpp.o)
                0x000217d0                nRF5xGap::startRadioScan(GapScanningParams const&)
 .text._ZN8nRF5xGap8stopScanEv
                0x0002180a       0x10 ym/ble-nrf51822/source/ble-nrf51822.a(nRF5xGap.cpp.o)
                0x0002180a                nRF5xGap::stopScan()
 .text._ZN8nRF5xGap15stopAdvertisingEv
                0x0002181a       0x20 ym/ble-nrf51822/source/ble-nrf51822.a(nRF5xGap.cpp.o)
                0x0002181a                nRF5xGap::stopAdvertising()
 .text._ZN8nRF5xGap10disconnectEtN3Gap21DisconnectionReason_tE
                0x0002183a       0x2c ym/ble-nrf51822/source/ble-nrf51822.a(nRF5xGap.cpp.o)
                0x0002183a                nRF5xGap::disconnect(unsigned short, Gap::DisconnectionReason_t)
 .text._ZN8nRF5xGap10disconnectEN3Gap21DisconnectionReason_tE
                0x00021866       0x12 ym/ble-nrf51822/source/ble-nrf51822.a(nRF5xGap.cpp.o)
                0x00021866                nRF5xGap::disconnect(Gap::DisconnectionReason_t)
 .text._ZN8nRF5xGap28getPreferredConnectionParamsEPN3Gap18ConnectionParams_tE
                0x00021878       0x16 ym/ble-nrf51822/source/ble-nrf51822.a(nRF5xGap.cpp.o)
                0x00021878                nRF5xGap::getPreferredConnectionParams(Gap::ConnectionParams_t*)
 .text._ZN8nRF5xGap28setPreferredConnectionParamsEPKN3Gap18ConnectionParams_tE
                0x0002188e       0x16 ym/ble-nrf51822/source/ble-nrf51822.a(nRF5xGap.cpp.o)
                0x0002188e                nRF5xGap::setPreferredConnectionParams(Gap::ConnectionParams_t const*)
 .text._ZN8nRF5xGap22updateConnectionParamsEtPKN3Gap18ConnectionParams_tE
                0x000218a4       0x14 ym/ble-nrf51822/source/ble-nrf51822.a(nRF5xGap.cpp.o)
                0x000218a4                nRF5xGap::updateConnectionParams(unsigned short, Gap::ConnectionParams_t const*)
 .text._ZN8nRF5xGap10getAddressEPN3Gap13AddressType_tEPh
                0x000218b8       0x32 ym/ble-nrf51822/source/ble-nrf51822.a(nRF5xGap.cpp.o)
                0x000218b8                nRF5xGap::getAddress(Gap::AddressType_t*, unsigned char*)
 .text._ZN8nRF5xGap13getDeviceNameEPhPj
                0x000218ea       0x14 ym/ble-nrf51822/source/ble-nrf51822.a(nRF5xGap.cpp.o)
                0x000218ea                nRF5xGap::getDeviceName(unsigned char*, unsigned int*)
 .text._ZN8nRF5xGap13setAppearanceEN18GapAdvertisingData12Appearance_tE
                0x000218fe       0x12 ym/ble-nrf51822/source/ble-nrf51822.a(nRF5xGap.cpp.o)
                0x000218fe                nRF5xGap::setAppearance(GapAdvertisingData::Appearance_t)
 .text._ZN8nRF5xGap13getAppearanceEPN18GapAdvertisingData12Appearance_tE
                0x00021910       0x12 ym/ble-nrf51822/source/ble-nrf51822.a(nRF5xGap.cpp.o)
                0x00021910                nRF5xGap::getAppearance(GapAdvertisingData::Appearance_t*)
 .text._ZN8nRF5xGap10setTxPowerEa
                0x00021922       0x1a ym/ble-nrf51822/source/ble-nrf51822.a(nRF5xGap.cpp.o)
                0x00021922                nRF5xGap::setTxPower(signed char)
 .text._ZN8nRF5xGap13setDeviceNameEPKh
                0x0002193c       0x24 ym/ble-nrf51822/source/ble-nrf51822.a(nRF5xGap.cpp.o)
                0x0002193c                nRF5xGap::setDeviceName(unsigned char const*)
 .text._ZN8nRF5xGap10setAddressEN3Gap13AddressType_tEPKh
                0x00021960       0x2a ym/ble-nrf51822/source/ble-nrf51822.a(nRF5xGap.cpp.o)
                0x00021960                nRF5xGap::setAddress(Gap::AddressType_t, unsigned char const*)
 .text._ZN8nRF5xGap18setAdvertisingDataERK18GapAdvertisingDataS2_
                0x0002198a       0x2e ym/ble-nrf51822/source/ble-nrf51822.a(nRF5xGap.cpp.o)
                0x0002198a                nRF5xGap::setAdvertisingData(GapAdvertisingData const&, GapAdvertisingData const&)
 .text._ZN18GapAdvertisingDataC2Ev
                0x000219b8       0x1a ym/ble-nrf51822/source/ble-nrf51822.a(nRF5xGap.cpp.o)
                0x000219b8                GapAdvertisingData::GapAdvertisingData()
                0x000219b8                GapAdvertisingData::GapAdvertisingData()
 .text._ZN18GapAdvertisingData5clearEv
                0x000219d2       0x12 ym/ble-nrf51822/source/ble-nrf51822.a(nRF5xGap.cpp.o)
                0x000219d2                GapAdvertisingData::clear()
 .text._Z31radioNotificationStaticCallbackb
                0x000219e4       0x34 ym/ble-nrf51822/source/ble-nrf51822.a(nRF5xGap.cpp.o)
                0x000219e4                radioNotificationStaticCallback(bool)
 .text._ZN8nRF5xGap19setConnectionHandleEt
                0x00021a18        0x6 ym/ble-nrf51822/source/ble-nrf51822.a(nRF5xGap.cpp.o)
                0x00021a18                nRF5xGap::setConnectionHandle(unsigned short)
 .text._ZN8nRF5xGap19getConnectionHandleEv
                0x00021a1e        0x6 ym/ble-nrf51822/source/ble-nrf51822.a(nRF5xGap.cpp.o)
                0x00021a1e                nRF5xGap::getConnectionHandle()
 .text.sd_ble_opt_set
                0x00021a24        0x4 ym/ble-nrf51822/source/ble-nrf51822.a(btle_security.cpp.o)
 .text.sd_nvic_EnableIRQ
                0x00021a28        0x4 ym/ble-nrf51822/source/ble-nrf51822.a(ble_radio_notification.c.o)
 .text.sd_nvic_ClearPendingIRQ
                0x00021a2c        0x4 ym/ble-nrf51822/source/ble-nrf51822.a(ble_radio_notification.c.o)
 .text.sd_nvic_SetPriority
                0x00021a30        0x4 ym/ble-nrf51822/source/ble-nrf51822.a(ble_radio_notification.c.o)
 .text.sd_radio_notification_cfg_set
                0x00021a34        0x4 ym/ble-nrf51822/source/ble-nrf51822.a(ble_radio_notification.c.o)
 .text._Z20bleGattcEventHandlerPK9ble_evt_t
                0x00021a38       0xf6 ym/ble-nrf51822/source/ble-nrf51822.a(btle_discovery.cpp.o)
                0x00021a38                bleGattcEventHandler(ble_evt_t const*)
 .text.sd_nvic_EnableIRQ
                0x00021b2e        0x4 ym/ble-nrf51822/source/ble-nrf51822.a(softdevice_handler.c.o)
 .text.sd_evt_get
                0x00021b32        0x4 ym/ble-nrf51822/source/ble-nrf51822.a(softdevice_handler.c.o)
 .text.sd_softdevice_enable
                0x00021b36        0x4 ym/ble-nrf51822/source/ble-nrf51822.a(softdevice_handler.c.o)
 .text.sd_softdevice_disable
                0x00021b3a        0x4 ym/ble-nrf51822/source/ble-nrf51822.a(softdevice_handler.c.o)
 .text.sd_ble_evt_get
                0x00021b3e        0x4 ym/ble-nrf51822/source/ble-nrf51822.a(softdevice_handler.c.o)
 .text.softdevice_assertion_handler
                0x00021b42        0xc ym/ble-nrf51822/source/ble-nrf51822.a(softdevice_handler.c.o)
                0x00021b42                softdevice_assertion_handler
 .text._ZL31sd_ble_gatts_characteristic_addtPK19ble_gatts_char_md_tPK16ble_gatts_attr_tP24ble_gatts_char_handles_t
                0x00021b4e        0x4 ym/ble-nrf51822/source/ble-nrf51822.a(custom_helper.cpp.o)
 .text._ZL27sd_ble_gatts_descriptor_addtPK16ble_gatts_attr_tPt
                0x00021b52        0x4 ym/ble-nrf51822/source/ble-nrf51822.a(custom_helper.cpp.o)
 .text._ZL18sd_ble_uuid_vs_addPK13ble_uuid128_tPh
                0x00021b56        0x4 ym/ble-nrf51822/source/ble-nrf51822.a(custom_helper.cpp.o)
 .text.custom_add_uuid_base
                0x00021b5a       0x30 ym/ble-nrf51822/source/ble-nrf51822.a(custom_helper.cpp.o)
                0x00021b5a                custom_add_uuid_base
 .text.custom_add_in_characteristic
                0x00021b8a      0x15e ym/ble-nrf51822/source/ble-nrf51822.a(custom_helper.cpp.o)
                0x00021b8a                custom_add_in_characteristic
 .text.custom_add_in_descriptor
                0x00021ce8       0x58 ym/ble-nrf51822/source/ble-nrf51822.a(custom_helper.cpp.o)
                0x00021ce8                custom_add_in_descriptor
 .text._ZL38sd_ble_gattc_primary_services_discoverttPK10ble_uuid_t
                0x00021d40        0x4 ym/ble-nrf51822/source/ble-nrf51822.a(nRF5xServiceDiscovery.cpp.o)
 .text._ZL37sd_ble_gattc_characteristics_discovertPK24ble_gattc_handle_range_t
                0x00021d44        0x4 ym/ble-nrf51822/source/ble-nrf51822.a(nRF5xServiceDiscovery.cpp.o)
 .text._ZL36sd_ble_gattc_char_value_by_uuid_readtPK10ble_uuid_tPK24ble_gattc_handle_range_t
                0x00021d48        0x4 ym/ble-nrf51822/source/ble-nrf51822.a(nRF5xServiceDiscovery.cpp.o)
 .text._ZN21nRF5xServiceDiscovery32terminateCharacteristicDiscoveryEv
                0x00021d4c       0x18 ym/ble-nrf51822/source/ble-nrf51822.a(nRF5xServiceDiscovery.cpp.o)
                0x00021d4c                nRF5xServiceDiscovery::terminateCharacteristicDiscovery()
 .text._ZN21nRF5xServiceDiscovery25ServiceUUIDDiscoveryQueue7dequeueEv
                0x00021d64       0x24 ym/ble-nrf51822/source/ble-nrf51822.a(nRF5xServiceDiscovery.cpp.o)
                0x00021d64                nRF5xServiceDiscovery::ServiceUUIDDiscoveryQueue::dequeue()
 .text._ZN21nRF5xServiceDiscovery22CharUUIDDiscoveryQueue7dequeueEv
                0x00021d88       0x24 ym/ble-nrf51822/source/ble-nrf51822.a(nRF5xServiceDiscovery.cpp.o)
                0x00021d88                nRF5xServiceDiscovery::CharUUIDDiscoveryQueue::dequeue()
 .text._ZN21nRF5xServiceDiscovery31progressCharacteristicDiscoveryEv
                0x00021dac       0xc2 ym/ble-nrf51822/source/ble-nrf51822.a(nRF5xServiceDiscovery.cpp.o)
                0x00021dac                nRF5xServiceDiscovery::progressCharacteristicDiscovery()
 .text._ZN21nRF5xServiceDiscovery23setupDiscoveredServicesEPK34ble_gattc_evt_prim_srvc_disc_rsp_t
                0x00021e6e       0xac ym/ble-nrf51822/source/ble-nrf51822.a(nRF5xServiceDiscovery.cpp.o)
                0x00021e6e                nRF5xServiceDiscovery::setupDiscoveredServices(ble_gattc_evt_prim_srvc_disc_rsp_t const*)
 .text._ZN21nRF5xServiceDiscovery30setupDiscoveredCharacteristicsEPK29ble_gattc_evt_char_disc_rsp_t
                0x00021f1a       0xbe ym/ble-nrf51822/source/ble-nrf51822.a(nRF5xServiceDiscovery.cpp.o)
                0x00021f1a                nRF5xServiceDiscovery::setupDiscoveredCharacteristics(ble_gattc_evt_char_disc_rsp_t const*)
 .text._ZL23sd_ble_gap_tx_power_seta
                0x00021fd8        0x4 ym/ble-nrf51822/source/ble-nrf51822.a(btle_gap.cpp.o)
 .text._ZL25sd_ble_gap_appearance_sett
                0x00021fdc        0x4 ym/ble-nrf51822/source/ble-nrf51822.a(btle_gap.cpp.o)
 .text._ZL19sd_ble_gap_ppcp_setPK21ble_gap_conn_params_t
                0x00021fe0        0x4 ym/ble-nrf51822/source/ble-nrf51822.a(btle_gap.cpp.o)
 .text._ZL26sd_ble_gap_device_name_setPK23ble_gap_conn_sec_mode_tPKht
                0x00021fe4        0x4 ym/ble-nrf51822/source/ble-nrf51822.a(btle_gap.cpp.o)
 .text.sd_flash_write
                0x00021fe8        0x4 ym/ble-nrf51822/source/ble-nrf51822.a(pstorage.c.o)
 .text.sd_flash_page_erase
                0x00021fec        0x4 ym/ble-nrf51822/source/ble-nrf51822.a(pstorage.c.o)
 .text.sd_ble_gap_sec_params_reply
                0x00021ff0        0x4 ym/ble-nrf51822/source/ble-nrf51822.a(device_manager_peripheral.c.o)
 .text.sd_ble_gap_sec_info_reply
                0x00021ff4        0x4 ym/ble-nrf51822/source/ble-nrf51822.a(device_manager_peripheral.c.o)
 .text.sd_ble_gatts_service_changed
                0x00021ff8        0x4 ym/ble-nrf51822/source/ble-nrf51822.a(device_manager_peripheral.c.o)
 .text.sd_ble_gatts_sys_attr_set
                0x00021ffc        0x4 ym/ble-nrf51822/source/ble-nrf51822.a(device_manager_peripheral.c.o)
 .text.sd_ble_gatts_sys_attr_get
                0x00022000        0x4 ym/ble-nrf51822/source/ble-nrf51822.a(device_manager_peripheral.c.o)
 .text.storage_operation_dummy_handler
                0x00022004        0x4 ym/ble-nrf51822/source/ble-nrf51822.a(device_manager_peripheral.c.o)
 .text.no_service_context_store
                0x00022008        0x4 ym/ble-nrf51822/source/ble-nrf51822.a(device_manager_peripheral.c.o)
 .text.gattc_context_store
                0x0002200c        0x4 ym/ble-nrf51822/source/ble-nrf51822.a(device_manager_peripheral.c.o)
 .text.no_service_context_load
                0x00022010        0x4 ym/ble-nrf51822/source/ble-nrf51822.a(device_manager_peripheral.c.o)
 .text.gattc_context_load
                0x00022014        0x4 ym/ble-nrf51822/source/ble-nrf51822.a(device_manager_peripheral.c.o)
 .text.no_service_context_apply
                0x00022018        0x4 ym/ble-nrf51822/source/ble-nrf51822.a(device_manager_peripheral.c.o)
 .text.gattc_context_apply
                0x0002201c        0x4 ym/ble-nrf51822/source/ble-nrf51822.a(device_manager_peripheral.c.o)
 .text.gattsc_context_store
                0x00022020        0x8 ym/ble-nrf51822/source/ble-nrf51822.a(device_manager_peripheral.c.o)
 .text.gattsc_context_apply
                0x00022028        0x8 ym/ble-nrf51822/source/ble-nrf51822.a(device_manager_peripheral.c.o)
 .text.gattsc_context_load
                0x00022030        0x8 ym/ble-nrf51822/source/ble-nrf51822.a(device_manager_peripheral.c.o)
 .text._ZN29nRF5xDiscoveredCharacteristic5setupEP15nRF5xGattClientt21ble_gatt_char_props_ttt
                0x00022038       0x6c ym/ble-nrf51822/source/ble-nrf51822.a(nRF5xDiscoveredCharacteristic.cpp.o)
                0x00022038                nRF5xDiscoveredCharacteristic::setup(nRF5xGattClient*, unsigned short, ble_gatt_char_props_t, unsigned short, unsigned short)
 .text._ZN29nRF5xDiscoveredCharacteristic5setupEP15nRF5xGattClienttt21ble_gatt_char_props_ttt
                0x000220a4       0xa0 ym/ble-nrf51822/source/ble-nrf51822.a(nRF5xDiscoveredCharacteristic.cpp.o)
                0x000220a4                nRF5xDiscoveredCharacteristic::setup(nRF5xGattClient*, unsigned short, unsigned short, ble_gatt_char_props_t, unsigned short, unsigned short)
 .text._ZN4mbed9CallChain5clearEv
                0x00022144       0x26 ym/mbed-classic/existing/mbed-classic.a(CallChain.cpp.o)
                0x00022144                mbed::CallChain::clear()
 .text._ZN4mbed9CallChainD0Ev
                0x0002216a       0x12 ym/mbed-classic/existing/mbed-classic.a(CallChain.cpp.o)
                0x0002216a                mbed::CallChain::~CallChain()
 .text._ZN4mbed9CallChain4callEv
                0x0002217c       0x32 ym/mbed-classic/existing/mbed-classic.a(CallChain.cpp.o)
                0x0002217c                mbed::CallChain::call()
 .text._Znwj    0x000221ae       0x24 c:/progra~2/gnutoo~1/4bd65~1.920/bin/../lib/gcc/arm-none-eabi/4.9.3/../../../../arm-none-eabi/lib/armv6-m\libstdc++_nano.a(new_op.o)
                0x000221ae                operator new(unsigned int)
 .text._ZdlPv   0x000221d2        0x8 c:/progra~2/gnutoo~1/4bd65~1.920/bin/../lib/gcc/arm-none-eabi/4.9.3/../../../../arm-none-eabi/lib/armv6-m\libstdc++_nano.a(del_op.o)
                0x000221d2                operator delete(void*)
 .text.__aeabi_atexit
                0x000221da        0xe c:/progra~2/gnutoo~1/4bd65~1.920/bin/../lib/gcc/arm-none-eabi/4.9.3/../../../../arm-none-eabi/lib/armv6-m\libstdc++_nano.a(atexit_arm.o)
                0x000221da                __aeabi_atexit
 .text._Znaj    0x000221e8        0x8 c:/progra~2/gnutoo~1/4bd65~1.920/bin/../lib/gcc/arm-none-eabi/4.9.3/../../../../arm-none-eabi/lib/armv6-m\libstdc++_nano.a(new_opv.o)
                0x000221e8                operator new[](unsigned int)
 .text.abort    0x000221f0        0xe c:/progra~2/gnutoo~1/4bd65~1.920/bin/../lib/gcc/arm-none-eabi/4.9.3/../../../../arm-none-eabi/lib/armv6-m\libc_nano.a(lib_a-abort.o)
                0x000221f0                abort
 .text.__sfmoreglue
                0x000221fe       0x2c c:/progra~2/gnutoo~1/4bd65~1.920/bin/../lib/gcc/arm-none-eabi/4.9.3/../../../../arm-none-eabi/lib/armv6-m\libc_nano.a(lib_a-findfp.o)
                0x000221fe                __sfmoreglue
 .text._fwalk   0x0002222a       0x38 c:/progra~2/gnutoo~1/4bd65~1.920/bin/../lib/gcc/arm-none-eabi/4.9.3/../../../../arm-none-eabi/lib/armv6-m\libc_nano.a(lib_a-fwalk.o)
                0x0002222a                _fwalk
 .text._fwalk_reent
                0x00022262       0x42 c:/progra~2/gnutoo~1/4bd65~1.920/bin/../lib/gcc/arm-none-eabi/4.9.3/../../../../arm-none-eabi/lib/armv6-m\libc_nano.a(lib_a-fwalk.o)
                0x00022262                _fwalk_reent
 .text.memchr   0x000222a4       0x16 c:/progra~2/gnutoo~1/4bd65~1.920/bin/../lib/gcc/arm-none-eabi/4.9.3/../../../../arm-none-eabi/lib/armv6-m\libc_nano.a(lib_a-memchr.o)
                0x000222a4                memchr
 .text.memcmp   0x000222ba       0x1e c:/progra~2/gnutoo~1/4bd65~1.920/bin/../lib/gcc/arm-none-eabi/4.9.3/../../../../arm-none-eabi/lib/armv6-m\libc_nano.a(lib_a-memcmp.o)
                0x000222ba                memcmp
 .text.memcpy   0x000222d8       0x12 c:/progra~2/gnutoo~1/4bd65~1.920/bin/../lib/gcc/arm-none-eabi/4.9.3/../../../../arm-none-eabi/lib/armv6-m\libc_nano.a(lib_a-memcpy.o)
                0x000222d8                memcpy
 .text.memmove  0x000222ea       0x28 c:/progra~2/gnutoo~1/4bd65~1.920/bin/../lib/gcc/arm-none-eabi/4.9.3/../../../../arm-none-eabi/lib/armv6-m\libc_nano.a(lib_a-memmove.o)
                0x000222ea                memmove
 .text.memset   0x00022312       0x10 c:/progra~2/gnutoo~1/4bd65~1.920/bin/../lib/gcc/arm-none-eabi/4.9.3/../../../../arm-none-eabi/lib/armv6-m\libc_nano.a(lib_a-memset.o)
                0x00022312                memset
 .text._puts_r  0x00022322       0xc2 c:/progra~2/gnutoo~1/4bd65~1.920/bin/../lib/gcc/arm-none-eabi/4.9.3/../../../../arm-none-eabi/lib/armv6-m\libc_nano.a(lib_a-puts.o)
                0x00022322                _puts_r
 .text.lflush   0x000223e4       0x18 c:/progra~2/gnutoo~1/4bd65~1.920/bin/../lib/gcc/arm-none-eabi/4.9.3/../../../../arm-none-eabi/lib/armv6-m\libc_nano.a(lib_a-refill.o)
 .text._raise_r
                0x000223fc       0x54 c:/progra~2/gnutoo~1/4bd65~1.920/bin/../lib/gcc/arm-none-eabi/4.9.3/../../../../arm-none-eabi/lib/armv6-m\libc_nano.a(lib_a-signal.o)
                0x000223fc                _raise_r
 .text._getpid_r
                0x00022450        0x8 c:/progra~2/gnutoo~1/4bd65~1.920/bin/../lib/gcc/arm-none-eabi/4.9.3/../../../../arm-none-eabi/lib/armv6-m\libc_nano.a(lib_a-signalr.o)
                0x00022450                _getpid_r
 .text.__sclose
                0x00022458        0xc c:/progra~2/gnutoo~1/4bd65~1.920/bin/../lib/gcc/arm-none-eabi/4.9.3/../../../../arm-none-eabi/lib/armv6-m\libc_nano.a(lib_a-stdio.o)
                0x00022458                __sclose
 .text.strlen   0x00022464        0xe c:/progra~2/gnutoo~1/4bd65~1.920/bin/../lib/gcc/arm-none-eabi/4.9.3/../../../../arm-none-eabi/lib/armv6-m\libc_nano.a(lib_a-strlen.o)
                0x00022464                strlen
 .text.strncpy  0x00022472       0x28 c:/progra~2/gnutoo~1/4bd65~1.920/bin/../lib/gcc/arm-none-eabi/4.9.3/../../../../arm-none-eabi/lib/armv6-m\libc_nano.a(lib_a-strncpy.o)
                0x00022472                strncpy
 .text.__sflush_r
                0x0002249a      0x112 c:/progra~2/gnutoo~1/4bd65~1.920/bin/../lib/gcc/arm-none-eabi/4.9.3/../../../../arm-none-eabi/lib/armv6-m\libc_nano.a(lib_a-fflush.o)
                0x0002249a                __sflush_r
 .text.__sfputc_r
                0x000225ac       0x2a c:/progra~2/gnutoo~1/4bd65~1.920/bin/../lib/gcc/arm-none-eabi/4.9.3/../../../../arm-none-eabi/lib/armv6-m\libc_nano.a(lib_a-nano-vfprintf.o)
 .text.__sfputs_r
                0x000225d6       0x24 c:/progra~2/gnutoo~1/4bd65~1.920/bin/../lib/gcc/arm-none-eabi/4.9.3/../../../../arm-none-eabi/lib/armv6-m\libc_nano.a(lib_a-nano-vfprintf.o)
                0x000225d6                __sfputs_r
 .text._printf_common
                0x000225fa       0xdc c:/progra~2/gnutoo~1/4bd65~1.920/bin/../lib/gcc/arm-none-eabi/4.9.3/../../../../arm-none-eabi/lib/armv6-m\libc_nano.a(lib_a-nano-vfprintf_i.o)
                0x000225fa                _printf_common
 .text.__sccl   0x000226d6       0x66 c:/progra~2/gnutoo~1/4bd65~1.920/bin/../lib/gcc/arm-none-eabi/4.9.3/../../../../arm-none-eabi/lib/armv6-m\libc_nano.a(lib_a-sccl.o)
                0x000226d6                __sccl
 .text._realloc_r
                0x0002273c       0x4c c:/progra~2/gnutoo~1/4bd65~1.920/bin/../lib/gcc/arm-none-eabi/4.9.3/../../../../arm-none-eabi/lib/armv6-m\libc_nano.a(lib_a-nano-reallocr.o)
                0x0002273c                _realloc_r
 .text._malloc_usable_size_r
                0x00022788       0x16 c:/progra~2/gnutoo~1/4bd65~1.920/bin/../lib/gcc/arm-none-eabi/4.9.3/../../../../arm-none-eabi/lib/armv6-m\libc_nano.a(lib_a-nano-msizer.o)
                0x00022788                _malloc_usable_size_r
 *(SORT(.init))
 *fill*         0x0002279e        0x2 
 .init          0x000227a0        0x4 c:/progra~2/gnutoo~1/4bd65~1.920/bin/../lib/gcc/arm-none-eabi/4.9.3/armv6-m/crti.o
                0x000227a0                _init
 .init          0x000227a4        0x8 c:/progra~2/gnutoo~1/4bd65~1.920/bin/../lib/gcc/arm-none-eabi/4.9.3/armv6-m/crtn.o
 *(SORT(.fini))
 .fini          0x000227ac        0x4 c:/progra~2/gnutoo~1/4bd65~1.920/bin/../lib/gcc/arm-none-eabi/4.9.3/armv6-m/crti.o
                0x000227ac                _fini
 .fini          0x000227b0        0x8 c:/progra~2/gnutoo~1/4bd65~1.920/bin/../lib/gcc/arm-none-eabi/4.9.3/armv6-m/crtn.o
 *crtbegin.o(SORT(.ctors))
 *crtbegin?.o(SORT(.ctors))
 *(SORT(EXCLUDE_FILE(*crtend.o *crtend?.o) .ctors))
 *(SORT(.ctors.*))
 *(SORT(.ctors))
 *crtbegin.o(SORT(.dtors))
 *crtbegin?.o(SORT(.dtors))
 *(SORT(EXCLUDE_FILE(*crtend.o *crtend?.o) .dtors))
 *(SORT(.dtors.*))
 *(SORT(.dtors))
 *(SORT(.rodata*))
 .rodata._ZTV6nRF5xn
                0x000227b8       0x40 ym/ble-nrf51822/source/ble-nrf51822.a(nRF5xn.cpp.o)
                0x000227b8                vtable for nRF5xn
 .rodata._ZTV38CallChainOfFunctionPointersWithContextIjE
                0x000227f8       0x10 ym/ble-nrf51822/source/ble-nrf51822.a(nRF5xGattServer.cpp.o)
                0x000227f8                vtable for CallChainOfFunctionPointersWithContext<unsigned int>
 .rodata._ZTV38CallChainOfFunctionPointersWithContextIPK23GattWriteCallbackParamsE
                0x00022808       0x10 ym/ble-nrf51822/source/ble-nrf51822.a(nRF5xGattServer.cpp.o)
                0x00022808                vtable for CallChainOfFunctionPointersWithContext<GattWriteCallbackParams const*>
 .rodata._ZTV38CallChainOfFunctionPointersWithContextIPK22GattReadCallbackParamsE
                0x00022818       0x10 ym/ble-nrf51822/source/ble-nrf51822.a(nRF5xGattServer.cpp.o)
                0x00022818                vtable for CallChainOfFunctionPointersWithContext<GattReadCallbackParams const*>
 .rodata._ZTV10GattServer
                0x00022828       0x28 ym/ble-nrf51822/source/ble-nrf51822.a(nRF5xGattServer.cpp.o)
                0x00022828                vtable for GattServer
 .rodata._ZTV15nRF5xGattServer
                0x00022850       0x28 ym/ble-nrf51822/source/ble-nrf51822.a(nRF5xGattServer.cpp.o)
                0x00022850                vtable for nRF5xGattServer
 .rodata._ZTV21nRF5xServiceDiscovery
                0x00022878       0x18 ym/ble-nrf51822/source/ble-nrf51822.a(nRF5xGattClient.cpp.o)
                0x00022878                vtable for nRF5xServiceDiscovery
 .rodata._ZTV15nRF5xGattClient
                0x00022890       0x28 ym/ble-nrf51822/source/ble-nrf51822.a(nRF5xGattClient.cpp.o)
                0x00022890                vtable for nRF5xGattClient
 .rodata._ZTV20nRF5xSecurityManager
                0x000228b8       0x28 ym/ble-nrf51822/source/ble-nrf51822.a(nRF5xSecurityManager.cpp.o)
                0x000228b8                vtable for nRF5xSecurityManager
 .rodata._ZTV3Gap
                0x000228e0       0x68 ym/ble-nrf51822/source/ble-nrf51822.a(nRF5xGap.cpp.o)
                0x000228e0                vtable for Gap
 .rodata._ZTV8nRF5xGap
                0x00022948       0x68 ym/ble-nrf51822/source/ble-nrf51822.a(nRF5xGap.cpp.o)
                0x00022948                vtable for nRF5xGap
 .rodata._ZTVN4mbed9CallChainE
                0x000229b0       0x10 ym/mbed-classic/existing/mbed-classic.a(CallChain.cpp.o)
                0x000229b0                vtable for mbed::CallChain
 .rodata.acceptedSpeeds
                0x000229c0       0x88 ym/mbed-classic/existing/mbed-classic.a(serial_api.c.o)
 .rodata.us_interface
                0x00022a48       0x14 ym/mbed-classic/existing/mbed-classic.a(us_ticker_api.c.o)
 .rodata.us_data
                0x00022a5c        0x8 ym/mbed-classic/existing/mbed-classic.a(us_ticker_api.c.o)
 .rodata.m_service_context_apply
                0x00022a64       0x10 ym/ble-nrf51822/source/ble-nrf51822.a(device_manager_peripheral.c.o)
                0x00022a64                m_service_context_apply
 .rodata.m_service_context_store
                0x00022a74       0x10 ym/ble-nrf51822/source/ble-nrf51822.a(device_manager_peripheral.c.o)
                0x00022a74                m_service_context_store
 .rodata.m_service_context_load
                0x00022a84       0x10 ym/ble-nrf51822/source/ble-nrf51822.a(device_manager_peripheral.c.o)
                0x00022a84                m_service_context_load
 .rodata.__sf_fake_stdin
                0x00022a94       0x20 c:/progra~2/gnutoo~1/4bd65~1.920/bin/../lib/gcc/arm-none-eabi/4.9.3/../../../../arm-none-eabi/lib/armv6-m\libc_nano.a(lib_a-findfp.o)
                0x00022a94                __sf_fake_stdin
 .rodata.__sf_fake_stdout
                0x00022ab4       0x20 c:/progra~2/gnutoo~1/4bd65~1.920/bin/../lib/gcc/arm-none-eabi/4.9.3/../../../../arm-none-eabi/lib/armv6-m\libc_nano.a(lib_a-findfp.o)
                0x00022ab4                __sf_fake_stdout
 .rodata.__sf_fake_stderr
                0x00022ad4       0x20 c:/progra~2/gnutoo~1/4bd65~1.920/bin/../lib/gcc/arm-none-eabi/4.9.3/../../../../arm-none-eabi/lib/armv6-m\libc_nano.a(lib_a-findfp.o)
                0x00022ad4                __sf_fake_stderr
 .rodata._global_impure_ptr
                0x00022af4        0x4 c:/progra~2/gnutoo~1/4bd65~1.920/bin/../lib/gcc/arm-none-eabi/4.9.3/../../../../arm-none-eabi/lib/armv6-m\libc_nano.a(lib_a-impure.o)
                0x00022af4                _global_impure_ptr
 .rodata        0x00022af8        0xc c:/progra~2/gnutoo~1/4bd65~1.920/bin/../lib/gcc/arm-none-eabi/4.9.3/../../../../arm-none-eabi/lib/armv6-m\libc_nano.a(lib_a-nano-vfscanf_i.o)
 .rodata        0x00022b04        0x8 ym/ble-nrf51822/source/ble-nrf51822.a(nRF5xServiceDiscovery.cpp.o)
 .rodata.str1.1
                0x00022b0c       0xdf source/CMakeFiles/ble-ibeacon-b.dir/C_/Users/jossla01/Documents/GitHub/BLE_iBeacon/B/source/main.cpp.o
 .rodata.str1.1
                0x00022beb       0x4a ym/ble-nrf51822/source/ble-nrf51822.a(nRF5xn.cpp.o)
 .rodata._ZZN8nRF5xGap25getPermittedTxPowerValuesEPPKaPjE17permittedTxValues
                0x00022c35        0x9 ym/ble-nrf51822/source/ble-nrf51822.a(nRF5xGap.cpp.o)
 .rodata.CSWTCH.19
                0x00022c3e        0x3 ym/ble-nrf51822/source/ble-nrf51822.a(btle_security.cpp.o)
 .rodata.str1.1
                0x00022c41        0x6 ym/ble-nrf51822/source/ble-nrf51822.a(btle_gap.cpp.o)
 .rodata.str1.1
                0x00022c47        0x2 c:/progra~2/gnutoo~1/4bd65~1.920/bin/../lib/gcc/arm-none-eabi/4.9.3/../../../../arm-none-eabi/lib/armv6-m\libc_nano.a(lib_a-impure.o)
 .rodata.str1.1
                0x00022c49       0x11 c:/progra~2/gnutoo~1/4bd65~1.920/bin/../lib/gcc/arm-none-eabi/4.9.3/../../../../arm-none-eabi/lib/armv6-m\libc_nano.a(lib_a-nano-svfprintf.o)
 .rodata.str1.1
                0x00000000       0x11 c:/progra~2/gnutoo~1/4bd65~1.920/bin/../lib/gcc/arm-none-eabi/4.9.3/../../../../arm-none-eabi/lib/armv6-m\libc_nano.a(lib_a-nano-vfprintf.o)
 .rodata.str1.1