Archive member included because of file (symbol)

ym/mbed-classic/existing/mbed-classic.a(retarget.cpp.o)
                              c:/progra~2/gnutoo~1/4bd65~1.920/bin/../lib/gcc/arm-none-eabi/4.9.3/../../../../arm-none-eabi/lib/armv6-m/crt0.o (__wrap_main)
ym/mbed-classic/existing/mbed-classic.a(board.c.o)
                              ym/mbed-classic/existing/mbed-classic.a(retarget.cpp.o) (mbed_die)
ym/mbed-classic/existing/mbed-classic.a(error.c.o)
                              ym/mbed-classic/existing/mbed-classic.a(retarget.cpp.o) (error)
ym/mbed-classic/existing/mbed-classic.a(gpio.c.o)
                              ym/mbed-classic/existing/mbed-classic.a(board.c.o) (gpio_init_out)
ym/mbed-classic/existing/mbed-classic.a(wait_api.c.o)
                              source/CMakeFiles/ble-hrm-a.dir/C_/Users/jossla01/Documents/GitHub/BLE_iBeacon/AHRM/source/main.cpp.o (wait)
ym/mbed-classic/existing/mbed-classic.a(startup_NRF51822.S.obj)
                              (Reset_Handler)
ym/mbed-classic/existing/mbed-classic.a(gpio_api.c.o)
                              ym/mbed-classic/existing/mbed-classic.a(gpio.c.o) (gpio_init)
ym/mbed-classic/existing/mbed-classic.a(pinmap.c.o)
                              ym/mbed-classic/existing/mbed-classic.a(gpio_api.c.o) (pin_mode)
ym/mbed-classic/existing/mbed-classic.a(serial_api.c.o)
                              ym/mbed-classic/existing/mbed-classic.a(retarget.cpp.o) (serial_init)
ym/mbed-classic/existing/mbed-classic.a(us_ticker.c.o)
                              ym/mbed-classic/existing/mbed-classic.a(wait_api.c.o) (us_ticker_read)
ym/mbed-classic/existing/mbed-classic.a(FilePath.cpp.o)
                              ym/mbed-classic/existing/mbed-classic.a(retarget.cpp.o) (mbed::FilePath::FilePath(char const*))
ym/mbed-classic/existing/mbed-classic.a(FileSystemLike.cpp.o)
                              ym/mbed-classic/existing/mbed-classic.a(retarget.cpp.o) (mbed::FileSystemLike::opendir())
ym/mbed-classic/existing/mbed-classic.a(us_ticker_api.c.o)
                              ym/mbed-classic/existing/mbed-classic.a(us_ticker.c.o) (us_ticker_irq_handler)
ym/mbed-classic/existing/mbed-classic.a(system_nrf51.c.o)
                              ym/mbed-classic/existing/mbed-classic.a(startup_NRF51822.S.obj) (SystemInit)
ym/mbed-classic/existing/mbed-classic.a(FileBase.cpp.o)
                              ym/mbed-classic/existing/mbed-classic.a(FileSystemLike.cpp.o) (mbed::FileBase::~FileBase())
ym/mbed-classic/existing/mbed-classic.a(ticker_api.c.o)
                              ym/mbed-classic/existing/mbed-classic.a(us_ticker_api.c.o) (ticker_irq_handler)
ym/ble/source/ble.a(BLE.cpp.o)
                              source/CMakeFiles/ble-hrm-a.dir/C_/Users/jossla01/Documents/GitHub/BLE_iBeacon/AHRM/source/main.cpp.o (BLE::init())
ym/ble-nrf51822/source/ble-nrf51822.a(nRF5xn.cpp.o)
                              source/CMakeFiles/ble-hrm-a.dir/C_/Users/jossla01/Documents/GitHub/BLE_iBeacon/AHRM/source/main.cpp.o (createBLEInstance())
ym/ble-nrf51822/source/ble-nrf51822.a(btle.cpp.o)
                              ym/ble-nrf51822/source/ble-nrf51822.a(nRF5xn.cpp.o) (btle_init)
ym/ble-nrf51822/source/ble-nrf51822.a(pstorage.c.o)
                              ym/ble-nrf51822/source/ble-nrf51822.a(btle.cpp.o) (pstorage_sys_event_handler)
ym/ble-nrf51822/source/ble-nrf51822.a(btle_discovery.cpp.o)
                              ym/ble-nrf51822/source/ble-nrf51822.a(btle.cpp.o) (bleGattcEventHandler(ble_evt_t const*))
ym/ble-nrf51822/source/ble-nrf51822.a(btle_gap.cpp.o)
                              ym/ble-nrf51822/source/ble-nrf51822.a(btle.cpp.o) (btle_gap_init())
ym/ble-nrf51822/source/ble-nrf51822.a(device_manager_peripheral.c.o)
                              ym/ble-nrf51822/source/ble-nrf51822.a(btle.cpp.o) (dm_ble_evt_handler)
ym/ble-nrf51822/source/ble-nrf51822.a(nRF5xGattClient.cpp.o)
                              ym/ble-nrf51822/source/ble-nrf51822.a(nRF5xn.cpp.o) (nRF5xGattClient::getInstance())
ym/ble-nrf51822/source/ble-nrf51822.a(nRF5xSecurityManager.cpp.o)
                              ym/ble-nrf51822/source/ble-nrf51822.a(nRF5xn.cpp.o) (nRF5xSecurityManager::getInstance())
ym/ble-nrf51822/source/ble-nrf51822.a(nRF5xGattServer.cpp.o)
                              ym/ble-nrf51822/source/ble-nrf51822.a(nRF5xn.cpp.o) (nRF5xGattServer::getInstance())
ym/ble-nrf51822/source/ble-nrf51822.a(btle_security.cpp.o)
                              ym/ble-nrf51822/source/ble-nrf51822.a(nRF5xSecurityManager.cpp.o) (btle_initializeSecurity(bool, bool, SecurityManager::SecurityIOCapabilities_t, unsigned char const*))
ym/ble-nrf51822/source/ble-nrf51822.a(nRF5xGap.cpp.o)
                              ym/ble-nrf51822/source/ble-nrf51822.a(nRF5xn.cpp.o) (nRF5xGap::getInstance())
ym/ble-nrf51822/source/ble-nrf51822.a(softdevice_handler.c.o)
                              ym/ble-nrf51822/source/ble-nrf51822.a(btle.cpp.o) (intern_softdevice_events_execute)
[...]
Memory Configuration

Name             Origin             Length             Attributes
FLASH            0x0001c000         0x00024000         xr
RAM              0x20002800         0x00001800         xrw
*default*        0x00000000         0xffffffff

Linker script and memory map

LOAD c:/progra~2/gnutoo~1/4bd65~1.920/bin/../lib/gcc/arm-none-eabi/4.9.3/armv6-m/crti.o
LOAD c:/progra~2/gnutoo~1/4bd65~1.920/bin/../lib/gcc/arm-none-eabi/4.9.3/armv6-m/crtbegin.o
LOAD c:/progra~2/gnutoo~1/4bd65~1.920/bin/../lib/gcc/arm-none-eabi/4.9.3/../../../../arm-none-eabi/lib/armv6-m/crt0.o
START GROUP
LOAD source/CMakeFiles/ble-hrm-a.dir/C_/Users/jossla01/Documents/GitHub/BLE_iBeacon/AHRM/source/main.cpp.o
LOAD ym/mbed-classic/existing/mbed-classic.a
LOAD ym/ble/source/ble.a
LOAD ym/ble-nrf51822/source/ble-nrf51822.a
LOAD ym/ble/source/ble.a
LOAD ym/ble-nrf51822/source/ble-nrf51822.a
LOAD ym/mbed-classic/existing/mbed-classic.a
LOAD c:/progra~2/gnutoo~1/4bd65~1.920/bin/../lib/gcc/arm-none-eabi/4.9.3/../../../../arm-none-eabi/lib/armv6-m\libnosys.a
LOAD c:/progra~2/gnutoo~1/4bd65~1.920/bin/../lib/gcc/arm-none-eabi/4.9.3/../../../../arm-none-eabi/lib/armv6-m\libstdc++_nano.a
LOAD c:/progra~2/gnutoo~1/4bd65~1.920/bin/../lib/gcc/arm-none-eabi/4.9.3/../../../../arm-none-eabi/lib/armv6-m\libsupc++_nano.a
LOAD c:/progra~2/gnutoo~1/4bd65~1.920/bin/../lib/gcc/arm-none-eabi/4.9.3/armv6-m\libgcc.a
LOAD c:/progra~2/gnutoo~1/4bd65~1.920/bin/../lib/gcc/arm-none-eabi/4.9.3/../../../../arm-none-eabi/lib/armv6-m\libstdc++_nano.a
LOAD c:/progra~2/gnutoo~1/4bd65~1.920/bin/../lib/gcc/arm-none-eabi/4.9.3/../../../../arm-none-eabi/lib/armv6-m\libsupc++_nano.a
LOAD c:/progra~2/gnutoo~1/4bd65~1.920/bin/../lib/gcc/arm-none-eabi/4.9.3/../../../../arm-none-eabi/lib/armv6-m\libm.a
LOAD c:/progra~2/gnutoo~1/4bd65~1.920/bin/../lib/gcc/arm-none-eabi/4.9.3/../../../../arm-none-eabi/lib/armv6-m\libc_nano.a
LOAD c:/progra~2/gnutoo~1/4bd65~1.920/bin/../lib/gcc/arm-none-eabi/4.9.3/armv6-m\libgcc.a
END GROUP
LOAD c:/progra~2/gnutoo~1/4bd65~1.920/bin/../lib/gcc/arm-none-eabi/4.9.3/../../../../arm-none-eabi/lib/armv6-m\libstdc++_nano.a
LOAD c:/progra~2/gnutoo~1/4bd65~1.920/bin/../lib/gcc/arm-none-eabi/4.9.3/../../../../arm-none-eabi/lib/armv6-m\libm.a
LOAD c:/progra~2/gnutoo~1/4bd65~1.920/bin/../lib/gcc/arm-none-eabi/4.9.3/../../../../arm-none-eabi/lib/armv6-m\libc_nano.a
START GROUP
LOAD c:/progra~2/gnutoo~1/4bd65~1.920/bin/../lib/gcc/arm-none-eabi/4.9.3/armv6-m\libgcc.a
LOAD c:/progra~2/gnutoo~1/4bd65~1.920/bin/../lib/gcc/arm-none-eabi/4.9.3/../../../../arm-none-eabi/lib/armv6-m\libc_nano.a
END GROUP
START GROUP
LOAD c:/progra~2/gnutoo~1/4bd65~1.920/bin/../lib/gcc/arm-none-eabi/4.9.3/armv6-m\libgcc.a
LOAD c:/progra~2/gnutoo~1/4bd65~1.920/bin/../lib/gcc/arm-none-eabi/4.9.3/../../../../arm-none-eabi/lib/armv6-m\libc_nano.a
END GROUP
LOAD c:/progra~2/gnutoo~1/4bd65~1.920/bin/../lib/gcc/arm-none-eabi/4.9.3/armv6-m/crtend.o
LOAD c:/progra~2/gnutoo~1/4bd65~1.920/bin/../lib/gcc/arm-none-eabi/4.9.3/armv6-m/crtn.o

.text           0x0001c000     0x7b84
 *(SORT(.Vectors))
 .Vectors       0x0001c000       0xc0 ym/mbed-classic/existing/mbed-classic.a(startup_NRF51822.S.obj)
                0x0001c000                __Vectors
 *(SORT(.text*))
 .text          0x0001c0c0       0x60 c:/progra~2/gnutoo~1/4bd65~1.920/bin/../lib/gcc/arm-none-eabi/4.9.3/armv6-m/crtbegin.o
 .text          0x0001c120       0x78 c:/progra~2/gnutoo~1/4bd65~1.920/bin/../lib/gcc/arm-none-eabi/4.9.3/../../../../arm-none-eabi/lib/armv6-m/crt0.o
                0x0001c120                _start
                0x0001c120                _mainCRTStartup
 .text._Z18connectionCallbackPKN3Gap26ConnectionCallbackParams_tE
                0x0001c198       0x20 source/CMakeFiles/ble-hrm-a.dir/C_/Users/jossla01/Documents/GitHub/BLE_iBeacon/AHRM/source/main.cpp.o
                0x0001c198                connectionCallback(Gap::ConnectionCallbackParams_t const*)
 .text._Z21disconnectionCallbacktN3Gap21DisconnectionReason_tE
                0x0001c1b8       0x14 source/CMakeFiles/ble-hrm-a.dir/C_/Users/jossla01/Documents/GitHub/BLE_iBeacon/AHRM/source/main.cpp.o
                0x0001c1b8                disconnectionCallback(unsigned short, Gap::DisconnectionReason_t)
 .text._ZN16HeartRateServiceC2ER3BLEhh
                0x0001c1cc      0x12c source/CMakeFiles/ble-hrm-a.dir/C_/Users/jossla01/Documents/GitHub/BLE_iBeacon/AHRM/source/main.cpp.o
                0x0001c1cc                HeartRateService::HeartRateService(BLE&, unsigned char, unsigned char)
                0x0001c1cc                HeartRateService::HeartRateService(BLE&, unsigned char, unsigned char)
 .text._Z14testDeviceNamev
                0x0001c2f8       0xdc source/CMakeFiles/ble-hrm-a.dir/C_/Users/jossla01/Documents/GitHub/BLE_iBeacon/AHRM/source/main.cpp.o
                0x0001c2f8                testDeviceName()
 .text._Z14testAppearancev
                0x0001c3d4       0x94 source/CMakeFiles/ble-hrm-a.dir/C_/Users/jossla01/Documents/GitHub/BLE_iBeacon/AHRM/source/main.cpp.o
                0x0001c3d4                testAppearance()
 .text._Z10connParamsv
                0x0001c468       0xe0 source/CMakeFiles/ble-hrm-a.dir/C_/Users/jossla01/Documents/GitHub/BLE_iBeacon/AHRM/source/main.cpp.o
                0x0001c468                connParams()
 .text._Z16notificationTestv
                0x0001c548       0x2c source/CMakeFiles/ble-hrm-a.dir/C_/Users/jossla01/Documents/GitHub/BLE_iBeacon/AHRM/source/main.cpp.o
                0x0001c548                notificationTest()
 .text._Z18commandInterpreterv
                0x0001c574       0x68 source/CMakeFiles/ble-hrm-a.dir/C_/Users/jossla01/Documents/GitHub/BLE_iBeacon/AHRM/source/main.cpp.o
                0x0001c574                commandInterpreter()
 .text._Z22verifyBasicAssumptionsv
                0x0001c5dc      0x144 source/CMakeFiles/ble-hrm-a.dir/C_/Users/jossla01/Documents/GitHub/BLE_iBeacon/AHRM/source/main.cpp.o
                0x0001c5dc                verifyBasicAssumptions()
 .text.startup.main
                0x0001c720      0x310 source/CMakeFiles/ble-hrm-a.dir/C_/Users/jossla01/Documents/GitHub/BLE_iBeacon/AHRM/source/main.cpp.o
                0x0001c720                main
 .text.startup._GLOBAL__sub_I_ble
                0x0001ca30       0x10 source/CMakeFiles/ble-hrm-a.dir/C_/Users/jossla01/Documents/GitHub/BLE_iBeacon/AHRM/source/main.cpp.o
 .text._ZL11init_serialv
                0x0001ca40       0x20 ym/mbed-classic/existing/mbed-classic.a(retarget.cpp.o)
 .text._close   0x0001ca60       0x2c ym/mbed-classic/existing/mbed-classic.a(retarget.cpp.o)
                0x0001ca60                _close
 .text._write   0x0001ca8c       0x54 ym/mbed-classic/existing/mbed-classic.a(retarget.cpp.o)
                0x0001ca8c                _write
 .text._read    0x0001cae0       0x48 ym/mbed-classic/existing/mbed-classic.a(retarget.cpp.o)
                0x0001cae0                _read
 .text._isatty  0x0001cb28       0x28 ym/mbed-classic/existing/mbed-classic.a(retarget.cpp.o)
                0x0001cb28                _isatty
 .text._lseek   0x0001cb50       0x28 ym/mbed-classic/existing/mbed-classic.a(retarget.cpp.o)
                0x0001cb50                _lseek
 .text._sbrk    0x0001cb78       0x28 ym/mbed-classic/existing/mbed-classic.a(retarget.cpp.o)
                0x0001cb78                _sbrk
 .text.wait     0x0001cba0       0x18 ym/mbed-classic/existing/mbed-classic.a(wait_api.c.o)
                0x0001cba0                wait
 .text          0x0001cbb8       0x48 ym/mbed-classic/existing/mbed-classic.a(startup_NRF51822.S.obj)
                0x0001cbb8                Reset_Handler
                0x0001cbf4                NMI_Handler
                0x0001cbf6                HardFault_Handler
                0x0001cbf8                SVC_Handler
                0x0001cbfa                PendSV_Handler
                0x0001cbfc                SysTick_Handler
                0x0001cbfe                GPIOTE_IRQHandler
                0x0001cbfe                RTC0_IRQHandler
                0x0001cbfe                SPI0_TWI0_IRQHandler
                0x0001cbfe                RADIO_IRQHandler
                0x0001cbfe                LPCOMP_IRQHandler
                0x0001cbfe                SWI4_IRQHandler
                0x0001cbfe                TEMP_IRQHandler
                0x0001cbfe                QDEC_IRQHandler
                0x0001cbfe                SWI5_IRQHandler
                0x0001cbfe                TIMER0_IRQHandler
                0x0001cbfe                POWER_CLOCK_IRQHandler
                0x0001cbfe                SWI0_IRQHandler
                0x0001cbfe                TIMER1_IRQHandler
                0x0001cbfe                ECB_IRQHandler
                0x0001cbfe                Default_Handler
                0x0001cbfe                ADC_IRQHandler
                0x0001cbfe                SWI3_IRQHandler
                0x0001cbfe                CCM_AAR_IRQHandler
                0x0001cbfe                WDT_IRQHandler
                0x0001cbfe                TIMER2_IRQHandler
                0x0001cbfe                RNG_IRQHandler
                0x0001cbfe                SPI1_TWI1_IRQHandler
 .text.gpio_init
                0x0001cc00       0x30 ym/mbed-classic/existing/mbed-classic.a(gpio_api.c.o)
                0x0001cc00                gpio_init
 .text.serial_baud.part.0
                0x0001cc30       0x38 ym/mbed-classic/existing/mbed-classic.a(serial_api.c.o)
 .text.serial_init
                0x0001cc68       0xc0 ym/mbed-classic/existing/mbed-classic.a(serial_api.c.o)
                0x0001cc68                serial_init
 .text.UART0_IRQHandler
                0x0001cd28       0x4c ym/mbed-classic/existing/mbed-classic.a(serial_api.c.o)
                0x0001cd28                UART0_IRQHandler
 .text.serial_putc
                0x0001cd74       0x1c ym/mbed-classic/existing/mbed-classic.a(serial_api.c.o)
                0x0001cd74                serial_putc
 .text.rtc1_getCounter64
                0x0001cd90       0x3c ym/mbed-classic/existing/mbed-classic.a(us_ticker.c.o)
 .text.RTC1_IRQHandler
                0x0001cdcc       0x74 ym/mbed-classic/existing/mbed-classic.a(us_ticker.c.o)
                0x0001cdcc                RTC1_IRQHandler
 .text.us_ticker_init
                0x0001ce40       0x5c ym/mbed-classic/existing/mbed-classic.a(us_ticker.c.o)
                0x0001ce40                us_ticker_init
 .text.us_ticker_read
                0x0001ce9c       0x2c ym/mbed-classic/existing/mbed-classic.a(us_ticker.c.o)
                0x0001ce9c                us_ticker_read
 .text.us_ticker_set_interrupt
                0x0001cec8       0xbc ym/mbed-classic/existing/mbed-classic.a(us_ticker.c.o)
                0x0001cec8                us_ticker_set_interrupt
 .text.us_ticker_disable_interrupt
                0x0001cf84       0x28 ym/mbed-classic/existing/mbed-classic.a(us_ticker.c.o)
                0x0001cf84                us_ticker_disable_interrupt
 .text.us_ticker_clear_interrupt
                0x0001cfac       0x10 ym/mbed-classic/existing/mbed-classic.a(us_ticker.c.o)
                0x0001cfac                us_ticker_clear_interrupt
 .text.us_ticker_irq_handler
                0x0001cfbc       0x10 ym/mbed-classic/existing/mbed-classic.a(us_ticker_api.c.o)
                0x0001cfbc                us_ticker_irq_handler
 .text.SystemInit
                0x0001cfcc       0xb0 ym/mbed-classic/existing/mbed-classic.a(system_nrf51.c.o)
                0x0001cfcc                SystemInit
 .text._ZN6nRF5xn10getVersionEv
                0x0001d07c       0x68 ym/ble-nrf51822/source/ble-nrf51822.a(nRF5xn.cpp.o)
                0x0001d07c                nRF5xn::getVersion()
 .text._Z17createBLEInstancev
                0x0001d0e4        0x8 ym/ble-nrf51822/source/ble-nrf51822.a(nRF5xn.cpp.o)
                0x0001d0e4                createBLEInstance()
 .text.startup._GLOBAL__sub_I__Z17createBLEInstancev
                0x0001d0ec       0x24 ym/ble-nrf51822/source/ble-nrf51822.a(nRF5xn.cpp.o)
 .text._ZL12btle_handlerP9ble_evt_t
                0x0001d110      0x15c ym/ble-nrf51822/source/ble-nrf51822.a(btle.cpp.o)
 .text.btle_init
                0x0001d26c       0xa0 ym/ble-nrf51822/source/ble-nrf51822.a(btle.cpp.o)
                0x0001d26c                btle_init
 .text.app_error_handler
                0x0001d30c       0x20 ym/ble-nrf51822/source/ble-nrf51822.a(btle.cpp.o)
                0x0001d30c                app_error_handler
 .text.app_notify
                0x0001d32c       0x30 ym/ble-nrf51822/source/ble-nrf51822.a(pstorage.c.o)
 .text.swap_state_process
                0x0001d35c      0x1a4 ym/ble-nrf51822/source/ble-nrf51822.a(pstorage.c.o)
 .text.cmd_process
                0x0001d500      0x10c ym/ble-nrf51822/source/ble-nrf51822.a(pstorage.c.o)
 .text.cmd_queue_enqueue
                0x0001d60c       0x54 ym/ble-nrf51822/source/ble-nrf51822.a(pstorage.c.o)
 .text.cmd_queue_dequeue
                0x0001d660       0x20 ym/ble-nrf51822/source/ble-nrf51822.a(pstorage.c.o)
 .text.pstorage_sys_event_handler
                0x0001d680       0xec ym/ble-nrf51822/source/ble-nrf51822.a(pstorage.c.o)
                0x0001d680                pstorage_sys_event_handler
 .text.pstorage_init
                0x0001d76c       0xc8 ym/ble-nrf51822/source/ble-nrf51822.a(pstorage.c.o)
                0x0001d76c                pstorage_init
 .text.pstorage_register
                0x0001d834      0x138 ym/ble-nrf51822/source/ble-nrf51822.a(pstorage.c.o)
                0x0001d834                pstorage_register
 .text.pstorage_block_identifier_get
                0x0001d96c       0x4c ym/ble-nrf51822/source/ble-nrf51822.a(pstorage.c.o)
                0x0001d96c                pstorage_block_identifier_get
 .text.pstorage_store
                0x0001d9b8       0x7c ym/ble-nrf51822/source/ble-nrf51822.a(pstorage.c.o)
                0x0001d9b8                pstorage_store
 .text.pstorage_update
                0x0001da34       0x7c ym/ble-nrf51822/source/ble-nrf51822.a(pstorage.c.o)
                0x0001da34                pstorage_update
 .text.pstorage_load
                0x0001dab0       0xa0 ym/ble-nrf51822/source/ble-nrf51822.a(pstorage.c.o)
                0x0001dab0                pstorage_load
 .text.pstorage_clear
                0x0001db50       0x60 ym/ble-nrf51822/source/ble-nrf51822.a(pstorage.c.o)
                0x0001db50                pstorage_clear
 .text._Z13btle_gap_initv
                0x0001dbb0       0x54 ym/ble-nrf51822/source/ble-nrf51822.a(btle_gap.cpp.o)
                0x0001dbb0                btle_gap_init()
 .text.gatts_context_store
                0x0001dc04       0xb8 ym/ble-nrf51822/source/ble-nrf51822.a(device_manager_peripheral.c.o)
 .text.device_context_store
                0x0001dcbc       0xb8 ym/ble-nrf51822/source/ble-nrf51822.a(device_manager_peripheral.c.o)
 .text.gatts_context_apply
                0x0001dd74       0xc4 ym/ble-nrf51822/source/ble-nrf51822.a(device_manager_peripheral.c.o)
 .text.gatts_context_load
                0x0001de38       0x34 ym/ble-nrf51822/source/ble-nrf51822.a(device_manager_peripheral.c.o)
 .text.dm_pstorage_cb_handler
                0x0001de6c      0x134 ym/ble-nrf51822/source/ble-nrf51822.a(device_manager_peripheral.c.o)
 .text.peer_instance_init
                0x0001dfa0       0x44 ym/ble-nrf51822/source/ble-nrf51822.a(device_manager_peripheral.c.o)
 .text.device_instance_free
                0x0001dfe4       0x2c ym/ble-nrf51822/source/ble-nrf51822.a(device_manager_peripheral.c.o)
 .text.dm_init  0x0001e010       0xe0 ym/ble-nrf51822/source/ble-nrf51822.a(device_manager_peripheral.c.o)
                0x0001e010                dm_init
 .text.dm_register
                0x0001e0f0       0x74 ym/ble-nrf51822/source/ble-nrf51822.a(device_manager_peripheral.c.o)
                0x0001e0f0                dm_register
 .text.dm_security_status_req
                0x0001e164       0x70 ym/ble-nrf51822/source/ble-nrf51822.a(device_manager_peripheral.c.o)
                0x0001e164                dm_security_status_req
 .text.dm_device_delete_all
                0x0001e1d4       0x58 ym/ble-nrf51822/source/ble-nrf51822.a(device_manager_peripheral.c.o)
                0x0001e1d4                dm_device_delete_all
 .text.bond_data_load
                0x0001e22c       0x48 ym/ble-nrf51822/source/ble-nrf51822.a(device_manager_peripheral.c.o)
                0x0001e22c                bond_data_load
 .text.dm_ble_evt_handler
                0x0001e274      0x384 ym/ble-nrf51822/source/ble-nrf51822.a(device_manager_peripheral.c.o)
                0x0001e274                dm_ble_evt_handler
 .text.dm_handle_get
                0x0001e5f8       0x48 ym/ble-nrf51822/source/ble-nrf51822.a(device_manager_peripheral.c.o)
                0x0001e5f8                dm_handle_get
 .text._ZNK15nRF5xGattClient5writeEN10GattClient9WriteOp_tEttjPKh
                0x0001e640       0x4c ym/ble-nrf51822/source/ble-nrf51822.a(nRF5xGattClient.cpp.o)
                0x0001e640                nRF5xGattClient::write(GattClient::WriteOp_t, unsigned short, unsigned short, unsigned int, unsigned char const*) const
 .text._ZN21nRF5xServiceDiscovery6launchEtPFvPK17DiscoveredServiceEPFvPK24DiscoveredCharacteristicERK4UUIDSC_
                0x0001e68c       0x78 ym/ble-nrf51822/source/ble-nrf51822.a(nRF5xGattClient.cpp.o)
                0x0001e68c                nRF5xServiceDiscovery::launch(unsigned short, void (*)(DiscoveredService const*), void (*)(DiscoveredCharacteristic const*), UUID const&, UUID const&)
 .text._ZN15nRF5xGattClient11getInstanceEv
                0x0001e704       0xc8 ym/ble-nrf51822/source/ble-nrf51822.a(nRF5xGattClient.cpp.o)
                0x0001e704                nRF5xGattClient::getInstance()
 .text._ZN20nRF5xSecurityManager11getInstanceEv
                0x0001e7cc       0x2c ym/ble-nrf51822/source/ble-nrf51822.a(nRF5xSecurityManager.cpp.o)
                0x0001e7cc                nRF5xSecurityManager::getInstance()
 .text._ZN15nRF5xGattServer4readEtPhPt
                0x0001e7f8       0x1c ym/ble-nrf51822/source/ble-nrf51822.a(nRF5xGattServer.cpp.o)
                0x0001e7f8                nRF5xGattServer::read(unsigned short, unsigned char*, unsigned short*)
 .text._ZN15nRF5xGattServer5writeEtPKhtb
                0x0001e814       0x20 ym/ble-nrf51822/source/ble-nrf51822.a(nRF5xGattServer.cpp.o)
                0x0001e814                nRF5xGattServer::write(unsigned short, unsigned char const*, unsigned short, bool)
 .text._ZN38CallChainOfFunctionPointersWithContextIjED2Ev
                0x0001e834       0x20 ym/ble-nrf51822/source/ble-nrf51822.a(nRF5xGattServer.cpp.o)
                0x0001e834                CallChainOfFunctionPointersWithContext<unsigned int>::~CallChainOfFunctionPointersWithContext()
                0x0001e834                CallChainOfFunctionPointersWithContext<unsigned int>::~CallChainOfFunctionPointersWithContext()
 .text._ZN38CallChainOfFunctionPointersWithContextIPK23GattWriteCallbackParamsED2Ev
                0x0001e854       0x20 ym/ble-nrf51822/source/ble-nrf51822.a(nRF5xGattServer.cpp.o)
                0x0001e854                CallChainOfFunctionPointersWithContext<GattWriteCallbackParams const*>::~CallChainOfFunctionPointersWithContext()
                0x0001e854                CallChainOfFunctionPointersWithContext<GattWriteCallbackParams const*>::~CallChainOfFunctionPointersWithContext()
 .text._ZN38CallChainOfFunctionPointersWithContextIPK22GattReadCallbackParamsED2Ev
                0x0001e874       0x20 ym/ble-nrf51822/source/ble-nrf51822.a(nRF5xGattServer.cpp.o)
                0x0001e874                CallChainOfFunctionPointersWithContext<GattReadCallbackParams const*>::~CallChainOfFunctionPointersWithContext()
                0x0001e874                CallChainOfFunctionPointersWithContext<GattReadCallbackParams const*>::~CallChainOfFunctionPointersWithContext()
 .text._ZN15nRF5xGattServerD2Ev
                0x0001e894       0x28 ym/ble-nrf51822/source/ble-nrf51822.a(nRF5xGattServer.cpp.o)
                0x0001e894                nRF5xGattServer::~nRF5xGattServer()
                0x0001e894                nRF5xGattServer::~nRF5xGattServer()
 .text._ZN15nRF5xGattServer5writeEttPKhtb
                0x0001e8bc       0xcc ym/ble-nrf51822/source/ble-nrf51822.a(nRF5xGattServer.cpp.o)
                0x0001e8bc                nRF5xGattServer::write(unsigned short, unsigned short, unsigned char const*, unsigned short, bool)
 .text._ZN15nRF5xGattServer10addServiceER11GattService
                0x0001e988      0x1b4 ym/ble-nrf51822/source/ble-nrf51822.a(nRF5xGattServer.cpp.o)
                0x0001e988                nRF5xGattServer::addService(GattService&)
 .text._ZN15nRF5xGattServer11getInstanceEv
                0x0001eb3c       0xbc ym/ble-nrf51822/source/ble-nrf51822.a(nRF5xGattServer.cpp.o)
                0x0001eb3c                nRF5xGattServer::getInstance()
 .text._ZL10dm_handlerPK13device_handlePK10dm_event_tm
                0x0001ebf8       0xc0 ym/ble-nrf51822/source/ble-nrf51822.a(btle_security.cpp.o)
 .text._Z23btle_initializeSecuritybbN15SecurityManager24SecurityIOCapabilities_tEPKh
                0x0001ecb8       0xd4 ym/ble-nrf51822/source/ble-nrf51822.a(btle_security.cpp.o)
                0x0001ecb8                btle_initializeSecurity(bool, bool, SecurityManager::SecurityIOCapabilities_t, unsigned char const*)
 .text._Z25btle_purgeAllBondingStatev
                0x0001ed8c       0x24 ym/ble-nrf51822/source/ble-nrf51822.a(btle_security.cpp.o)
                0x0001ed8c                btle_purgeAllBondingState()
 .text._Z20btle_getLinkSecuritytPN15SecurityManager20LinkSecurityStatus_tE
                0x0001edb0       0x48 ym/ble-nrf51822/source/ble-nrf51822.a(btle_security.cpp.o)
                0x0001edb0                btle_getLinkSecurity(unsigned short, SecurityManager::LinkSecurityStatus_t*)
 .text._ZNK3Gap25getMaxAdvertisingIntervalEv
                0x0001edf8        0x8 ym/ble-nrf51822/source/ble-nrf51822.a(nRF5xGap.cpp.o)
                0x0001edf8                Gap::getMaxAdvertisingInterval() const
 .text._ZN8nRF5xGap16startAdvertisingERK20GapAdvertisingParams
                0x0001ee00       0x74 ym/ble-nrf51822/source/ble-nrf51822.a(nRF5xGap.cpp.o)
                0x0001ee00                nRF5xGap::startAdvertising(GapAdvertisingParams const&)
 .text._ZN8nRF5xGap7connectEPKhN3Gap13AddressType_tEPKNS2_18ConnectionParams_tEPK17GapScanningParams
                0x0001ee74       0xa8 ym/ble-nrf51822/source/ble-nrf51822.a(nRF5xGap.cpp.o)
                0x0001ee74                nRF5xGap::connect(unsigned char const*, Gap::AddressType_t, Gap::ConnectionParams_t const*, GapScanningParams const*)
 .text._ZN8nRF5xGap25getPermittedTxPowerValuesEPPKaPj
                0x0001ef1c       0x10 ym/ble-nrf51822/source/ble-nrf51822.a(nRF5xGap.cpp.o)
                0x0001ef1c                nRF5xGap::getPermittedTxPowerValues(signed char const**, unsigned int*)
 .text._ZN8nRF5xGap21initRadioNotificationEv
                0x0001ef2c       0x1c ym/ble-nrf51822/source/ble-nrf51822.a(nRF5xGap.cpp.o)
                0x0001ef2c                nRF5xGap::initRadioNotification()
 .text._ZN8nRF5xGap11getInstanceEv
                0x0001ef48       0xf4 ym/ble-nrf51822/source/ble-nrf51822.a(nRF5xGap.cpp.o)
                0x0001ef48                nRF5xGap::getInstance()
 .text._ZN8nRF5xGapD2Ev
                0x0001f03c       0x18 ym/ble-nrf51822/source/ble-nrf51822.a(nRF5xGap.cpp.o)
                0x0001f03c                nRF5xGap::~nRF5xGap()
                0x0001f03c                nRF5xGap::~nRF5xGap()
 .text.intern_softdevice_events_execute
                0x0001f054       0xb0 ym/ble-nrf51822/source/ble-nrf51822.a(softdevice_handler.c.o)
                0x0001f054                intern_softdevice_events_execute
 .text.softdevice_handler_init
                0x0001f104       0x48 ym/ble-nrf51822/source/ble-nrf51822.a(softdevice_handler.c.o)
                0x0001f104                softdevice_handler_init
 .text.softdevice_handler_sd_disable
                0x0001f14c       0x18 ym/ble-nrf51822/source/ble-nrf51822.a(softdevice_handler.c.o)
                0x0001f14c                softdevice_handler_sd_disable
 .text.softdevice_ble_evt_handler_set
                0x0001f164       0x14 ym/ble-nrf51822/source/ble-nrf51822.a(softdevice_handler.c.o)
                0x0001f164                softdevice_ble_evt_handler_set
 .text.softdevice_sys_evt_handler_set
                0x0001f178       0x14 ym/ble-nrf51822/source/ble-nrf51822.a(softdevice_handler.c.o)
                0x0001f178                softdevice_sys_evt_handler_set
 .text.SWI2_IRQHandler
                0x0001f18c       0x24 ym/ble-nrf51822/source/ble-nrf51822.a(softdevice_handler.c.o)
                0x0001f18c                SWI2_IRQHandler
 .text.custom_convert_to_nordic_uuid
                0x0001f1b0       0xa4 ym/ble-nrf51822/source/ble-nrf51822.a(custom_helper.cpp.o)
                0x0001f1b0                custom_convert_to_nordic_uuid
 .text._ZN21nRF5xServiceDiscovery29launchCharacteristicDiscoveryEttt
                0x0001f254       0x4c ym/ble-nrf51822/source/ble-nrf51822.a(nRF5xServiceDiscovery.cpp.o)
                0x0001f254                nRF5xServiceDiscovery::launchCharacteristicDiscovery(unsigned short, unsigned short, unsigned short)
 .text._ZN21nRF5xServiceDiscovery24progressServiceDiscoveryEv
                0x0001f2a0       0xe4 ym/ble-nrf51822/source/ble-nrf51822.a(nRF5xServiceDiscovery.cpp.o)
                0x0001f2a0                nRF5xServiceDiscovery::progressServiceDiscovery()
 .text._ZN21nRF5xServiceDiscovery25ServiceUUIDDiscoveryQueue12triggerFirstEv
                0x0001f384       0x58 ym/ble-nrf51822/source/ble-nrf51822.a(nRF5xServiceDiscovery.cpp.o)
                0x0001f384                nRF5xServiceDiscovery::ServiceUUIDDiscoveryQueue::triggerFirst()
 .text._ZN21nRF5xServiceDiscovery22CharUUIDDiscoveryQueue12triggerFirstEv
                0x0001f3dc       0x5c ym/ble-nrf51822/source/ble-nrf51822.a(nRF5xServiceDiscovery.cpp.o)
                0x0001f3dc                nRF5xServiceDiscovery::CharUUIDDiscoveryQueue::triggerFirst()
 .text._ZN21nRF5xServiceDiscovery27processDiscoverUUIDResponseEPK41ble_gattc_evt_char_val_by_uuid_read_rsp_t
                0x0001f438       0xdc ym/ble-nrf51822/source/ble-nrf51822.a(nRF5xServiceDiscovery.cpp.o)
                0x0001f438                nRF5xServiceDiscovery::processDiscoverUUIDResponse(ble_gattc_evt_char_val_by_uuid_read_rsp_t const*)
 .text.SWI1_IRQHandler
                0x0001f514       0x20 ym/ble-nrf51822/source/ble-nrf51822.a(ble_radio_notification.c.o)
                0x0001f514                SWI1_IRQHandler
 .text.ble_radio_notification_init
                0x0001f534       0x38 ym/ble-nrf51822/source/ble-nrf51822.a(ble_radio_notification.c.o)
                0x0001f534                ble_radio_notification_init
 .text._ZN17GapScanningParamsC2Etttb
                0x0001f56c       0x6c ym/ble/source/ble.a(GapScanningParams.cpp.o)
                0x0001f56c                GapScanningParams::GapScanningParams(unsigned short, unsigned short, unsigned short, bool)
                0x0001f56c                GapScanningParams::GapScanningParams(unsigned short, unsigned short, unsigned short, bool)
 .text._ZN4mbed9CallChainC2Ei
                0x0001f5d8       0x40 ym/mbed-classic/existing/mbed-classic.a(CallChain.cpp.o)
                0x0001f5d8                mbed::CallChain::CallChain(int)
                0x0001f5d8                mbed::CallChain::CallChain(int)
 .text._ZN4mbed9CallChainD2Ev
                0x0001f618       0x1c ym/mbed-classic/existing/mbed-classic.a(CallChain.cpp.o)
                0x0001f618                mbed::CallChain::~CallChain()
                0x0001f618                mbed::CallChain::~CallChain()
 .text._ZSt15get_new_handlerv
                0x0001f634        0xc c:/progra~2/gnutoo~1/4bd65~1.920/bin/../lib/gcc/arm-none-eabi/4.9.3/../../../../arm-none-eabi/lib/armv6-m\libstdc++_nano.a(new_handler.o)
                0x0001f634                std::get_new_handler()
 .text          0x0001f640       0x14 c:/progra~2/gnutoo~1/4bd65~1.920/bin/../lib/gcc/arm-none-eabi/4.9.3/armv6-m\libgcc.a(_thumb1_case_uqi.o)
                0x0001f640                __gnu_thumb1_case_uqi
 .text          0x0001f654      0x120 c:/progra~2/gnutoo~1/4bd65~1.920/bin/../lib/gcc/arm-none-eabi/4.9.3/armv6-m\libgcc.a(_udivsi3.o)
                0x0001f654                __aeabi_uidiv
                0x0001f654                __udivsi3
                0x0001f760                __aeabi_uidivmod
 .text          0x0001f774        0x4 c:/progra~2/gnutoo~1/4bd65~1.920/bin/../lib/gcc/arm-none-eabi/4.9.3/armv6-m\libgcc.a(_dvmd_tls.o)
                0x0001f774                __aeabi_idiv0
                0x0001f774                __aeabi_ldiv0
 .text          0x0001f778       0x40 c:/progra~2/gnutoo~1/4bd65~1.920/bin/../lib/gcc/arm-none-eabi/4.9.3/armv6-m\libgcc.a(_aeabi_uldivmod.o)
                0x0001f778                __aeabi_uldivmod
 .text          0x0001f7b8       0x54 c:/progra~2/gnutoo~1/4bd65~1.920/bin/../lib/gcc/arm-none-eabi/4.9.3/armv6-m\libgcc.a(_muldi3.o)
                0x0001f7b8                __muldi3
                0x0001f7b8                __aeabi_lmul
 .text          0x0001f80c       0x6c c:/progra~2/gnutoo~1/4bd65~1.920/bin/../lib/gcc/arm-none-eabi/4.9.3/armv6-m\libgcc.a(bpabi.o)
                0x0001f80c                __gnu_ldivmod_helper
                0x0001f844                __gnu_uldivmod_helper
 .text          0x0001f878      0x264 c:/progra~2/gnutoo~1/4bd65~1.920/bin/../lib/gcc/arm-none-eabi/4.9.3/armv6-m\libgcc.a(mulsf3.o)
                0x0001f878                __aeabi_fmul
 .text          0x0001fadc       0x40 c:/progra~2/gnutoo~1/4bd65~1.920/bin/../lib/gcc/arm-none-eabi/4.9.3/armv6-m\libgcc.a(fixsfsi.o)
                0x0001fadc                __aeabi_f2iz
 .text          0x0001fb1c       0x3c c:/progra~2/gnutoo~1/4bd65~1.920/bin/../lib/gcc/arm-none-eabi/4.9.3/armv6-m\libgcc.a(_clzsi2.o)
                0x0001fb1c                __clzsi2
 .text          0x0001fb58      0x1f0 c:/progra~2/gnutoo~1/4bd65~1.920/bin/../lib/gcc/arm-none-eabi/4.9.3/armv6-m\libgcc.a(_divdi3.o)
                0x0001fb58                __divdi3
 .text          0x0001fd48      0x158 c:/progra~2/gnutoo~1/4bd65~1.920/bin/../lib/gcc/arm-none-eabi/4.9.3/armv6-m\libgcc.a(_udivdi3.o)
                0x0001fd48                __udivdi3
 .text          0x0001fea0       0x18 c:/progra~2/gnutoo~1/4bd65~1.920/bin/../lib/gcc/arm-none-eabi/4.9.3/armv6-m\libgcc.a(_clzdi2.o)
                0x0001fea0                __clzdi2
 .text.__cxa_atexit
                0x0001feb8       0x1c c:/progra~2/gnutoo~1/4bd65~1.920/bin/../lib/gcc/arm-none-eabi/4.9.3/../../../../arm-none-eabi/lib/armv6-m\libc_nano.a(lib_a-cxa_atexit.o)
                0x0001feb8                __cxa_atexit
 .text.__errno  0x0001fed4        0xc c:/progra~2/gnutoo~1/4bd65~1.920/bin/../lib/gcc/arm-none-eabi/4.9.3/../../../../arm-none-eabi/lib/armv6-m\libc_nano.a(lib_a-errno.o)
                0x0001fed4                __errno
 .text.exit     0x0001fee0       0x2c c:/progra~2/gnutoo~1/4bd65~1.920/bin/../lib/gcc/arm-none-eabi/4.9.3/../../../../arm-none-eabi/lib/armv6-m\libc_nano.a(lib_a-exit.o)
                0x0001fee0                exit
 .text._cleanup_r
                0x0001ff0c       0x10 c:/progra~2/gnutoo~1/4bd65~1.920/bin/../lib/gcc/arm-none-eabi/4.9.3/../../../../arm-none-eabi/lib/armv6-m\libc_nano.a(lib_a-findfp.o)
                0x0001ff0c                _cleanup_r
 .text.std.isra.0
                0x0001ff1c       0x48 c:/progra~2/gnutoo~1/4bd65~1.920/bin/../lib/gcc/arm-none-eabi/4.9.3/../../../../arm-none-eabi/lib/armv6-m\libc_nano.a(lib_a-findfp.o)
 .text.__sinit  0x0001ff64       0x64 c:/progra~2/gnutoo~1/4bd65~1.920/bin/../lib/gcc/arm-none-eabi/4.9.3/../../../../arm-none-eabi/lib/armv6-m\libc_nano.a(lib_a-findfp.o)
                0x0001ff64                __sinit
 .text.__sfp    0x0001ffc8       0x7c c:/progra~2/gnutoo~1/4bd65~1.920/bin/../lib/gcc/arm-none-eabi/4.9.3/../../../../arm-none-eabi/lib/armv6-m\libc_nano.a(lib_a-findfp.o)
                0x0001ffc8                __sfp
 .text.__libc_init_array
                0x00020044       0x4c c:/progra~2/gnutoo~1/4bd65~1.920/bin/../lib/gcc/arm-none-eabi/4.9.3/../../../../arm-none-eabi/lib/armv6-m\libc_nano.a(lib_a-init.o)
                0x00020044                __libc_init_array
 .text.malloc   0x00020090       0x14 c:/progra~2/gnutoo~1/4bd65~1.920/bin/../lib/gcc/arm-none-eabi/4.9.3/../../../../arm-none-eabi/lib/armv6-m\libc_nano.a(lib_a-malloc.o)
                0x00020090                malloc
 .text.free     0x000200a4       0x14 c:/progra~2/gnutoo~1/4bd65~1.920/bin/../lib/gcc/arm-none-eabi/4.9.3/../../../../arm-none-eabi/lib/armv6-m\libc_nano.a(lib_a-malloc.o)
                0x000200a4                free
 .text._free_r  0x000200b8       0x8c c:/progra~2/gnutoo~1/4bd65~1.920/bin/../lib/gcc/arm-none-eabi/4.9.3/../../../../arm-none-eabi/lib/armv6-m\libc_nano.a(lib_a-nano-freer.o)
                0x000200b8                _free_r
 .text._malloc_r
                0x00020144       0xb0 c:/progra~2/gnutoo~1/4bd65~1.920/bin/../lib/gcc/arm-none-eabi/4.9.3/../../../../arm-none-eabi/lib/armv6-m\libc_nano.a(lib_a-nano-mallocr.o)
                0x00020144                _malloc_r
 .text.printf   0x000201f4       0x34 c:/progra~2/gnutoo~1/4bd65~1.920/bin/../lib/gcc/arm-none-eabi/4.9.3/../../../../arm-none-eabi/lib/armv6-m\libc_nano.a(lib_a-printf.o)
                0x000201f4                iprintf
                0x000201f4                printf
 .text.putchar  0x00020228       0x28 c:/progra~2/gnutoo~1/4bd65~1.920/bin/../lib/gcc/arm-none-eabi/4.9.3/../../../../arm-none-eabi/lib/armv6-m\libc_nano.a(lib_a-putchar.o)
                0x00020228                putchar
 .text.puts     0x00020250       0x14 c:/progra~2/gnutoo~1/4bd65~1.920/bin/../lib/gcc/arm-none-eabi/4.9.3/../../../../arm-none-eabi/lib/armv6-m\libc_nano.a(lib_a-puts.o)
                0x00020250                puts
 .text.__srefill_r
                0x00020264      0x120 c:/progra~2/gnutoo~1/4bd65~1.920/bin/../lib/gcc/arm-none-eabi/4.9.3/../../../../arm-none-eabi/lib/armv6-m\libc_nano.a(lib_a-refill.o)
                0x00020264                __srefill_r
 .text._sbrk_r  0x00020384       0x24 c:/progra~2/gnutoo~1/4bd65~1.920/bin/../lib/gcc/arm-none-eabi/4.9.3/../../../../arm-none-eabi/lib/armv6-m\libc_nano.a(lib_a-sbrkr.o)
                0x00020384                _sbrk_r
 .text.scanf    0x000203a8       0x34 c:/progra~2/gnutoo~1/4bd65~1.920/bin/../lib/gcc/arm-none-eabi/4.9.3/../../../../arm-none-eabi/lib/armv6-m\libc_nano.a(lib_a-scanf.o)
                0x000203a8                scanf
                0x000203a8                iscanf
 .text.raise    0x000203dc       0x14 c:/progra~2/gnutoo~1/4bd65~1.920/bin/../lib/gcc/arm-none-eabi/4.9.3/../../../../arm-none-eabi/lib/armv6-m\libc_nano.a(lib_a-signal.o)
                0x000203dc                raise
 .text._kill_r  0x000203f0       0x24 c:/progra~2/gnutoo~1/4bd65~1.920/bin/../lib/gcc/arm-none-eabi/4.9.3/../../../../arm-none-eabi/lib/armv6-m\libc_nano.a(lib_a-signalr.o)
                0x000203f0                _kill_r
 .text.snprintf
                0x00020414       0x68 c:/progra~2/gnutoo~1/4bd65~1.920/bin/../lib/gcc/arm-none-eabi/4.9.3/../../../../arm-none-eabi/lib/armv6-m\libc_nano.a(lib_a-snprintf.o)
                0x00020414                sniprintf
                0x00020414                snprintf
 .text.__sread  0x0002047c       0x28 c:/progra~2/gnutoo~1/4bd65~1.920/bin/../lib/gcc/arm-none-eabi/4.9.3/../../../../arm-none-eabi/lib/armv6-m\libc_nano.a(lib_a-stdio.o)
                0x0002047c                __sread
 .text.__swrite
                0x000204a4       0x38 c:/progra~2/gnutoo~1/4bd65~1.920/bin/../lib/gcc/arm-none-eabi/4.9.3/../../../../arm-none-eabi/lib/armv6-m\libc_nano.a(lib_a-stdio.o)
                0x000204a4                __swrite
 .text.__sseek  0x000204dc       0x2c c:/progra~2/gnutoo~1/4bd65~1.920/bin/../lib/gcc/arm-none-eabi/4.9.3/../../../../arm-none-eabi/lib/armv6-m\libc_nano.a(lib_a-stdio.o)
                0x000204dc                __sseek
 .text.__swbuf_r
                0x00020508       0xb0 c:/progra~2/gnutoo~1/4bd65~1.920/bin/../lib/gcc/arm-none-eabi/4.9.3/../../../../arm-none-eabi/lib/armv6-m\libc_nano.a(lib_a-wbuf.o)
                0x00020508                __swbuf_r
 .text._write_r
                0x000205b8       0x28 c:/progra~2/gnutoo~1/4bd65~1.920/bin/../lib/gcc/arm-none-eabi/4.9.3/../../../../arm-none-eabi/lib/armv6-m\libc_nano.a(lib_a-writer.o)
                0x000205b8                _write_r
 .text.__swsetup_r
                0x000205e0       0xe8 c:/progra~2/gnutoo~1/4bd65~1.920/bin/../lib/gcc/arm-none-eabi/4.9.3/../../../../arm-none-eabi/lib/armv6-m\libc_nano.a(lib_a-wsetup.o)
                0x000205e0                __swsetup_r
 .text._close_r
                0x000206c8       0x24 c:/progra~2/gnutoo~1/4bd65~1.920/bin/../lib/gcc/arm-none-eabi/4.9.3/../../../../arm-none-eabi/lib/armv6-m\libc_nano.a(lib_a-closer.o)
                0x000206c8                _close_r
 .text._fflush_r
                0x000206ec       0x58 c:/progra~2/gnutoo~1/4bd65~1.920/bin/../lib/gcc/arm-none-eabi/4.9.3/../../../../arm-none-eabi/lib/armv6-m\libc_nano.a(lib_a-fflush.o)
                0x000206ec                _fflush_r
 .text.fflush   0x00020744       0x28 c:/progra~2/gnutoo~1/4bd65~1.920/bin/../lib/gcc/arm-none-eabi/4.9.3/../../../../arm-none-eabi/lib/armv6-m\libc_nano.a(lib_a-fflush.o)
                0x00020744                fflush
 .text._lseek_r
                0x0002076c       0x28 c:/progra~2/gnutoo~1/4bd65~1.920/bin/../lib/gcc/arm-none-eabi/4.9.3/../../../../arm-none-eabi/lib/armv6-m\libc_nano.a(lib_a-lseekr.o)
                0x0002076c                _lseek_r
 .text.__smakebuf_r
                0x00020794       0xb0 c:/progra~2/gnutoo~1/4bd65~1.920/bin/../lib/gcc/arm-none-eabi/4.9.3/../../../../arm-none-eabi/lib/armv6-m\libc_nano.a(lib_a-makebuf.o)
                0x00020794                __smakebuf_r
 .text.__ssputs_r
                0x00020844       0xc0 c:/progra~2/gnutoo~1/4bd65~1.920/bin/../lib/gcc/arm-none-eabi/4.9.3/../../../../arm-none-eabi/lib/armv6-m\libc_nano.a(lib_a-nano-svfprintf.o)
                0x00020844                __ssputs_r
 .text._svfprintf_r
                0x00020904      0x1ec c:/progra~2/gnutoo~1/4bd65~1.920/bin/../lib/gcc/arm-none-eabi/4.9.3/../../../../arm-none-eabi/lib/armv6-m\libc_nano.a(lib_a-nano-svfprintf.o)
                0x00020904                _svfiprintf_r
                0x00020904                _svfprintf_r
 .text._vfprintf_r
                0x00020af0      0x220 c:/progra~2/gnutoo~1/4bd65~1.920/bin/../lib/gcc/arm-none-eabi/4.9.3/../../../../arm-none-eabi/lib/armv6-m\libc_nano.a(lib_a-nano-vfprintf.o)
                0x00020af0                _vfprintf_r
                0x00020af0                _vfiprintf_r
 .text._printf_i
                0x00020d10      0x230 c:/progra~2/gnutoo~1/4bd65~1.920/bin/../lib/gcc/arm-none-eabi/4.9.3/../../../../arm-none-eabi/lib/armv6-m\libc_nano.a(lib_a-nano-vfprintf_i.o)
                0x00020d10                _printf_i
 .text.__svfscanf_r
                0x00020f40      0x2f0 c:/progra~2/gnutoo~1/4bd65~1.920/bin/../lib/gcc/arm-none-eabi/4.9.3/../../../../arm-none-eabi/lib/armv6-m\libc_nano.a(lib_a-nano-vfscanf.o)
                0x00020f40                __svfscanf_r
                0x00020f40                __svfiscanf_r
 .text._vfscanf_r
                0x00021230       0x50 c:/progra~2/gnutoo~1/4bd65~1.920/bin/../lib/gcc/arm-none-eabi/4.9.3/../../../../arm-none-eabi/lib/armv6-m\libc_nano.a(lib_a-nano-vfscanf.o)
                0x00021230                _vfscanf_r
                0x00021230                _vfiscanf_r
 .text._scanf_chars
                0x00021280       0xbc c:/progra~2/gnutoo~1/4bd65~1.920/bin/../lib/gcc/arm-none-eabi/4.9.3/../../../../arm-none-eabi/lib/armv6-m\libc_nano.a(lib_a-nano-vfscanf_i.o)
                0x00021280                _scanf_chars
 .text._scanf_i
                0x0002133c      0x1f4 c:/progra~2/gnutoo~1/4bd65~1.920/bin/../lib/gcc/arm-none-eabi/4.9.3/../../../../arm-none-eabi/lib/armv6-m\libc_nano.a(lib_a-nano-vfscanf_i.o)
                0x0002133c                _scanf_i
 .text._putc_r  0x00021530       0x78 c:/progra~2/gnutoo~1/4bd65~1.920/bin/../lib/gcc/arm-none-eabi/4.9.3/../../../../arm-none-eabi/lib/armv6-m\libc_nano.a(lib_a-putc.o)
                0x00021530                _putc_r
 .text._read_r  0x000215a8       0x28 c:/progra~2/gnutoo~1/4bd65~1.920/bin/../lib/gcc/arm-none-eabi/4.9.3/../../../../arm-none-eabi/lib/armv6-m\libc_nano.a(lib_a-readr.o)
                0x000215a8                _read_r
 .text._strtol_r
                0x000215d0      0x120 c:/progra~2/gnutoo~1/4bd65~1.920/bin/../lib/gcc/arm-none-eabi/4.9.3/../../../../arm-none-eabi/lib/armv6-m\libc_nano.a(lib_a-strtol.o)
                0x000215d0                _strtol_r
 .text._strtoul_r
                0x000216f0      0x104 c:/progra~2/gnutoo~1/4bd65~1.920/bin/../lib/gcc/arm-none-eabi/4.9.3/../../../../arm-none-eabi/lib/armv6-m\libc_nano.a(lib_a-strtoul.o)
                0x000216f0                _strtoul_r
 .text.__submore
                0x000217f4       0x7c c:/progra~2/gnutoo~1/4bd65~1.920/bin/../lib/gcc/arm-none-eabi/4.9.3/../../../../arm-none-eabi/lib/armv6-m\libc_nano.a(lib_a-ungetc.o)
                0x000217f4                __submore
 .text._ungetc_r
                0x00021870       0xe4 c:/progra~2/gnutoo~1/4bd65~1.920/bin/../lib/gcc/arm-none-eabi/4.9.3/../../../../arm-none-eabi/lib/armv6-m\libc_nano.a(lib_a-ungetc.o)
                0x00021870                _ungetc_r
 .text._fstat_r
                0x00021954       0x24 c:/progra~2/gnutoo~1/4bd65~1.920/bin/../lib/gcc/arm-none-eabi/4.9.3/../../../../arm-none-eabi/lib/armv6-m\libc_nano.a(lib_a-fstatr.o)
                0x00021954                _fstat_r
 .text._isatty_r
                0x00021978       0x24 c:/progra~2/gnutoo~1/4bd65~1.920/bin/../lib/gcc/arm-none-eabi/4.9.3/../../../../arm-none-eabi/lib/armv6-m\libc_nano.a(lib_a-isattyr.o)
                0x00021978                _isatty_r
 .text._getpid  0x0002199c       0x10 c:/progra~2/gnutoo~1/4bd65~1.920/bin/../lib/gcc/arm-none-eabi/4.9.3/../../../../arm-none-eabi/lib/armv6-m\libnosys.a(getpid.o)
                0x0002199c                _getpid
 .text._kill    0x000219ac       0x10 c:/progra~2/gnutoo~1/4bd65~1.920/bin/../lib/gcc/arm-none-eabi/4.9.3/../../../../arm-none-eabi/lib/armv6-m\libnosys.a(kill.o)
                0x000219ac                _kill
 .text._ZN16HeartRateService13onDataWrittenEPK23GattWriteCallbackParams
                0x000219bc        0x2 source/CMakeFiles/ble-hrm-a.dir/C_/Users/jossla01/Documents/GitHub/BLE_iBeacon/AHRM/source/main.cpp.o
                0x000219bc                HeartRateService::onDataWritten(GattWriteCallbackParams const*)
 .text._ZN26FunctionPointerWithContextIPK23GattWriteCallbackParamsE12membercallerI16HeartRateServiceEEvPvPcS2_
                0x000219be       0x24 source/CMakeFiles/ble-hrm-a.dir/C_/Users/jossla01/Documents/GitHub/BLE_iBeacon/AHRM/source/main.cpp.o
                0x000219be                void FunctionPointerWithContext<GattWriteCallbackParams const*>::membercaller<HeartRateService>(void*, char*, GattWriteCallbackParams const*)
 .text._ZN18GapAdvertisingData7addDataENS_10DataType_tEPKhh
                0x000219e2       0x3a source/CMakeFiles/ble-hrm-a.dir/C_/Users/jossla01/Documents/GitHub/BLE_iBeacon/AHRM/source/main.cpp.o
                0x000219e2                GapAdvertisingData::addData(GapAdvertisingData::DataType_t, unsigned char const*, unsigned char)
 .text._ZN3Gap18setAdvertisingDataEv
                0x00021a1c       0x12 source/CMakeFiles/ble-hrm-a.dir/C_/Users/jossla01/Documents/GitHub/BLE_iBeacon/AHRM/source/main.cpp.o
                0x00021a1c                Gap::setAdvertisingData()
 .text._ZN3Gap16startAdvertisingEv
                0x00021a2e       0x14 source/CMakeFiles/ble-hrm-a.dir/C_/Users/jossla01/Documents/GitHub/BLE_iBeacon/AHRM/source/main.cpp.o
                0x00021a2e                Gap::startAdvertising()
 .text._ZN4UUIDC2Et
                0x00021a42       0x1a source/CMakeFiles/ble-hrm-a.dir/C_/Users/jossla01/Documents/GitHub/BLE_iBeacon/AHRM/source/main.cpp.o
                0x00021a42                UUID::UUID(unsigned short)
                0x00021a42                UUID::UUID(unsigned short)
 .text._ZN4UUIDC2ERKS_
                0x00021a5c       0x1a source/CMakeFiles/ble-hrm-a.dir/C_/Users/jossla01/Documents/GitHub/BLE_iBeacon/AHRM/source/main.cpp.o
                0x00021a5c                UUID::UUID(UUID const&)
                0x00021a5c                UUID::UUID(UUID const&)
 .text._ZN18GattCharacteristicC2ERK4UUIDPhtthPP13GattAttributej
                0x00021a76       0x7a source/CMakeFiles/ble-hrm-a.dir/C_/Users/jossla01/Documents/GitHub/BLE_iBeacon/AHRM/source/main.cpp.o
                0x00021a76                GattCharacteristic::GattCharacteristic(UUID const&, unsigned char*, unsigned short, unsigned short, unsigned char, GattAttribute**, unsigned int)
                0x00021a76                GattCharacteristic::GattCharacteristic(UUID const&, unsigned char*, unsigned short, unsigned short, unsigned char, GattAttribute**, unsigned int)
 .text._ZN3BLE3gapEv
                0x00021af0        0xc source/CMakeFiles/ble-hrm-a.dir/C_/Users/jossla01/Documents/GitHub/BLE_iBeacon/AHRM/source/main.cpp.o
                0x00021af0                BLE::gap()
 .text._ZN3BLE10gattServerEv
                0x00021afc        0xc source/CMakeFiles/ble-hrm-a.dir/C_/Users/jossla01/Documents/GitHub/BLE_iBeacon/AHRM/source/main.cpp.o
                0x00021afc                BLE::gattServer()
 .text._ZN3BLE10addServiceER11GattService
                0x00021b08       0x12 source/CMakeFiles/ble-hrm-a.dir/C_/Users/jossla01/Documents/GitHub/BLE_iBeacon/AHRM/source/main.cpp.o
                0x00021b08                BLE::addService(GattService&)
 .text._fstat   0x00021b1a       0x1e ym/mbed-classic/existing/mbed-classic.a(retarget.cpp.o)
                0x00021b1a                _fstat
 .text.__cxa_pure_virtual
                0x00021b38        0x8 ym/mbed-classic/existing/mbed-classic.a(retarget.cpp.o)
                0x00021b38                __cxa_pure_virtual
 .text.mbed_main
                0x00021b40        0x2 ym/mbed-classic/existing/mbed-classic.a(retarget.cpp.o)
                0x00021b40                mbed_main
 .text.mbed_sdk_init
                0x00021b42        0x2 ym/mbed-classic/existing/mbed-classic.a(retarget.cpp.o)
                0x00021b42                mbed_sdk_init
 .text.__wrap_main
                0x00021b44       0x10 ym/mbed-classic/existing/mbed-classic.a(retarget.cpp.o)
                0x00021b44                __wrap_main
 .text._exit    0x00021b54        0xc ym/mbed-classic/existing/mbed-classic.a(retarget.cpp.o)
                0x00021b54                _exit
 .text.mbed_die
                0x00021b60       0x66 ym/mbed-classic/existing/mbed-classic.a(board.c.o)
                0x00021b60                mbed_die
 .text.gpio_init_out_ex
                0x00021bc6       0x30 ym/mbed-classic/existing/mbed-classic.a(gpio.c.o)
                0x00021bc6                gpio_init_out_ex
 .text.gpio_init_out
                0x00021bf6        0xa ym/mbed-classic/existing/mbed-classic.a(gpio.c.o)
                0x00021bf6                gpio_init_out
 .text.wait_us  0x00021c00       0x16 ym/mbed-classic/existing/mbed-classic.a(wait_api.c.o)
                0x00021c00                wait_us
 .text.wait_ms  0x00021c16        0xe ym/mbed-classic/existing/mbed-classic.a(wait_api.c.o)
                0x00021c16                wait_ms
 .text.gpio_mode
                0x00021c24        0xc ym/mbed-classic/existing/mbed-classic.a(gpio_api.c.o)
                0x00021c24                gpio_mode
 .text.gpio_dir
                0x00021c30       0x1a ym/mbed-classic/existing/mbed-classic.a(gpio_api.c.o)
                0x00021c30                gpio_dir
 .text.pin_mode
                0x00021c4a       0x20 ym/mbed-classic/existing/mbed-classic.a(pinmap.c.o)
                0x00021c4a                pin_mode
 .text.serial_getc
                0x00021c6a       0x1a ym/mbed-classic/existing/mbed-classic.a(serial_api.c.o)
                0x00021c6a                serial_getc
 .text.nrf_delay_us.constprop.0
                0x00021c84       0x26 ym/mbed-classic/existing/mbed-classic.a(us_ticker.c.o)
 .text.ticker_irq_handler
                0x00021caa       0x46 ym/mbed-classic/existing/mbed-classic.a(ticker_api.c.o)
                0x00021caa                ticker_irq_handler
 .text._ZN3BLE4initEv
                0x00021cf0        0xc ym/ble/source/ble.a(BLE.cpp.o)
                0x00021cf0                BLE::init()
 .text._ZL18sd_ble_version_getP13ble_version_t
                0x00021cfc        0x4 ym/ble-nrf51822/source/ble-nrf51822.a(nRF5xn.cpp.o)
 .text._ZL15sd_app_evt_waitv
                0x00021d00        0x4 ym/ble-nrf51822/source/ble-nrf51822.a(nRF5xn.cpp.o)
 .text._ZN6nRF5xnD2Ev
                0x00021d04        0x2 ym/ble-nrf51822/source/ble-nrf51822.a(nRF5xn.cpp.o)
                0x00021d04                nRF5xn::~nRF5xn()
                0x00021d04                nRF5xn::~nRF5xn()
 .text._ZN6nRF5xn12waitForEventEv
                0x00021d06        0x8 ym/ble-nrf51822/source/ble-nrf51822.a(nRF5xn.cpp.o)
                0x00021d06                nRF5xn::waitForEvent()
 .text._ZN6nRF5xnD0Ev
                0x00021d0e        0xc ym/ble-nrf51822/source/ble-nrf51822.a(nRF5xn.cpp.o)
                0x00021d0e                nRF5xn::~nRF5xn()
 .text._ZN6nRF5xn4initEv
                0x00021d1a        0xa ym/ble-nrf51822/source/ble-nrf51822.a(nRF5xn.cpp.o)
                0x00021d1a                nRF5xn::init()
 .text._ZN6nRF5xn8shutdownEv
                0x00021d24       0x10 ym/ble-nrf51822/source/ble-nrf51822.a(nRF5xn.cpp.o)
                0x00021d24                nRF5xn::shutdown()
 .text._ZNK6nRF5xn18getSecurityManagerEv
                0x00021d34        0x8 ym/ble-nrf51822/source/ble-nrf51822.a(nRF5xn.cpp.o)
                0x00021d34                nRF5xn::getSecurityManager() const
 .text._ZN6nRF5xn18getSecurityManagerEv
                0x00021d3c        0x8 ym/ble-nrf51822/source/ble-nrf51822.a(nRF5xn.cpp.o)
                0x00021d3c                nRF5xn::getSecurityManager()
 .text._ZN6nRF5xn13getGattClientEv
                0x00021d44        0x8 ym/ble-nrf51822/source/ble-nrf51822.a(nRF5xn.cpp.o)
                0x00021d44                nRF5xn::getGattClient()
 .text._ZNK6nRF5xn13getGattServerEv
                0x00021d4c        0x8 ym/ble-nrf51822/source/ble-nrf51822.a(nRF5xn.cpp.o)
                0x00021d4c                nRF5xn::getGattServer() const
 .text._ZN6nRF5xn13getGattServerEv
                0x00021d54        0x8 ym/ble-nrf51822/source/ble-nrf51822.a(nRF5xn.cpp.o)
                0x00021d54                nRF5xn::getGattServer()
 .text._ZNK6nRF5xn6getGapEv
                0x00021d5c        0x8 ym/ble-nrf51822/source/ble-nrf51822.a(nRF5xn.cpp.o)
                0x00021d5c                nRF5xn::getGap() const
 .text._ZN6nRF5xn6getGapEv
                0x00021d64        0x8 ym/ble-nrf51822/source/ble-nrf51822.a(nRF5xn.cpp.o)
                0x00021d64                nRF5xn::getGap()
 .text.sd_ble_gap_address_set
                0x00021d6c        0x4 ym/ble-nrf51822/source/ble-nrf51822.a(btle.cpp.o)
 .text.sd_ble_gap_address_get
                0x00021d70        0x4 ym/ble-nrf51822/source/ble-nrf51822.a(btle.cpp.o)
 .text.sd_ble_enable
                0x00021d74        0x4 ym/ble-nrf51822/source/ble-nrf51822.a(btle.cpp.o)
 .text._ZL16sys_evt_dispatchm
                0x00021d78        0x8 ym/ble-nrf51822/source/ble-nrf51822.a(btle.cpp.o)
 .text._ZL12eventHandlerv
                0x00021d80        0xa ym/ble-nrf51822/source/ble-nrf51822.a(btle.cpp.o)
 .text.assert_nrf_callback
                0x00021d8a        0x2 ym/ble-nrf51822/source/ble-nrf51822.a(btle.cpp.o)
                0x00021d8a                assert_nrf_callback
 .text.sd_flash_write
                0x00021d8c        0x4 ym/ble-nrf51822/source/ble-nrf51822.a(pstorage.c.o)
 .text.sd_flash_page_erase
                0x00021d90        0x4 ym/ble-nrf51822/source/ble-nrf51822.a(pstorage.c.o)
 .text._Z20bleGattcEventHandlerPK9ble_evt_t
                0x00021d94       0xf6 ym/ble-nrf51822/source/ble-nrf51822.a(btle_discovery.cpp.o)
                0x00021d94                bleGattcEventHandler(ble_evt_t const*)
 .text._ZL23sd_ble_gap_tx_power_seta
                0x00021e8a        0x4 ym/ble-nrf51822/source/ble-nrf51822.a(btle_gap.cpp.o)
 .text._ZL25sd_ble_gap_appearance_sett
                0x00021e8e        0x4 ym/ble-nrf51822/source/ble-nrf51822.a(btle_gap.cpp.o)
 .text._ZL19sd_ble_gap_ppcp_setPK21ble_gap_conn_params_t
                0x00021e92        0x4 ym/ble-nrf51822/source/ble-nrf51822.a(btle_gap.cpp.o)
 .text._ZL26sd_ble_gap_device_name_setPK23ble_gap_conn_sec_mode_tPKht
                0x00021e96        0x4 ym/ble-nrf51822/source/ble-nrf51822.a(btle_gap.cpp.o)
 .text.sd_ble_gap_sec_params_reply
                0x00021e9a        0x4 ym/ble-nrf51822/source/ble-nrf51822.a(device_manager_peripheral.c.o)
 .text.sd_ble_gap_sec_info_reply
                0x00021e9e        0x4 ym/ble-nrf51822/source/ble-nrf51822.a(device_manager_peripheral.c.o)
 .text.sd_ble_gatts_service_changed
                0x00021ea2        0x4 ym/ble-nrf51822/source/ble-nrf51822.a(device_manager_peripheral.c.o)
 .text.sd_ble_gatts_sys_attr_set
                0x00021ea6        0x4 ym/ble-nrf51822/source/ble-nrf51822.a(device_manager_peripheral.c.o)
 .text.sd_ble_gatts_sys_attr_get
                0x00021eaa        0x4 ym/ble-nrf51822/source/ble-nrf51822.a(device_manager_peripheral.c.o)
 .text.storage_operation_dummy_handler
                0x00021eae        0x4 ym/ble-nrf51822/source/ble-nrf51822.a(device_manager_peripheral.c.o)
 .text.no_service_context_store
                0x00021eb2        0x4 ym/ble-nrf51822/source/ble-nrf51822.a(device_manager_peripheral.c.o)
 .text.gattc_context_store
                0x00021eb6        0x4 ym/ble-nrf51822/source/ble-nrf51822.a(device_manager_peripheral.c.o)
 .text.no_service_context_load
                0x00021eba        0x4 ym/ble-nrf51822/source/ble-nrf51822.a(device_manager_peripheral.c.o)
 .text.gattc_context_load
                0x00021ebe        0x4 ym/ble-nrf51822/source/ble-nrf51822.a(device_manager_peripheral.c.o)
 .text.no_service_context_apply
                0x00021ec2        0x4 ym/ble-nrf51822/source/ble-nrf51822.a(device_manager_peripheral.c.o)
 .text.gattc_context_apply
                0x00021ec6        0x4 ym/ble-nrf51822/source/ble-nrf51822.a(device_manager_peripheral.c.o)
 .text.gattsc_context_store
                0x00021eca        0x8 ym/ble-nrf51822/source/ble-nrf51822.a(device_manager_peripheral.c.o)
 .text.gattsc_context_apply
                0x00021ed2        0x8 ym/ble-nrf51822/source/ble-nrf51822.a(device_manager_peripheral.c.o)
 .text.gattsc_context_load
                0x00021eda        0x8 ym/ble-nrf51822/source/ble-nrf51822.a(device_manager_peripheral.c.o)
 .text._ZN10GattClient16discoverServicesEtPFvPK17DiscoveredServiceEtt
                0x00021ee2        0x4 ym/ble-nrf51822/source/ble-nrf51822.a(nRF5xGattClient.cpp.o)
                0x00021ee2                GattClient::discoverServices(unsigned short, void (*)(DiscoveredService const*), unsigned short, unsigned short)
 .text._ZL38sd_ble_gattc_primary_services_discoverttPK10ble_uuid_t
                0x00021ee6        0x4 ym/ble-nrf51822/source/ble-nrf51822.a(nRF5xGattClient.cpp.o)
 .text._ZL17sd_ble_gattc_readttt
                0x00021eea        0x4 ym/ble-nrf51822/source/ble-nrf51822.a(nRF5xGattClient.cpp.o)
 .text._ZL18sd_ble_gattc_writetPK24ble_gattc_write_params_t
                0x00021eee        0x4 ym/ble-nrf51822/source/ble-nrf51822.a(nRF5xGattClient.cpp.o)
 .text._ZNK21nRF5xServiceDiscovery8isActiveEv
                0x00021ef2        0xc ym/ble-nrf51822/source/ble-nrf51822.a(nRF5xGattClient.cpp.o)
                0x00021ef2                nRF5xServiceDiscovery::isActive() const
 .text._ZN21nRF5xServiceDiscovery13onTerminationEPFvtE
                0x00021efe        0x6 ym/ble-nrf51822/source/ble-nrf51822.a(nRF5xGattClient.cpp.o)
                0x00021efe                nRF5xServiceDiscovery::onTermination(void (*)(unsigned short))
 .text._ZN15nRF5xGattClient29onServiceDiscoveryTerminationEPFvtE
                0x00021f04        0x6 ym/ble-nrf51822/source/ble-nrf51822.a(nRF5xGattClient.cpp.o)
                0x00021f04                nRF5xGattClient::onServiceDiscoveryTermination(void (*)(unsigned short))
 .text._ZNK15nRF5xGattClient24isServiceDiscoveryActiveEv
                0x00021f0a        0xc ym/ble-nrf51822/source/ble-nrf51822.a(nRF5xGattClient.cpp.o)
                0x00021f0a                nRF5xGattClient::isServiceDiscoveryActive() const
 .text._ZNK15nRF5xGattClient4readEttt
                0x00021f16       0x20 ym/ble-nrf51822/source/ble-nrf51822.a(nRF5xGattClient.cpp.o)
                0x00021f16                nRF5xGattClient::read(unsigned short, unsigned short, unsigned short) const
 .text._ZN15nRF5xGattClient22launchServiceDiscoveryEtPFvPK17DiscoveredServiceEPFvPK24DiscoveredCharacteristicERK4UUIDSC_
                0x00021f36       0x12 ym/ble-nrf51822/source/ble-nrf51822.a(nRF5xGattClient.cpp.o)
                0x00021f36                nRF5xGattClient::launchServiceDiscovery(unsigned short, void (*)(DiscoveredService const*), void (*)(DiscoveredCharacteristic const*), UUID const&, UUID const&)
 .text._ZN10GattClient16discoverServicesEtPFvPK17DiscoveredServiceERK4UUID
                0x00021f48       0x2e ym/ble-nrf51822/source/ble-nrf51822.a(nRF5xGattClient.cpp.o)
                0x00021f48                GattClient::discoverServices(unsigned short, void (*)(DiscoveredService const*), UUID const&)
 .text._ZN21nRF5xServiceDiscovery25terminateServiceDiscoveryEv
                0x00021f76       0x24 ym/ble-nrf51822/source/ble-nrf51822.a(nRF5xGattClient.cpp.o)
                0x00021f76                nRF5xServiceDiscovery::terminateServiceDiscovery()
 .text._ZN21nRF5xServiceDiscovery9terminateEv
                0x00021f9a        0x8 ym/ble-nrf51822/source/ble-nrf51822.a(nRF5xGattClient.cpp.o)
                0x00021f9a                nRF5xServiceDiscovery::terminate()
 .text._ZN15nRF5xGattClient25terminateServiceDiscoveryEv
                0x00021fa2        0xa ym/ble-nrf51822/source/ble-nrf51822.a(nRF5xGattClient.cpp.o)
                0x00021fa2                nRF5xGattClient::terminateServiceDiscovery()
 .text._ZN15SecurityManager24onSecuritySetupInitiatedEPFvtbbNS_24SecurityIOCapabilities_tEE
                0x00021fac        0x4 ym/ble-nrf51822/source/ble-nrf51822.a(nRF5xSecurityManager.cpp.o)
                0x00021fac                SecurityManager::onSecuritySetupInitiated(void (*)(unsigned short, bool, bool, SecurityManager::SecurityIOCapabilities_t))
 .text._ZN15SecurityManager24onSecuritySetupCompletedEPFvtNS_26SecurityCompletionStatus_tEE
                0x00021fb0        0x4 ym/ble-nrf51822/source/ble-nrf51822.a(nRF5xSecurityManager.cpp.o)
                0x00021fb0                SecurityManager::onSecuritySetupCompleted(void (*)(unsigned short, SecurityManager::SecurityCompletionStatus_t))
 .text._ZN15SecurityManager13onLinkSecuredEPFvtNS_14SecurityMode_tEE
                0x00021fb4        0x4 ym/ble-nrf51822/source/ble-nrf51822.a(nRF5xSecurityManager.cpp.o)
                0x00021fb4                SecurityManager::onLinkSecured(void (*)(unsigned short, SecurityManager::SecurityMode_t))
 .text._ZN15SecurityManager23onSecurityContextStoredEPFvtE
                0x00021fb8        0x4 ym/ble-nrf51822/source/ble-nrf51822.a(nRF5xSecurityManager.cpp.o)
                0x00021fb8                SecurityManager::onSecurityContextStored(void (*)(unsigned short))
 .text._ZN15SecurityManager16onPasskeyDisplayEPFvtPKhE
                0x00021fbc        0x4 ym/ble-nrf51822/source/ble-nrf51822.a(nRF5xSecurityManager.cpp.o)
                0x00021fbc                SecurityManager::onPasskeyDisplay(void (*)(unsigned short, unsigned char const*))
 .text._ZN20nRF5xSecurityManager20purgeAllBondingStateEv
                0x00021fc0        0x8 ym/ble-nrf51822/source/ble-nrf51822.a(nRF5xSecurityManager.cpp.o)
                0x00021fc0                nRF5xSecurityManager::purgeAllBondingState()
 .text._ZN20nRF5xSecurityManager15getLinkSecurityEtPN15SecurityManager20LinkSecurityStatus_tE
                0x00021fc8        0xc ym/ble-nrf51822/source/ble-nrf51822.a(nRF5xSecurityManager.cpp.o)
                0x00021fc8                nRF5xSecurityManager::getLinkSecurity(unsigned short, SecurityManager::LinkSecurityStatus_t*)
 .text._ZN20nRF5xSecurityManager4initEbbN15SecurityManager24SecurityIOCapabilities_tEPKh
                0x00021fd4       0x10 ym/ble-nrf51822/source/ble-nrf51822.a(nRF5xSecurityManager.cpp.o)
                0x00021fd4                nRF5xSecurityManager::init(bool, bool, SecurityManager::SecurityIOCapabilities_t, unsigned char const*)
 .text._ZL24sd_ble_gatts_service_addhPK10ble_uuid_tPt
                0x00021fe4        0x4 ym/ble-nrf51822/source/ble-nrf51822.a(nRF5xGattServer.cpp.o)
 .text._ZL22sd_ble_gatts_value_setttP17ble_gatts_value_t
                0x00021fe8        0x4 ym/ble-nrf51822/source/ble-nrf51822.a(nRF5xGattServer.cpp.o)
 .text._ZL22sd_ble_gatts_value_getttP17ble_gatts_value_t
                0x00021fec        0x4 ym/ble-nrf51822/source/ble-nrf51822.a(nRF5xGattServer.cpp.o)
 .text._ZL16sd_ble_gatts_hvxtPK22ble_gatts_hvx_params_t
                0x00021ff0        0x4 ym/ble-nrf51822/source/ble-nrf51822.a(nRF5xGattServer.cpp.o)
 .text._ZL31sd_ble_gatts_rw_authorize_replytPK37ble_gatts_rw_authorize_reply_params_t
                0x00021ff4        0x4 ym/ble-nrf51822/source/ble-nrf51822.a(nRF5xGattServer.cpp.o)
 .text._ZL25sd_ble_gatts_sys_attr_settPKhtm
                0x00021ff8        0x4 ym/ble-nrf51822/source/ble-nrf51822.a(nRF5xGattServer.cpp.o)
 .text._ZN10GattServer10addServiceER11GattService
                0x00021ffc        0x4 ym/ble-nrf51822/source/ble-nrf51822.a(nRF5xGattServer.cpp.o)
                0x00021ffc                GattServer::addService(GattService&)
 .text._ZN10GattServer4readEtPhPt
                0x00022000        0x4 ym/ble-nrf51822/source/ble-nrf51822.a(nRF5xGattServer.cpp.o)
                0x00022000                GattServer::read(unsigned short, unsigned char*, unsigned short*)
 .text._ZN10GattServer4readEttPhPt
                0x00022004        0x4 ym/ble-nrf51822/source/ble-nrf51822.a(nRF5xGattServer.cpp.o)
                0x00022004                GattServer::read(unsigned short, unsigned short, unsigned char*, unsigned short*)
 .text._ZN10GattServer5writeEtPKhtb
                0x00022008        0x4 ym/ble-nrf51822/source/ble-nrf51822.a(nRF5xGattServer.cpp.o)
                0x00022008                GattServer::write(unsigned short, unsigned char const*, unsigned short, bool)
 .text._ZN10GattServer5writeEttPKhtb
                0x0002200c        0x4 ym/ble-nrf51822/source/ble-nrf51822.a(nRF5xGattServer.cpp.o)
                0x0002200c                GattServer::write(unsigned short, unsigned short, unsigned char const*, unsigned short, bool)
 .text._ZN10GattServer17areUpdatesEnabledERK18GattCharacteristicPb
                0x00022010        0x4 ym/ble-nrf51822/source/ble-nrf51822.a(nRF5xGattServer.cpp.o)
                0x00022010                GattServer::areUpdatesEnabled(GattCharacteristic const&, bool*)
 .text._ZN10GattServer17areUpdatesEnabledEtRK18GattCharacteristicPb
                0x00022014        0x4 ym/ble-nrf51822/source/ble-nrf51822.a(nRF5xGattServer.cpp.o)
                0x00022014                GattServer::areUpdatesEnabled(unsigned short, GattCharacteristic const&, bool*)
 .text._ZNK10GattServer21isOnDataReadAvailableEv
                0x00022018        0x4 ym/ble-nrf51822/source/ble-nrf51822.a(nRF5xGattServer.cpp.o)
                0x00022018                GattServer::isOnDataReadAvailable() const
 .text._ZN15nRF5xGattServer4readEttPhPt
                0x0002201c       0x2a ym/ble-nrf51822/source/ble-nrf51822.a(nRF5xGattServer.cpp.o)
                0x0002201c                nRF5xGattServer::read(unsigned short, unsigned short, unsigned char*, unsigned short*)
 .text._ZN15nRF5xGattServer17areUpdatesEnabledERK18GattCharacteristicPb
                0x00022046       0x20 ym/ble-nrf51822/source/ble-nrf51822.a(nRF5xGattServer.cpp.o)
                0x00022046                nRF5xGattServer::areUpdatesEnabled(GattCharacteristic const&, bool*)
 .text._ZN38CallChainOfFunctionPointersWithContextIjED0Ev
                0x00022066       0x12 ym/ble-nrf51822/source/ble-nrf51822.a(nRF5xGattServer.cpp.o)
                0x00022066                CallChainOfFunctionPointersWithContext<unsigned int>::~CallChainOfFunctionPointersWithContext()
 .text._ZN38CallChainOfFunctionPointersWithContextIPK23GattWriteCallbackParamsED0Ev
                0x00022078       0x12 ym/ble-nrf51822/source/ble-nrf51822.a(nRF5xGattServer.cpp.o)
                0x00022078                CallChainOfFunctionPointersWithContext<GattWriteCallbackParams const*>::~CallChainOfFunctionPointersWithContext()
 .text._ZN38CallChainOfFunctionPointersWithContextIPK22GattReadCallbackParamsED0Ev
                0x0002208a       0x12 ym/ble-nrf51822/source/ble-nrf51822.a(nRF5xGattServer.cpp.o)
                0x0002208a                CallChainOfFunctionPointersWithContext<GattReadCallbackParams const*>::~CallChainOfFunctionPointersWithContext()
 .text._ZN15nRF5xGattServer17areUpdatesEnabledEtRK18GattCharacteristicPb
                0x0002209c       0x62 ym/ble-nrf51822/source/ble-nrf51822.a(nRF5xGattServer.cpp.o)
                0x0002209c                nRF5xGattServer::areUpdatesEnabled(unsigned short, GattCharacteristic const&, bool*)
 .text._ZNK4UUIDeqERKS_
                0x000220fe       0x3c ym/ble-nrf51822/source/ble-nrf51822.a(nRF5xGattServer.cpp.o)
                0x000220fe                UUID::operator==(UUID const&) const
 .text._ZN10GattServer22handleDataWrittenEventEPK23GattWriteCallbackParams
                0x0002213a       0x30 ym/ble-nrf51822/source/ble-nrf51822.a(nRF5xGattServer.cpp.o)
                0x0002213a                GattServer::handleDataWrittenEvent(GattWriteCallbackParams const*)
 .text._ZN10GattServer11handleEventEN16GattServerEvents11gattEvent_eEt
                0x0002216a       0x24 ym/ble-nrf51822/source/ble-nrf51822.a(nRF5xGattServer.cpp.o)
                0x0002216a                GattServer::handleEvent(GattServerEvents::gattEvent_e, unsigned short)
 .text._ZN15nRF5xGattServer10hwCallbackEP9ble_evt_t
                0x0002218e      0x292 ym/ble-nrf51822/source/ble-nrf51822.a(nRF5xGattServer.cpp.o)
                0x0002218e                nRF5xGattServer::hwCallback(ble_evt_t*)
 .text.sd_ble_opt_set
                0x00022420        0x4 ym/ble-nrf51822/source/ble-nrf51822.a(btle_security.cpp.o)
 .text._ZL22sd_ble_gap_address_sethPK14ble_gap_addr_t
                0x00022424        0x4 ym/ble-nrf51822/source/ble-nrf51822.a(nRF5xGap.cpp.o)
 .text._ZL22sd_ble_gap_address_getP14ble_gap_addr_t
                0x00022428        0x4 ym/ble-nrf51822/source/ble-nrf51822.a(nRF5xGap.cpp.o)
 .text._ZL23sd_ble_gap_adv_data_setPKhhS0_h
                0x0002242c        0x4 ym/ble-nrf51822/source/ble-nrf51822.a(nRF5xGap.cpp.o)
 .text._ZL20sd_ble_gap_adv_startPK20ble_gap_adv_params_t
                0x00022430        0x4 ym/ble-nrf51822/source/ble-nrf51822.a(nRF5xGap.cpp.o)
 .text._ZL19sd_ble_gap_adv_stopv
                0x00022434        0x4 ym/ble-nrf51822/source/ble-nrf51822.a(nRF5xGap.cpp.o)
 .text._ZL28sd_ble_gap_conn_param_updatetPK21ble_gap_conn_params_t
                0x00022438        0x4 ym/ble-nrf51822/source/ble-nrf51822.a(nRF5xGap.cpp.o)
 .text._ZL21sd_ble_gap_disconnectth
                0x0002243c        0x4 ym/ble-nrf51822/source/ble-nrf51822.a(nRF5xGap.cpp.o)
 .text._ZL23sd_ble_gap_tx_power_seta
                0x00022440        0x4 ym/ble-nrf51822/source/ble-nrf51822.a(nRF5xGap.cpp.o)
 .text._ZL25sd_ble_gap_appearance_sett
                0x00022444        0x4 ym/ble-nrf51822/source/ble-nrf51822.a(nRF5xGap.cpp.o)
 .text._ZL25sd_ble_gap_appearance_getPt
                0x00022448        0x4 ym/ble-nrf51822/source/ble-nrf51822.a(nRF5xGap.cpp.o)
 .text._ZL19sd_ble_gap_ppcp_setPK21ble_gap_conn_params_t
                0x0002244c        0x4 ym/ble-nrf51822/source/ble-nrf51822.a(nRF5xGap.cpp.o)
 .text._ZL19sd_ble_gap_ppcp_getP21ble_gap_conn_params_t
                0x00022450        0x4 ym/ble-nrf51822/source/ble-nrf51822.a(nRF5xGap.cpp.o)
 .text._ZL26sd_ble_gap_device_name_setPK23ble_gap_conn_sec_mode_tPKht
                0x00022454        0x4 ym/ble-nrf51822/source/ble-nrf51822.a(nRF5xGap.cpp.o)
 .text._ZL26sd_ble_gap_device_name_getPhPt
                0x00022458        0x4 ym/ble-nrf51822/source/ble-nrf51822.a(nRF5xGap.cpp.o)
 .text._ZL21sd_ble_gap_scan_startPK21ble_gap_scan_params_t
                0x0002245c        0x4 ym/ble-nrf51822/source/ble-nrf51822.a(nRF5xGap.cpp.o)
 .text._ZL20sd_ble_gap_scan_stopv
                0x00022460        0x4 ym/ble-nrf51822/source/ble-nrf51822.a(nRF5xGap.cpp.o)
 .text._ZL18sd_ble_gap_connectPK14ble_gap_addr_tPK21ble_gap_scan_params_tPK21ble_gap_conn_params_t
                0x00022464        0x4 ym/ble-nrf51822/source/ble-nrf51822.a(nRF5xGap.cpp.o)
 .text._ZN3Gap10setAddressENS_13AddressType_tEPKh
                0x00022468        0x4 ym/ble-nrf51822/source/ble-nrf51822.a(nRF5xGap.cpp.o)
                0x00022468                Gap::setAddress(Gap::AddressType_t, unsigned char const*)
 .text._ZN3Gap10getAddressEPNS_13AddressType_tEPh
                0x0002246c        0x4 ym/ble-nrf51822/source/ble-nrf51822.a(nRF5xGap.cpp.o)
                0x0002246c                Gap::getAddress(Gap::AddressType_t*, unsigned char*)
 .text._ZNK3Gap25getMinAdvertisingIntervalEv
                0x00022470        0x4 ym/ble-nrf51822/source/ble-nrf51822.a(nRF5xGap.cpp.o)
                0x00022470                Gap::getMinAdvertisingInterval() const
 .text._ZNK3Gap39getMinNonConnectableAdvertisingIntervalEv
                0x00022474        0x4 ym/ble-nrf51822/source/ble-nrf51822.a(nRF5xGap.cpp.o)
                0x00022474                Gap::getMinNonConnectableAdvertisingInterval() const
 .text._ZN3Gap15stopAdvertisingEv
                0x00022478        0x4 ym/ble-nrf51822/source/ble-nrf51822.a(nRF5xGap.cpp.o)
                0x00022478                Gap::stopAdvertising()
 .text._ZN3Gap8stopScanEv
                0x0002247c        0x4 ym/ble-nrf51822/source/ble-nrf51822.a(nRF5xGap.cpp.o)
                0x0002247c                Gap::stopScan()
 .text._ZN3Gap7connectEPKhNS_13AddressType_tEPKNS_18ConnectionParams_tEPK17GapScanningParams
                0x00022480        0x4 ym/ble-nrf51822/source/ble-nrf51822.a(nRF5xGap.cpp.o)
                0x00022480                Gap::connect(unsigned char const*, Gap::AddressType_t, Gap::ConnectionParams_t const*, GapScanningParams const*)
 .text._ZN3Gap10disconnectEtNS_21DisconnectionReason_tE
                0x00022484        0x4 ym/ble-nrf51822/source/ble-nrf51822.a(nRF5xGap.cpp.o)
                0x00022484                Gap::disconnect(unsigned short, Gap::DisconnectionReason_t)
 .text._ZN3Gap10disconnectENS_21DisconnectionReason_tE
                0x00022488        0x4 ym/ble-nrf51822/source/ble-nrf51822.a(nRF5xGap.cpp.o)
                0x00022488                Gap::disconnect(Gap::DisconnectionReason_t)
 .text._ZN3Gap28getPreferredConnectionParamsEPNS_18ConnectionParams_tE
                0x0002248c        0x4 ym/ble-nrf51822/source/ble-nrf51822.a(nRF5xGap.cpp.o)
                0x0002248c                Gap::getPreferredConnectionParams(Gap::ConnectionParams_t*)
 .text._ZN3Gap28setPreferredConnectionParamsEPKNS_18ConnectionParams_tE
                0x00022490        0x4 ym/ble-nrf51822/source/ble-nrf51822.a(nRF5xGap.cpp.o)
                0x00022490                Gap::setPreferredConnectionParams(Gap::ConnectionParams_t const*)
 .text._ZN3Gap22updateConnectionParamsEtPKNS_18ConnectionParams_tE
                0x00022494        0x4 ym/ble-nrf51822/source/ble-nrf51822.a(nRF5xGap.cpp.o)
                0x00022494                Gap::updateConnectionParams(unsigned short, Gap::ConnectionParams_t const*)
 .text._ZN3Gap13setDeviceNameEPKh
                0x00022498        0x4 ym/ble-nrf51822/source/ble-nrf51822.a(nRF5xGap.cpp.o)
                0x00022498                Gap::setDeviceName(unsigned char const*)
 .text._ZN3Gap13getDeviceNameEPhPj
                0x0002249c        0x4 ym/ble-nrf51822/source/ble-nrf51822.a(nRF5xGap.cpp.o)
                0x0002249c                Gap::getDeviceName(unsigned char*, unsigned int*)
 .text._ZN3Gap13setAppearanceEN18GapAdvertisingData12Appearance_tE
                0x000224a0        0x4 ym/ble-nrf51822/source/ble-nrf51822.a(nRF5xGap.cpp.o)
                0x000224a0                Gap::setAppearance(GapAdvertisingData::Appearance_t)
 .text._ZN3Gap13getAppearanceEPN18GapAdvertisingData12Appearance_tE
                0x000224a4        0x4 ym/ble-nrf51822/source/ble-nrf51822.a(nRF5xGap.cpp.o)
                0x000224a4                Gap::getAppearance(GapAdvertisingData::Appearance_t*)
 .text._ZN3Gap10setTxPowerEa
                0x000224a8        0x4 ym/ble-nrf51822/source/ble-nrf51822.a(nRF5xGap.cpp.o)
                0x000224a8                Gap::setTxPower(signed char)
 .text._ZN3Gap25getPermittedTxPowerValuesEPPKaPj
                0x000224ac        0x6 ym/ble-nrf51822/source/ble-nrf51822.a(nRF5xGap.cpp.o)
                0x000224ac                Gap::getPermittedTxPowerValues(signed char const**, unsigned int*)
 .text._ZN3Gap14startRadioScanERK17GapScanningParams
                0x000224b2        0x4 ym/ble-nrf51822/source/ble-nrf51822.a(nRF5xGap.cpp.o)
                0x000224b2                Gap::startRadioScan(GapScanningParams const&)
 .text._ZN3Gap21initRadioNotificationEv
                0x000224b6        0x4 ym/ble-nrf51822/source/ble-nrf51822.a(nRF5xGap.cpp.o)
                0x000224b6                Gap::initRadioNotification()
 .text._ZNK8nRF5xGap25getMinAdvertisingIntervalEv
                0x000224ba        0x4 ym/ble-nrf51822/source/ble-nrf51822.a(nRF5xGap.cpp.o)
                0x000224ba                nRF5xGap::getMinAdvertisingInterval() const
 .text._ZNK8nRF5xGap39getMinNonConnectableAdvertisingIntervalEv
                0x000224be        0x4 ym/ble-nrf51822/source/ble-nrf51822.a(nRF5xGap.cpp.o)
                0x000224be                nRF5xGap::getMinNonConnectableAdvertisingInterval() const
 .text._ZNK8nRF5xGap25getMaxAdvertisingIntervalEv
                0x000224c2        0x6 ym/ble-nrf51822/source/ble-nrf51822.a(nRF5xGap.cpp.o)
                0x000224c2                nRF5xGap::getMaxAdvertisingInterval() const
 .text._ZN8nRF5xGap14startRadioScanERK17GapScanningParams
                0x000224c8       0x3a ym/ble-nrf51822/source/ble-nrf51822.a(nRF5xGap.cpp.o)
                0x000224c8                nRF5xGap::startRadioScan(GapScanningParams const&)
 .text._ZN8nRF5xGap8stopScanEv
                0x00022502       0x10 ym/ble-nrf51822/source/ble-nrf51822.a(nRF5xGap.cpp.o)
                0x00022502                nRF5xGap::stopScan()
 .text._ZN8nRF5xGap15stopAdvertisingEv
                0x00022512       0x20 ym/ble-nrf51822/source/ble-nrf51822.a(nRF5xGap.cpp.o)
                0x00022512                nRF5xGap::stopAdvertising()
 .text._ZN8nRF5xGap10disconnectEtN3Gap21DisconnectionReason_tE
                0x00022532       0x2c ym/ble-nrf51822/source/ble-nrf51822.a(nRF5xGap.cpp.o)
                0x00022532                nRF5xGap::disconnect(unsigned short, Gap::DisconnectionReason_t)
 .text._ZN8nRF5xGap10disconnectEN3Gap21DisconnectionReason_tE
                0x0002255e       0x12 ym/ble-nrf51822/source/ble-nrf51822.a(nRF5xGap.cpp.o)
                0x0002255e                nRF5xGap::disconnect(Gap::DisconnectionReason_t)
 .text._ZN8nRF5xGap28getPreferredConnectionParamsEPN3Gap18ConnectionParams_tE
                0x00022570       0x16 ym/ble-nrf51822/source/ble-nrf51822.a(nRF5xGap.cpp.o)
                0x00022570                nRF5xGap::getPreferredConnectionParams(Gap::ConnectionParams_t*)
 .text._ZN8nRF5xGap28setPreferredConnectionParamsEPKN3Gap18ConnectionParams_tE
                0x00022586       0x16 ym/ble-nrf51822/source/ble-nrf51822.a(nRF5xGap.cpp.o)
                0x00022586                nRF5xGap::setPreferredConnectionParams(Gap::ConnectionParams_t const*)
 .text._ZN8nRF5xGap22updateConnectionParamsEtPKN3Gap18ConnectionParams_tE
                0x0002259c       0x14 ym/ble-nrf51822/source/ble-nrf51822.a(nRF5xGap.cpp.o)
                0x0002259c                nRF5xGap::updateConnectionParams(unsigned short, Gap::ConnectionParams_t const*)
 .text._ZN8nRF5xGap10getAddressEPN3Gap13AddressType_tEPh
                0x000225b0       0x32 ym/ble-nrf51822/source/ble-nrf51822.a(nRF5xGap.cpp.o)
                0x000225b0                nRF5xGap::getAddress(Gap::AddressType_t*, unsigned char*)
 .text._ZN8nRF5xGap13getDeviceNameEPhPj
                0x000225e2       0x14 ym/ble-nrf51822/source/ble-nrf51822.a(nRF5xGap.cpp.o)
                0x000225e2                nRF5xGap::getDeviceName(unsigned char*, unsigned int*)
 .text._ZN8nRF5xGap13setAppearanceEN18GapAdvertisingData12Appearance_tE
                0x000225f6       0x12 ym/ble-nrf51822/source/ble-nrf51822.a(nRF5xGap.cpp.o)
                0x000225f6                nRF5xGap::setAppearance(GapAdvertisingData::Appearance_t)
 .text._ZN8nRF5xGap13getAppearanceEPN18GapAdvertisingData12Appearance_tE
                0x00022608       0x12 ym/ble-nrf51822/source/ble-nrf51822.a(nRF5xGap.cpp.o)
                0x00022608                nRF5xGap::getAppearance(GapAdvertisingData::Appearance_t*)
 .text._ZN8nRF5xGap10setTxPowerEa
                0x0002261a       0x1a ym/ble-nrf51822/source/ble-nrf51822.a(nRF5xGap.cpp.o)
                0x0002261a                nRF5xGap::setTxPower(signed char)
 .text._ZN8nRF5xGap13setDeviceNameEPKh
                0x00022634       0x24 ym/ble-nrf51822/source/ble-nrf51822.a(nRF5xGap.cpp.o)
                0x00022634                nRF5xGap::setDeviceName(unsigned char const*)
 .text._ZN8nRF5xGap10setAddressEN3Gap13AddressType_tEPKh
                0x00022658       0x2a ym/ble-nrf51822/source/ble-nrf51822.a(nRF5xGap.cpp.o)
                0x00022658                nRF5xGap::setAddress(Gap::AddressType_t, unsigned char const*)
 .text._ZN8nRF5xGap18setAdvertisingDataERK18GapAdvertisingDataS2_
                0x00022682       0x2e ym/ble-nrf51822/source/ble-nrf51822.a(nRF5xGap.cpp.o)
                0x00022682                nRF5xGap::setAdvertisingData(GapAdvertisingData const&, GapAdvertisingData const&)
 .text._ZN18GapAdvertisingDataC2Ev
                0x000226b0       0x1a ym/ble-nrf51822/source/ble-nrf51822.a(nRF5xGap.cpp.o)
                0x000226b0                GapAdvertisingData::GapAdvertisingData()
                0x000226b0                GapAdvertisingData::GapAdvertisingData()
 .text._ZN18GapAdvertisingData5clearEv
                0x000226ca       0x12 ym/ble-nrf51822/source/ble-nrf51822.a(nRF5xGap.cpp.o)
                0x000226ca                GapAdvertisingData::clear()
 .text._Z31radioNotificationStaticCallbackb
                0x000226dc       0x34 ym/ble-nrf51822/source/ble-nrf51822.a(nRF5xGap.cpp.o)
                0x000226dc                radioNotificationStaticCallback(bool)
 .text._ZN8nRF5xGap19setConnectionHandleEt
                0x00022710        0x6 ym/ble-nrf51822/source/ble-nrf51822.a(nRF5xGap.cpp.o)
                0x00022710                nRF5xGap::setConnectionHandle(unsigned short)
 .text._ZN8nRF5xGap19getConnectionHandleEv
                0x00022716        0x6 ym/ble-nrf51822/source/ble-nrf51822.a(nRF5xGap.cpp.o)
                0x00022716                nRF5xGap::getConnectionHandle()
 .text.sd_nvic_EnableIRQ
                0x0002271c        0x4 ym/ble-nrf51822/source/ble-nrf51822.a(softdevice_handler.c.o)
 .text.sd_evt_get
                0x00022720        0x4 ym/ble-nrf51822/source/ble-nrf51822.a(softdevice_handler.c.o)
 .text.sd_softdevice_enable
                0x00022724        0x4 ym/ble-nrf51822/source/ble-nrf51822.a(softdevice_handler.c.o)
 .text.sd_softdevice_disable
                0x00022728        0x4 ym/ble-nrf51822/source/ble-nrf51822.a(softdevice_handler.c.o)
 .text.sd_ble_evt_get
                0x0002272c        0x4 ym/ble-nrf51822/source/ble-nrf51822.a(softdevice_handler.c.o)
 .text.softdevice_assertion_handler
                0x00022730        0xc ym/ble-nrf51822/source/ble-nrf51822.a(softdevice_handler.c.o)
                0x00022730                softdevice_assertion_handler
 .text._ZL31sd_ble_gatts_characteristic_addtPK19ble_gatts_char_md_tPK16ble_gatts_attr_tP24ble_gatts_char_handles_t
                0x0002273c        0x4 ym/ble-nrf51822/source/ble-nrf51822.a(custom_helper.cpp.o)
 .text._ZL27sd_ble_gatts_descriptor_addtPK16ble_gatts_attr_tPt
                0x00022740        0x4 ym/ble-nrf51822/source/ble-nrf51822.a(custom_helper.cpp.o)
 .text._ZL18sd_ble_uuid_vs_addPK13ble_uuid128_tPh
                0x00022744        0x4 ym/ble-nrf51822/source/ble-nrf51822.a(custom_helper.cpp.o)
 .text.custom_add_uuid_base
                0x00022748       0x30 ym/ble-nrf51822/source/ble-nrf51822.a(custom_helper.cpp.o)
                0x00022748                custom_add_uuid_base
 .text.custom_add_in_characteristic
                0x00022778      0x15e ym/ble-nrf51822/source/ble-nrf51822.a(custom_helper.cpp.o)
                0x00022778                custom_add_in_characteristic
 .text.custom_add_in_descriptor
                0x000228d6       0x58 ym/ble-nrf51822/source/ble-nrf51822.a(custom_helper.cpp.o)
                0x000228d6                custom_add_in_descriptor
 .text._ZL38sd_ble_gattc_primary_services_discoverttPK10ble_uuid_t
                0x0002292e        0x4 ym/ble-nrf51822/source/ble-nrf51822.a(nRF5xServiceDiscovery.cpp.o)
 .text._ZL37sd_ble_gattc_characteristics_discovertPK24ble_gattc_handle_range_t
                0x00022932        0x4 ym/ble-nrf51822/source/ble-nrf51822.a(nRF5xServiceDiscovery.cpp.o)
 .text._ZL36sd_ble_gattc_char_value_by_uuid_readtPK10ble_uuid_tPK24ble_gattc_handle_range_t
                0x00022936        0x4 ym/ble-nrf51822/source/ble-nrf51822.a(nRF5xServiceDiscovery.cpp.o)
 .text._ZN21nRF5xServiceDiscovery32terminateCharacteristicDiscoveryEv
                0x0002293a       0x18 ym/ble-nrf51822/source/ble-nrf51822.a(nRF5xServiceDiscovery.cpp.o)
                0x0002293a                nRF5xServiceDiscovery::terminateCharacteristicDiscovery()
 .text._ZN21nRF5xServiceDiscovery25ServiceUUIDDiscoveryQueue7dequeueEv
                0x00022952       0x24 ym/ble-nrf51822/source/ble-nrf51822.a(nRF5xServiceDiscovery.cpp.o)
                0x00022952                nRF5xServiceDiscovery::ServiceUUIDDiscoveryQueue::dequeue()
 .text._ZN21nRF5xServiceDiscovery22CharUUIDDiscoveryQueue7dequeueEv
                0x00022976       0x24 ym/ble-nrf51822/source/ble-nrf51822.a(nRF5xServiceDiscovery.cpp.o)
                0x00022976                nRF5xServiceDiscovery::CharUUIDDiscoveryQueue::dequeue()
 .text._ZN21nRF5xServiceDiscovery31progressCharacteristicDiscoveryEv
                0x0002299a       0xc2 ym/ble-nrf51822/source/ble-nrf51822.a(nRF5xServiceDiscovery.cpp.o)
                0x0002299a                nRF5xServiceDiscovery::progressCharacteristicDiscovery()
 .text._ZN21nRF5xServiceDiscovery23setupDiscoveredServicesEPK34ble_gattc_evt_prim_srvc_disc_rsp_t
                0x00022a5c       0xac ym/ble-nrf51822/source/ble-nrf51822.a(nRF5xServiceDiscovery.cpp.o)
                0x00022a5c                nRF5xServiceDiscovery::setupDiscoveredServices(ble_gattc_evt_prim_srvc_disc_rsp_t const*)
 .text._ZN21nRF5xServiceDiscovery30setupDiscoveredCharacteristicsEPK29ble_gattc_evt_char_disc_rsp_t
                0x00022b08       0xbe ym/ble-nrf51822/source/ble-nrf51822.a(nRF5xServiceDiscovery.cpp.o)
                0x00022b08                nRF5xServiceDiscovery::setupDiscoveredCharacteristics(ble_gattc_evt_char_disc_rsp_t const*)
 .text.sd_nvic_EnableIRQ
                0x00022bc6        0x4 ym/ble-nrf51822/source/ble-nrf51822.a(ble_radio_notification.c.o)
 .text.sd_nvic_ClearPendingIRQ
                0x00022bca        0x4 ym/ble-nrf51822/source/ble-nrf51822.a(ble_radio_notification.c.o)
 .text.sd_nvic_SetPriority
                0x00022bce        0x4 ym/ble-nrf51822/source/ble-nrf51822.a(ble_radio_notification.c.o)
 .text.sd_radio_notification_cfg_set
                0x00022bd2        0x4 ym/ble-nrf51822/source/ble-nrf51822.a(ble_radio_notification.c.o)
 .text._ZN29nRF5xDiscoveredCharacteristic5setupEP15nRF5xGattClientt21ble_gatt_char_props_ttt
                0x00022bd6       0x6c ym/ble-nrf51822/source/ble-nrf51822.a(nRF5xDiscoveredCharacteristic.cpp.o)
                0x00022bd6                nRF5xDiscoveredCharacteristic::setup(nRF5xGattClient*, unsigned short, ble_gatt_char_props_t, unsigned short, unsigned short)
 .text._ZN29nRF5xDiscoveredCharacteristic5setupEP15nRF5xGattClienttt21ble_gatt_char_props_ttt
                0x00022c42       0xa0 ym/ble-nrf51822/source/ble-nrf51822.a(nRF5xDiscoveredCharacteristic.cpp.o)
                0x00022c42                nRF5xDiscoveredCharacteristic::setup(nRF5xGattClient*, unsigned short, unsigned short, ble_gatt_char_props_t, unsigned short, unsigned short)
 .text._ZN4mbed9CallChain5clearEv
                0x00022ce2       0x26 ym/mbed-classic/existing/mbed-classic.a(CallChain.cpp.o)
                0x00022ce2                mbed::CallChain::clear()
 .text._ZN4mbed9CallChainD0Ev
                0x00022d08       0x12 ym/mbed-classic/existing/mbed-classic.a(CallChain.cpp.o)
                0x00022d08                mbed::CallChain::~CallChain()
 .text._ZN4mbed9CallChain4callEv
                0x00022d1a       0x32 ym/mbed-classic/existing/mbed-classic.a(CallChain.cpp.o)
                0x00022d1a                mbed::CallChain::call()
 .text._Znwj    0x00022d4c       0x24 c:/progra~2/gnutoo~1/4bd65~1.920/bin/../lib/gcc/arm-none-eabi/4.9.3/../../../../arm-none-eabi/lib/armv6-m\libstdc++_nano.a(new_op.o)
                0x00022d4c                operator new(unsigned int)
 .text._ZdlPv   0x00022d70        0x8 c:/progra~2/gnutoo~1/4bd65~1.920/bin/../lib/gcc/arm-none-eabi/4.9.3/../../../../arm-none-eabi/lib/armv6-m\libstdc++_nano.a(del_op.o)
                0x00022d70                operator delete(void*)
 .text.__aeabi_atexit
                0x00022d78        0xe c:/progra~2/gnutoo~1/4bd65~1.920/bin/../lib/gcc/arm-none-eabi/4.9.3/../../../../arm-none-eabi/lib/armv6-m\libstdc++_nano.a(atexit_arm.o)
                0x00022d78                __aeabi_atexit
 .text._Znaj    0x00022d86        0x8 c:/progra~2/gnutoo~1/4bd65~1.920/bin/../lib/gcc/arm-none-eabi/4.9.3/../../../../arm-none-eabi/lib/armv6-m\libstdc++_nano.a(new_opv.o)
                0x00022d86                operator new[](unsigned int)
 .text.abort    0x00022d8e        0xe c:/progra~2/gnutoo~1/4bd65~1.920/bin/../lib/gcc/arm-none-eabi/4.9.3/../../../../arm-none-eabi/lib/armv6-m\libc_nano.a(lib_a-abort.o)
                0x00022d8e                abort
 .text.__sfmoreglue
                0x00022d9c       0x2c c:/progra~2/gnutoo~1/4bd65~1.920/bin/../lib/gcc/arm-none-eabi/4.9.3/../../../../arm-none-eabi/lib/armv6-m\libc_nano.a(lib_a-findfp.o)
                0x00022d9c                __sfmoreglue
 .text._fwalk   0x00022dc8       0x38 c:/progra~2/gnutoo~1/4bd65~1.920/bin/../lib/gcc/arm-none-eabi/4.9.3/../../../../arm-none-eabi/lib/armv6-m\libc_nano.a(lib_a-fwalk.o)
                0x00022dc8                _fwalk
 .text._fwalk_reent
                0x00022e00       0x42 c:/progra~2/gnutoo~1/4bd65~1.920/bin/../lib/gcc/arm-none-eabi/4.9.3/../../../../arm-none-eabi/lib/armv6-m\libc_nano.a(lib_a-fwalk.o)
                0x00022e00                _fwalk_reent
 .text.memchr   0x00022e42       0x16 c:/progra~2/gnutoo~1/4bd65~1.920/bin/../lib/gcc/arm-none-eabi/4.9.3/../../../../arm-none-eabi/lib/armv6-m\libc_nano.a(lib_a-memchr.o)
                0x00022e42                memchr
 .text.memcmp   0x00022e58       0x1e c:/progra~2/gnutoo~1/4bd65~1.920/bin/../lib/gcc/arm-none-eabi/4.9.3/../../../../arm-none-eabi/lib/armv6-m\libc_nano.a(lib_a-memcmp.o)
                0x00022e58                memcmp
 .text.memcpy   0x00022e76       0x12 c:/progra~2/gnutoo~1/4bd65~1.920/bin/../lib/gcc/arm-none-eabi/4.9.3/../../../../arm-none-eabi/lib/armv6-m\libc_nano.a(lib_a-memcpy.o)
                0x00022e76                memcpy
 .text.memmove  0x00022e88       0x28 c:/progra~2/gnutoo~1/4bd65~1.920/bin/../lib/gcc/arm-none-eabi/4.9.3/../../../../arm-none-eabi/lib/armv6-m\libc_nano.a(lib_a-memmove.o)
                0x00022e88                memmove
 .text.memset   0x00022eb0       0x10 c:/progra~2/gnutoo~1/4bd65~1.920/bin/../lib/gcc/arm-none-eabi/4.9.3/../../../../arm-none-eabi/lib/armv6-m\libc_nano.a(lib_a-memset.o)
                0x00022eb0                memset
 .text._puts_r  0x00022ec0       0xc2 c:/progra~2/gnutoo~1/4bd65~1.920/bin/../lib/gcc/arm-none-eabi/4.9.3/../../../../arm-none-eabi/lib/armv6-m\libc_nano.a(lib_a-puts.o)
                0x00022ec0                _puts_r
 .text.lflush   0x00022f82       0x18 c:/progra~2/gnutoo~1/4bd65~1.920/bin/../lib/gcc/arm-none-eabi/4.9.3/../../../../arm-none-eabi/lib/armv6-m\libc_nano.a(lib_a-refill.o)
 .text._raise_r
                0x00022f9a       0x54 c:/progra~2/gnutoo~1/4bd65~1.920/bin/../lib/gcc/arm-none-eabi/4.9.3/../../../../arm-none-eabi/lib/armv6-m\libc_nano.a(lib_a-signal.o)
                0x00022f9a                _raise_r
 .text._getpid_r
                0x00022fee        0x8 c:/progra~2/gnutoo~1/4bd65~1.920/bin/../lib/gcc/arm-none-eabi/4.9.3/../../../../arm-none-eabi/lib/armv6-m\libc_nano.a(lib_a-signalr.o)
                0x00022fee                _getpid_r
 .text.__sclose
                0x00022ff6        0xc c:/progra~2/gnutoo~1/4bd65~1.920/bin/../lib/gcc/arm-none-eabi/4.9.3/../../../../arm-none-eabi/lib/armv6-m\libc_nano.a(lib_a-stdio.o)
                0x00022ff6                __sclose
 .text          0x00023002       0x14 c:/progra~2/gnutoo~1/4bd65~1.920/bin/../lib/gcc/arm-none-eabi/4.9.3/../../../../arm-none-eabi/lib/armv6-m\libc_nano.a(lib_a-strcmp.o)
                0x00023002                strcmp
 .text.strlen   0x00023016        0xe c:/progra~2/gnutoo~1/4bd65~1.920/bin/../lib/gcc/arm-none-eabi/4.9.3/../../../../arm-none-eabi/lib/armv6-m\libc_nano.a(lib_a-strlen.o)
                0x00023016                strlen
 .text.strncpy  0x00023024       0x28 c:/progra~2/gnutoo~1/4bd65~1.920/bin/../lib/gcc/arm-none-eabi/4.9.3/../../../../arm-none-eabi/lib/armv6-m\libc_nano.a(lib_a-strncpy.o)
                0x00023024                strncpy
 .text.__sflush_r
                0x0002304c      0x112 c:/progra~2/gnutoo~1/4bd65~1.920/bin/../lib/gcc/arm-none-eabi/4.9.3/../../../../arm-none-eabi/lib/armv6-m\libc_nano.a(lib_a-fflush.o)
                0x0002304c                __sflush_r
 .text.__sfputc_r
                0x0002315e       0x2a c:/progra~2/gnutoo~1/4bd65~1.920/bin/../lib/gcc/arm-none-eabi/4.9.3/../../../../arm-none-eabi/lib/armv6-m\libc_nano.a(lib_a-nano-vfprintf.o)
 .text.__sfputs_r
                0x00023188       0x24 c:/progra~2/gnutoo~1/4bd65~1.920/bin/../lib/gcc/arm-none-eabi/4.9.3/../../../../arm-none-eabi/lib/armv6-m\libc_nano.a(lib_a-nano-vfprintf.o)
                0x00023188                __sfputs_r
 .text._printf_common
                0x000231ac       0xdc c:/progra~2/gnutoo~1/4bd65~1.920/bin/../lib/gcc/arm-none-eabi/4.9.3/../../../../arm-none-eabi/lib/armv6-m\libc_nano.a(lib_a-nano-vfprintf_i.o)
                0x000231ac                _printf_common
 .text.__sccl   0x00023288       0x66 c:/progra~2/gnutoo~1/4bd65~1.920/bin/../lib/gcc/arm-none-eabi/4.9.3/../../../../arm-none-eabi/lib/armv6-m\libc_nano.a(lib_a-sccl.o)
                0x00023288                __sccl
 .text._realloc_r
                0x000232ee       0x4c c:/progra~2/gnutoo~1/4bd65~1.920/bin/../lib/gcc/arm-none-eabi/4.9.3/../../../../arm-none-eabi/lib/armv6-m\libc_nano.a(lib_a-nano-reallocr.o)
                0x000232ee                _realloc_r
 .text._malloc_usable_size_r
                0x0002333a       0x16 c:/progra~2/gnutoo~1/4bd65~1.920/bin/../lib/gcc/arm-none-eabi/4.9.3/../../../../arm-none-eabi/lib/armv6-m\libc_nano.a(lib_a-nano-msizer.o)
                0x0002333a                _malloc_usable_size_r
 *(SORT(.init))
 .init          0x00023350        0x4 c:/progra~2/gnutoo~1/4bd65~1.920/bin/../lib/gcc/arm-none-eabi/4.9.3/armv6-m/crti.o
                0x00023350                _init
 .init          0x00023354        0x8 c:/progra~2/gnutoo~1/4bd65~1.920/bin/../lib/gcc/arm-none-eabi/4.9.3/armv6-m/crtn.o
 *(SORT(.fini))
 .fini          0x0002335c        0x4 c:/progra~2/gnutoo~1/4bd65~1.920/bin/../lib/gcc/arm-none-eabi/4.9.3/armv6-m/crti.o
                0x0002335c                _fini
 .fini          0x00023360        0x8 c:/progra~2/gnutoo~1/4bd65~1.920/bin/../lib/gcc/arm-none-eabi/4.9.3/armv6-m/crtn.o
 *crtbegin.o(SORT(.ctors))
 *crtbegin?.o(SORT(.ctors))
 *(SORT(EXCLUDE_FILE(*crtend.o *crtend?.o) .ctors))
 *(SORT(.ctors.*))
 *(SORT(.ctors))
 *crtbegin.o(SORT(.dtors))
 *crtbegin?.o(SORT(.dtors))
 *(SORT(EXCLUDE_FILE(*crtend.o *crtend?.o) .dtors))
 *(SORT(.dtors.*))
 *(SORT(.dtors))
 *(SORT(.rodata*))
 .rodata._ZTV16HeartRateService
                0x00023368       0x10 source/CMakeFiles/ble-hrm-a.dir/C_/Users/jossla01/Documents/GitHub/BLE_iBeacon/AHRM/source/main.cpp.o
                0x00023368                vtable for HeartRateService
 .rodata._ZTV6nRF5xn
                0x00023378       0x40 ym/ble-nrf51822/source/ble-nrf51822.a(nRF5xn.cpp.o)
                0x00023378                vtable for nRF5xn
 .rodata._ZTV21nRF5xServiceDiscovery
                0x000233b8       0x18 ym/ble-nrf51822/source/ble-nrf51822.a(nRF5xGattClient.cpp.o)
                0x000233b8                vtable for nRF5xServiceDiscovery
 .rodata._ZTV15nRF5xGattClient
                0x000233d0       0x28 ym/ble-nrf51822/source/ble-nrf51822.a(nRF5xGattClient.cpp.o)
                0x000233d0                vtable for nRF5xGattClient