Archive member included because of file (symbol)

ym/mbed-classic/existing/mbed-classic.a(retarget.cpp.o)
                              c:/progra~2/gnutoo~1/4bd65~1.920/bin/../lib/gcc/arm-none-eabi/4.9.3/../../../../arm-none-eabi/lib/armv6-m/crt0.o (__wrap_main)
ym/mbed-classic/existing/mbed-classic.a(board.c.o)
                              ym/mbed-classic/existing/mbed-classic.a(retarget.cpp.o) (mbed_die)
ym/mbed-classic/existing/mbed-classic.a(error.c.o)
                              ym/mbed-classic/existing/mbed-classic.a(retarget.cpp.o) (error)
ym/mbed-classic/existing/mbed-classic.a(gpio.c.o)
                              source/CMakeFiles/ble-ibeacon-a.dir/C_/Users/jossla01/Documents/GitHub/BLE_iBeacon/A/source/main.cpp.o (gpio_init_out)
ym/mbed-classic/existing/mbed-classic.a(wait_api.c.o)
                              ym/mbed-classic/existing/mbed-classic.a(board.c.o) (wait_ms)
ym/mbed-classic/existing/mbed-classic.a(startup_NRF51822.S.obj)
                              (Reset_Handler)
ym/mbed-classic/existing/mbed-classic.a(gpio_api.c.o)
                              ym/mbed-classic/existing/mbed-classic.a(gpio.c.o) (gpio_init)
ym/mbed-classic/existing/mbed-classic.a(pinmap.c.o)
                              ym/mbed-classic/existing/mbed-classic.a(gpio_api.c.o) (pin_mode)
ym/mbed-classic/existing/mbed-classic.a(serial_api.c.o)
                              ym/mbed-classic/existing/mbed-classic.a(retarget.cpp.o) (serial_init)
ym/mbed-classic/existing/mbed-classic.a(us_ticker.c.o)
                              ym/mbed-classic/existing/mbed-classic.a(wait_api.c.o) (us_ticker_read)
ym/mbed-classic/existing/mbed-classic.a(FilePath.cpp.o)
                              ym/mbed-classic/existing/mbed-classic.a(retarget.cpp.o) (mbed::FilePath::FilePath(char const*))
ym/mbed-classic/existing/mbed-classic.a(FileSystemLike.cpp.o)
                              ym/mbed-classic/existing/mbed-classic.a(retarget.cpp.o) (mbed::FileSystemLike::opendir())
ym/mbed-classic/existing/mbed-classic.a(us_ticker_api.c.o)
                              ym/mbed-classic/existing/mbed-classic.a(us_ticker.c.o) (us_ticker_irq_handler)
ym/mbed-classic/existing/mbed-classic.a(system_nrf51.c.o)
                              ym/mbed-classic/existing/mbed-classic.a(startup_NRF51822.S.obj) (SystemInit)
ym/mbed-classic/existing/mbed-classic.a(FileBase.cpp.o)
                              ym/mbed-classic/existing/mbed-classic.a(FileSystemLike.cpp.o) (mbed::FileBase::~FileBase())
ym/mbed-classic/existing/mbed-classic.a(ticker_api.c.o)
                              ym/mbed-classic/existing/mbed-classic.a(us_ticker_api.c.o) (ticker_irq_handler)
ym/ble/source/ble.a(BLE.cpp.o)
                              source/CMakeFiles/ble-ibeacon-a.dir/C_/Users/jossla01/Documents/GitHub/BLE_iBeacon/A/source/main.cpp.o (BLE::init())
ym/ble-nrf51822/source/ble-nrf51822.a(nRF5xn.cpp.o)
                              source/CMakeFiles/ble-ibeacon-a.dir/C_/Users/jossla01/Documents/GitHub/BLE_iBeacon/A/source/main.cpp.o (createBLEInstance())
ym/ble-nrf51822/source/ble-nrf51822.a(nRF5xGap.cpp.o)
                              ym/ble-nrf51822/source/ble-nrf51822.a(nRF5xn.cpp.o) (nRF5xGap::getInstance())
ym/ble-nrf51822/source/ble-nrf51822.a(ble_radio_notification.c.o)
                              ym/ble-nrf51822/source/ble-nrf51822.a(nRF5xGap.cpp.o) (ble_radio_notification_init)
ym/ble-nrf51822/source/ble-nrf51822.a(nRF5xGattServer.cpp.o)
                              ym/ble-nrf51822/source/ble-nrf51822.a(nRF5xn.cpp.o) (nRF5xGattServer::getInstance())
ym/ble-nrf51822/source/ble-nrf51822.a(nRF5xGattClient.cpp.o)
                              ym/ble-nrf51822/source/ble-nrf51822.a(nRF5xn.cpp.o) (nRF5xGattClient::getInstance())
ym/ble-nrf51822/source/ble-nrf51822.a(btle.cpp.o)
                              ym/ble-nrf51822/source/ble-nrf51822.a(nRF5xn.cpp.o) (btle_init)
ym/ble-nrf51822/source/ble-nrf51822.a(btle_discovery.cpp.o)
                              ym/ble-nrf51822/source/ble-nrf51822.a(btle.cpp.o) (bleGattcEventHandler(ble_evt_t const*))
ym/ble-nrf51822/source/ble-nrf51822.a(softdevice_handler.c.o)
                              ym/ble-nrf51822/source/ble-nrf51822.a(btle.cpp.o) (intern_softdevice_events_execute)
ym/ble-nrf51822/source/ble-nrf51822.a(nRF5xServiceDiscovery.cpp.o)
                              ym/ble-nrf51822/source/ble-nrf51822.a(btle_discovery.cpp.o) (nRF5xServiceDiscovery::progressCharacteristicDiscovery())
ym/ble-nrf51822/source/ble-nrf51822.a(device_manager_peripheral.c.o)
                              ym/ble-nrf51822/source/ble-nrf51822.a(btle.cpp.o) (dm_ble_evt_handler)
ym/ble-nrf51822/source/ble-nrf51822.a(custom_helper.cpp.o)
                              ym/ble-nrf51822/source/ble-nrf51822.a(nRF5xGattServer.cpp.o) (custom_convert_to_nordic_uuid)
ym/ble-nrf51822/source/ble-nrf51822.a(nRF5xSecurityManager.cpp.o)
                              ym/ble-nrf51822/source/ble-nrf51822.a(nRF5xn.cpp.o) (nRF5xSecurityManager::getInstance())
[...]
Memory Configuration

Name             Origin             Length             Attributes
FLASH            0x0001c000         0x00024000         xr
RAM              0x20002800         0x00001800         xrw
*default*        0x00000000         0xffffffff

Linker script and memory map

LOAD c:/progra~2/gnutoo~1/4bd65~1.920/bin/../lib/gcc/arm-none-eabi/4.9.3/armv6-m/crti.o
LOAD c:/progra~2/gnutoo~1/4bd65~1.920/bin/../lib/gcc/arm-none-eabi/4.9.3/armv6-m/crtbegin.o
LOAD c:/progra~2/gnutoo~1/4bd65~1.920/bin/../lib/gcc/arm-none-eabi/4.9.3/../../../../arm-none-eabi/lib/armv6-m/crt0.o
START GROUP
LOAD source/CMakeFiles/ble-ibeacon-a.dir/C_/Users/jossla01/Documents/GitHub/BLE_iBeacon/A/source/main.cpp.o
LOAD ym/mbed-classic/existing/mbed-classic.a
LOAD ym/ble/source/ble.a
LOAD ym/ble-nrf51822/source/ble-nrf51822.a
LOAD ym/ble/source/ble.a
LOAD ym/ble-nrf51822/source/ble-nrf51822.a
LOAD ym/mbed-classic/existing/mbed-classic.a
LOAD c:/progra~2/gnutoo~1/4bd65~1.920/bin/../lib/gcc/arm-none-eabi/4.9.3/../../../../arm-none-eabi/lib/armv6-m\libnosys.a
LOAD c:/progra~2/gnutoo~1/4bd65~1.920/bin/../lib/gcc/arm-none-eabi/4.9.3/../../../../arm-none-eabi/lib/armv6-m\libstdc++_nano.a
LOAD c:/progra~2/gnutoo~1/4bd65~1.920/bin/../lib/gcc/arm-none-eabi/4.9.3/../../../../arm-none-eabi/lib/armv6-m\libsupc++_nano.a
LOAD c:/progra~2/gnutoo~1/4bd65~1.920/bin/../lib/gcc/arm-none-eabi/4.9.3/armv6-m\libgcc.a
LOAD c:/progra~2/gnutoo~1/4bd65~1.920/bin/../lib/gcc/arm-none-eabi/4.9.3/../../../../arm-none-eabi/lib/armv6-m\libstdc++_nano.a
LOAD c:/progra~2/gnutoo~1/4bd65~1.920/bin/../lib/gcc/arm-none-eabi/4.9.3/../../../../arm-none-eabi/lib/armv6-m\libsupc++_nano.a
LOAD c:/progra~2/gnutoo~1/4bd65~1.920/bin/../lib/gcc/arm-none-eabi/4.9.3/../../../../arm-none-eabi/lib/armv6-m\libm.a
LOAD c:/progra~2/gnutoo~1/4bd65~1.920/bin/../lib/gcc/arm-none-eabi/4.9.3/../../../../arm-none-eabi/lib/armv6-m\libc_nano.a
LOAD c:/progra~2/gnutoo~1/4bd65~1.920/bin/../lib/gcc/arm-none-eabi/4.9.3/armv6-m\libgcc.a
END GROUP
LOAD c:/progra~2/gnutoo~1/4bd65~1.920/bin/../lib/gcc/arm-none-eabi/4.9.3/../../../../arm-none-eabi/lib/armv6-m\libstdc++_nano.a
LOAD c:/progra~2/gnutoo~1/4bd65~1.920/bin/../lib/gcc/arm-none-eabi/4.9.3/../../../../arm-none-eabi/lib/armv6-m\libm.a
LOAD c:/progra~2/gnutoo~1/4bd65~1.920/bin/../lib/gcc/arm-none-eabi/4.9.3/../../../../arm-none-eabi/lib/armv6-m\libc_nano.a
START GROUP
LOAD c:/progra~2/gnutoo~1/4bd65~1.920/bin/../lib/gcc/arm-none-eabi/4.9.3/armv6-m\libgcc.a
LOAD c:/progra~2/gnutoo~1/4bd65~1.920/bin/../lib/gcc/arm-none-eabi/4.9.3/../../../../arm-none-eabi/lib/armv6-m\libc_nano.a
END GROUP
START GROUP
LOAD c:/progra~2/gnutoo~1/4bd65~1.920/bin/../lib/gcc/arm-none-eabi/4.9.3/armv6-m\libgcc.a
LOAD c:/progra~2/gnutoo~1/4bd65~1.920/bin/../lib/gcc/arm-none-eabi/4.9.3/../../../../arm-none-eabi/lib/armv6-m\libc_nano.a
END GROUP
LOAD c:/progra~2/gnutoo~1/4bd65~1.920/bin/../lib/gcc/arm-none-eabi/4.9.3/armv6-m/crtend.o
LOAD c:/progra~2/gnutoo~1/4bd65~1.920/bin/../lib/gcc/arm-none-eabi/4.9.3/armv6-m/crtn.o

.text           0x0001c000     0x79ac
 *(SORT(.Vectors))
 .Vectors       0x0001c000       0xc0 ym/mbed-classic/existing/mbed-classic.a(startup_NRF51822.S.obj)
                0x0001c000                __Vectors
 *(SORT(.text*))
 .text          0x0001c0c0       0x60 c:/progra~2/gnutoo~1/4bd65~1.920/bin/../lib/gcc/arm-none-eabi/4.9.3/armv6-m/crtbegin.o
 .text          0x0001c120       0x78 c:/progra~2/gnutoo~1/4bd65~1.920/bin/../lib/gcc/arm-none-eabi/4.9.3/../../../../arm-none-eabi/lib/armv6-m/crt0.o
                0x0001c120                _start
                0x0001c120                _mainCRTStartup
 .text._ZN3Gap22setAdvertisingIntervalEt
                0x0001c198       0x38 source/CMakeFiles/ble-ibeacon-a.dir/C_/Users/jossla01/Documents/GitHub/BLE_iBeacon/A/source/main.cpp.o
                0x0001c198                Gap::setAdvertisingInterval(unsigned short)
 .text._Z16setupIBeaconTestv
                0x0001c1d0      0x10c source/CMakeFiles/ble-ibeacon-a.dir/C_/Users/jossla01/Documents/GitHub/BLE_iBeacon/A/source/main.cpp.o
                0x0001c1d0                setupIBeaconTest()
 .text._Z11setAddrTestv
                0x0001c2dc       0xd4 source/CMakeFiles/ble-ibeacon-a.dir/C_/Users/jossla01/Documents/GitHub/BLE_iBeacon/A/source/main.cpp.o
                0x0001c2dc                setAddrTest()
 .text._Z25changeAdvertisingIntervalv
                0x0001c3b0       0x58 source/CMakeFiles/ble-ibeacon-a.dir/C_/Users/jossla01/Documents/GitHub/BLE_iBeacon/A/source/main.cpp.o
                0x0001c3b0                changeAdvertisingInterval()
 .text._Z12changeAdvPayv
                0x0001c408      0x14c source/CMakeFiles/ble-ibeacon-a.dir/C_/Users/jossla01/Documents/GitHub/BLE_iBeacon/A/source/main.cpp.o
                0x0001c408                changeAdvPay()
 .text._Z13changeScanResv
                0x0001c554       0xe4 source/CMakeFiles/ble-ibeacon-a.dir/C_/Users/jossla01/Documents/GitHub/BLE_iBeacon/A/source/main.cpp.o
                0x0001c554                changeScanRes()
 .text._Z11timeoutTestv
                0x0001c638       0x68 source/CMakeFiles/ble-ibeacon-a.dir/C_/Users/jossla01/Documents/GitHub/BLE_iBeacon/A/source/main.cpp.o
                0x0001c638                timeoutTest()
 .text._Z21resetStateForNextTestv
                0x0001c6a0       0x60 source/CMakeFiles/ble-ibeacon-a.dir/C_/Users/jossla01/Documents/GitHub/BLE_iBeacon/A/source/main.cpp.o
                0x0001c6a0                resetStateForNextTest()
 .text._Z12shutdownTestv
                0x0001c700       0x88 source/CMakeFiles/ble-ibeacon-a.dir/C_/Users/jossla01/Documents/GitHub/BLE_iBeacon/A/source/main.cpp.o
                0x0001c700                shutdownTest()
 .text._Z18commandInterpreterv
                0x0001c788       0xbc source/CMakeFiles/ble-ibeacon-a.dir/C_/Users/jossla01/Documents/GitHub/BLE_iBeacon/A/source/main.cpp.o
                0x0001c788                commandInterpreter()
 .text._Z22verifyBasicAssumptionsv
                0x0001c844       0x70 source/CMakeFiles/ble-ibeacon-a.dir/C_/Users/jossla01/Documents/GitHub/BLE_iBeacon/A/source/main.cpp.o
                0x0001c844                verifyBasicAssumptions()
 .text.startup.main
                0x0001c8b4       0x94 source/CMakeFiles/ble-ibeacon-a.dir/C_/Users/jossla01/Documents/GitHub/BLE_iBeacon/A/source/main.cpp.o
                0x0001c8b4                main
 .text.startup._GLOBAL__sub_I_ble
                0x0001c948       0x28 source/CMakeFiles/ble-ibeacon-a.dir/C_/Users/jossla01/Documents/GitHub/BLE_iBeacon/A/source/main.cpp.o
 .text._ZL11init_serialv
                0x0001c970       0x20 ym/mbed-classic/existing/mbed-classic.a(retarget.cpp.o)
 .text._close   0x0001c990       0x2c ym/mbed-classic/existing/mbed-classic.a(retarget.cpp.o)
                0x0001c990                _close
 .text._write   0x0001c9bc       0x54 ym/mbed-classic/existing/mbed-classic.a(retarget.cpp.o)
                0x0001c9bc                _write
 .text._read    0x0001ca10       0x48 ym/mbed-classic/existing/mbed-classic.a(retarget.cpp.o)
                0x0001ca10                _read
 .text._isatty  0x0001ca58       0x28 ym/mbed-classic/existing/mbed-classic.a(retarget.cpp.o)
                0x0001ca58                _isatty
 .text._lseek   0x0001ca80       0x28 ym/mbed-classic/existing/mbed-classic.a(retarget.cpp.o)
                0x0001ca80                _lseek
 .text._sbrk    0x0001caa8       0x28 ym/mbed-classic/existing/mbed-classic.a(retarget.cpp.o)
                0x0001caa8                _sbrk
 .text          0x0001cad0       0x48 ym/mbed-classic/existing/mbed-classic.a(startup_NRF51822.S.obj)
                0x0001cad0                Reset_Handler
                0x0001cb0c                NMI_Handler
                0x0001cb0e                HardFault_Handler
                0x0001cb10                SVC_Handler
                0x0001cb12                PendSV_Handler
                0x0001cb14                SysTick_Handler
                0x0001cb16                GPIOTE_IRQHandler
                0x0001cb16                RTC0_IRQHandler
                0x0001cb16                SPI0_TWI0_IRQHandler
                0x0001cb16                RADIO_IRQHandler
                0x0001cb16                LPCOMP_IRQHandler
                0x0001cb16                SWI4_IRQHandler
                0x0001cb16                TEMP_IRQHandler
                0x0001cb16                QDEC_IRQHandler
                0x0001cb16                SWI5_IRQHandler
                0x0001cb16                TIMER0_IRQHandler
                0x0001cb16                POWER_CLOCK_IRQHandler
                0x0001cb16                SWI0_IRQHandler
                0x0001cb16                TIMER1_IRQHandler
                0x0001cb16                ECB_IRQHandler
                0x0001cb16                Default_Handler
                0x0001cb16                ADC_IRQHandler
                0x0001cb16                SWI3_IRQHandler
                0x0001cb16                CCM_AAR_IRQHandler
                0x0001cb16                WDT_IRQHandler
                0x0001cb16                TIMER2_IRQHandler
                0x0001cb16                RNG_IRQHandler
                0x0001cb16                SPI1_TWI1_IRQHandler
 .text.gpio_init
                0x0001cb18       0x30 ym/mbed-classic/existing/mbed-classic.a(gpio_api.c.o)
                0x0001cb18                gpio_init
 .text.serial_baud.part.0
                0x0001cb48       0x38 ym/mbed-classic/existing/mbed-classic.a(serial_api.c.o)
 .text.serial_init
                0x0001cb80       0xc0 ym/mbed-classic/existing/mbed-classic.a(serial_api.c.o)
                0x0001cb80                serial_init
 .text.UART0_IRQHandler
                0x0001cc40       0x4c ym/mbed-classic/existing/mbed-classic.a(serial_api.c.o)
                0x0001cc40                UART0_IRQHandler
 .text.serial_putc
                0x0001cc8c       0x1c ym/mbed-classic/existing/mbed-classic.a(serial_api.c.o)
                0x0001cc8c                serial_putc
 .text.rtc1_getCounter64
                0x0001cca8       0x3c ym/mbed-classic/existing/mbed-classic.a(us_ticker.c.o)
 .text.RTC1_IRQHandler
                0x0001cce4       0x74 ym/mbed-classic/existing/mbed-classic.a(us_ticker.c.o)
                0x0001cce4                RTC1_IRQHandler
 .text.us_ticker_init
                0x0001cd58       0x5c ym/mbed-classic/existing/mbed-classic.a(us_ticker.c.o)
                0x0001cd58                us_ticker_init
 .text.us_ticker_read
                0x0001cdb4       0x2c ym/mbed-classic/existing/mbed-classic.a(us_ticker.c.o)
                0x0001cdb4                us_ticker_read
 .text.us_ticker_set_interrupt
                0x0001cde0       0xbc ym/mbed-classic/existing/mbed-classic.a(us_ticker.c.o)
                0x0001cde0                us_ticker_set_interrupt
 .text.us_ticker_disable_interrupt
                0x0001ce9c       0x28 ym/mbed-classic/existing/mbed-classic.a(us_ticker.c.o)
                0x0001ce9c                us_ticker_disable_interrupt
 .text.us_ticker_clear_interrupt
                0x0001cec4       0x10 ym/mbed-classic/existing/mbed-classic.a(us_ticker.c.o)
                0x0001cec4                us_ticker_clear_interrupt
 .text.us_ticker_irq_handler
                0x0001ced4       0x10 ym/mbed-classic/existing/mbed-classic.a(us_ticker_api.c.o)
                0x0001ced4                us_ticker_irq_handler
 .text.SystemInit
                0x0001cee4       0xb0 ym/mbed-classic/existing/mbed-classic.a(system_nrf51.c.o)
                0x0001cee4                SystemInit
 .text._ZN6nRF5xn10getVersionEv
                0x0001cf94       0x68 ym/ble-nrf51822/source/ble-nrf51822.a(nRF5xn.cpp.o)
                0x0001cf94                nRF5xn::getVersion()
 .text._Z17createBLEInstancev
                0x0001cffc        0x8 ym/ble-nrf51822/source/ble-nrf51822.a(nRF5xn.cpp.o)
                0x0001cffc                createBLEInstance()
 .text.startup._GLOBAL__sub_I__Z17createBLEInstancev
                0x0001d004       0x24 ym/ble-nrf51822/source/ble-nrf51822.a(nRF5xn.cpp.o)
 .text._ZNK3Gap25getMaxAdvertisingIntervalEv
                0x0001d028        0x8 ym/ble-nrf51822/source/ble-nrf51822.a(nRF5xGap.cpp.o)
                0x0001d028                Gap::getMaxAdvertisingInterval() const
 .text._ZN8nRF5xGap16startAdvertisingERK20GapAdvertisingParams
                0x0001d030       0x74 ym/ble-nrf51822/source/ble-nrf51822.a(nRF5xGap.cpp.o)
                0x0001d030                nRF5xGap::startAdvertising(GapAdvertisingParams const&)
 .text._ZN8nRF5xGap7connectEPKhN3Gap13AddressType_tEPKNS2_18ConnectionParams_tEPK17GapScanningParams
                0x0001d0a4       0xa8 ym/ble-nrf51822/source/ble-nrf51822.a(nRF5xGap.cpp.o)
                0x0001d0a4                nRF5xGap::connect(unsigned char const*, Gap::AddressType_t, Gap::ConnectionParams_t const*, GapScanningParams const*)
 .text._ZN8nRF5xGap25getPermittedTxPowerValuesEPPKaPj
                0x0001d14c       0x10 ym/ble-nrf51822/source/ble-nrf51822.a(nRF5xGap.cpp.o)
                0x0001d14c                nRF5xGap::getPermittedTxPowerValues(signed char const**, unsigned int*)
 .text._ZN8nRF5xGap21initRadioNotificationEv
                0x0001d15c       0x1c ym/ble-nrf51822/source/ble-nrf51822.a(nRF5xGap.cpp.o)
                0x0001d15c                nRF5xGap::initRadioNotification()
 .text._ZN8nRF5xGap11getInstanceEv
                0x0001d178       0xf4 ym/ble-nrf51822/source/ble-nrf51822.a(nRF5xGap.cpp.o)
                0x0001d178                nRF5xGap::getInstance()
 .text._ZN8nRF5xGapD2Ev
                0x0001d26c       0x18 ym/ble-nrf51822/source/ble-nrf51822.a(nRF5xGap.cpp.o)
                0x0001d26c                nRF5xGap::~nRF5xGap()
                0x0001d26c                nRF5xGap::~nRF5xGap()
 .text.SWI1_IRQHandler
                0x0001d284       0x20 ym/ble-nrf51822/source/ble-nrf51822.a(ble_radio_notification.c.o)
                0x0001d284                SWI1_IRQHandler
 .text.ble_radio_notification_init
                0x0001d2a4       0x38 ym/ble-nrf51822/source/ble-nrf51822.a(ble_radio_notification.c.o)
                0x0001d2a4                ble_radio_notification_init
 .text._ZN15nRF5xGattServer4readEtPhPt
                0x0001d2dc       0x1c ym/ble-nrf51822/source/ble-nrf51822.a(nRF5xGattServer.cpp.o)
                0x0001d2dc                nRF5xGattServer::read(unsigned short, unsigned char*, unsigned short*)
 .text._ZN15nRF5xGattServer5writeEtPKhtb
                0x0001d2f8       0x20 ym/ble-nrf51822/source/ble-nrf51822.a(nRF5xGattServer.cpp.o)
                0x0001d2f8                nRF5xGattServer::write(unsigned short, unsigned char const*, unsigned short, bool)
 .text._ZN38CallChainOfFunctionPointersWithContextIjED2Ev
                0x0001d318       0x20 ym/ble-nrf51822/source/ble-nrf51822.a(nRF5xGattServer.cpp.o)
                0x0001d318                CallChainOfFunctionPointersWithContext<unsigned int>::~CallChainOfFunctionPointersWithContext()
                0x0001d318                CallChainOfFunctionPointersWithContext<unsigned int>::~CallChainOfFunctionPointersWithContext()
 .text._ZN38CallChainOfFunctionPointersWithContextIPK23GattWriteCallbackParamsED2Ev
                0x0001d338       0x20 ym/ble-nrf51822/source/ble-nrf51822.a(nRF5xGattServer.cpp.o)
                0x0001d338                CallChainOfFunctionPointersWithContext<GattWriteCallbackParams const*>::~CallChainOfFunctionPointersWithContext()
                0x0001d338                CallChainOfFunctionPointersWithContext<GattWriteCallbackParams const*>::~CallChainOfFunctionPointersWithContext()
 .text._ZN38CallChainOfFunctionPointersWithContextIPK22GattReadCallbackParamsED2Ev
                0x0001d358       0x20 ym/ble-nrf51822/source/ble-nrf51822.a(nRF5xGattServer.cpp.o)
                0x0001d358                CallChainOfFunctionPointersWithContext<GattReadCallbackParams const*>::~CallChainOfFunctionPointersWithContext()
                0x0001d358                CallChainOfFunctionPointersWithContext<GattReadCallbackParams const*>::~CallChainOfFunctionPointersWithContext()
 .text._ZN15nRF5xGattServerD2Ev
                0x0001d378       0x28 ym/ble-nrf51822/source/ble-nrf51822.a(nRF5xGattServer.cpp.o)
                0x0001d378                nRF5xGattServer::~nRF5xGattServer()
                0x0001d378                nRF5xGattServer::~nRF5xGattServer()
 .text._ZN15nRF5xGattServer5writeEttPKhtb
                0x0001d3a0       0xcc ym/ble-nrf51822/source/ble-nrf51822.a(nRF5xGattServer.cpp.o)
                0x0001d3a0                nRF5xGattServer::write(unsigned short, unsigned short, unsigned char const*, unsigned short, bool)
 .text._ZN15nRF5xGattServer10addServiceER11GattService
                0x0001d46c      0x1b4 ym/ble-nrf51822/source/ble-nrf51822.a(nRF5xGattServer.cpp.o)
                0x0001d46c                nRF5xGattServer::addService(GattService&)
 .text._ZN15nRF5xGattServer11getInstanceEv
                0x0001d620       0xbc ym/ble-nrf51822/source/ble-nrf51822.a(nRF5xGattServer.cpp.o)
                0x0001d620                nRF5xGattServer::getInstance()
 .text._ZNK15nRF5xGattClient5writeEN10GattClient9WriteOp_tEttjPKh
                0x0001d6dc       0x4c ym/ble-nrf51822/source/ble-nrf51822.a(nRF5xGattClient.cpp.o)
                0x0001d6dc                nRF5xGattClient::write(GattClient::WriteOp_t, unsigned short, unsigned short, unsigned int, unsigned char const*) const
 .text._ZN21nRF5xServiceDiscovery6launchEtPFvPK17DiscoveredServiceEPFvPK24DiscoveredCharacteristicERK4UUIDSC_
                0x0001d728       0x78 ym/ble-nrf51822/source/ble-nrf51822.a(nRF5xGattClient.cpp.o)
                0x0001d728                nRF5xServiceDiscovery::launch(unsigned short, void (*)(DiscoveredService const*), void (*)(DiscoveredCharacteristic const*), UUID const&, UUID const&)
 .text._ZN15nRF5xGattClient11getInstanceEv
                0x0001d7a0       0xc8 ym/ble-nrf51822/source/ble-nrf51822.a(nRF5xGattClient.cpp.o)
                0x0001d7a0                nRF5xGattClient::getInstance()
 .text._ZL12btle_handlerP9ble_evt_t
                0x0001d868      0x15c ym/ble-nrf51822/source/ble-nrf51822.a(btle.cpp.o)
 .text.btle_init
                0x0001d9c4       0xa0 ym/ble-nrf51822/source/ble-nrf51822.a(btle.cpp.o)
                0x0001d9c4                btle_init
 .text.app_error_handler
                0x0001da64       0x20 ym/ble-nrf51822/source/ble-nrf51822.a(btle.cpp.o)
                0x0001da64                app_error_handler
 .text.intern_softdevice_events_execute
                0x0001da84       0xb0 ym/ble-nrf51822/source/ble-nrf51822.a(softdevice_handler.c.o)
                0x0001da84                intern_softdevice_events_execute
 .text.softdevice_handler_init
                0x0001db34       0x48 ym/ble-nrf51822/source/ble-nrf51822.a(softdevice_handler.c.o)
                0x0001db34                softdevice_handler_init
 .text.softdevice_handler_sd_disable
                0x0001db7c       0x18 ym/ble-nrf51822/source/ble-nrf51822.a(softdevice_handler.c.o)
                0x0001db7c                softdevice_handler_sd_disable
 .text.softdevice_ble_evt_handler_set
                0x0001db94       0x14 ym/ble-nrf51822/source/ble-nrf51822.a(softdevice_handler.c.o)
                0x0001db94                softdevice_ble_evt_handler_set
 .text.softdevice_sys_evt_handler_set
                0x0001dba8       0x14 ym/ble-nrf51822/source/ble-nrf51822.a(softdevice_handler.c.o)
                0x0001dba8                softdevice_sys_evt_handler_set
 .text.SWI2_IRQHandler
                0x0001dbbc       0x24 ym/ble-nrf51822/source/ble-nrf51822.a(softdevice_handler.c.o)
                0x0001dbbc                SWI2_IRQHandler
 .text._ZN21nRF5xServiceDiscovery29launchCharacteristicDiscoveryEttt
                0x0001dbe0       0x4c ym/ble-nrf51822/source/ble-nrf51822.a(nRF5xServiceDiscovery.cpp.o)
                0x0001dbe0                nRF5xServiceDiscovery::launchCharacteristicDiscovery(unsigned short, unsigned short, unsigned short)
 .text._ZN21nRF5xServiceDiscovery24progressServiceDiscoveryEv
                0x0001dc2c       0xe4 ym/ble-nrf51822/source/ble-nrf51822.a(nRF5xServiceDiscovery.cpp.o)
                0x0001dc2c                nRF5xServiceDiscovery::progressServiceDiscovery()
 .text._ZN21nRF5xServiceDiscovery25ServiceUUIDDiscoveryQueue12triggerFirstEv
                0x0001dd10       0x58 ym/ble-nrf51822/source/ble-nrf51822.a(nRF5xServiceDiscovery.cpp.o)
                0x0001dd10                nRF5xServiceDiscovery::ServiceUUIDDiscoveryQueue::triggerFirst()
 .text._ZN21nRF5xServiceDiscovery22CharUUIDDiscoveryQueue12triggerFirstEv
                0x0001dd68       0x5c ym/ble-nrf51822/source/ble-nrf51822.a(nRF5xServiceDiscovery.cpp.o)
                0x0001dd68                nRF5xServiceDiscovery::CharUUIDDiscoveryQueue::triggerFirst()
 .text._ZN21nRF5xServiceDiscovery27processDiscoverUUIDResponseEPK41ble_gattc_evt_char_val_by_uuid_read_rsp_t
                0x0001ddc4       0xdc ym/ble-nrf51822/source/ble-nrf51822.a(nRF5xServiceDiscovery.cpp.o)
                0x0001ddc4                nRF5xServiceDiscovery::processDiscoverUUIDResponse(ble_gattc_evt_char_val_by_uuid_read_rsp_t const*)
 .text.gatts_context_store
                0x0001dea0       0xb8 ym/ble-nrf51822/source/ble-nrf51822.a(device_manager_peripheral.c.o)
 .text.device_context_store
                0x0001df58       0xb8 ym/ble-nrf51822/source/ble-nrf51822.a(device_manager_peripheral.c.o)
 .text.gatts_context_apply
                0x0001e010       0xc4 ym/ble-nrf51822/source/ble-nrf51822.a(device_manager_peripheral.c.o)
 .text.gatts_context_load
                0x0001e0d4       0x34 ym/ble-nrf51822/source/ble-nrf51822.a(device_manager_peripheral.c.o)
 .text.dm_pstorage_cb_handler
                0x0001e108      0x134 ym/ble-nrf51822/source/ble-nrf51822.a(device_manager_peripheral.c.o)
 .text.peer_instance_init
                0x0001e23c       0x44 ym/ble-nrf51822/source/ble-nrf51822.a(device_manager_peripheral.c.o)
 .text.device_instance_free
                0x0001e280       0x2c ym/ble-nrf51822/source/ble-nrf51822.a(device_manager_peripheral.c.o)
 .text.dm_init  0x0001e2ac       0xe0 ym/ble-nrf51822/source/ble-nrf51822.a(device_manager_peripheral.c.o)
                0x0001e2ac                dm_init
 .text.dm_register
                0x0001e38c       0x74 ym/ble-nrf51822/source/ble-nrf51822.a(device_manager_peripheral.c.o)
                0x0001e38c                dm_register
 .text.dm_security_status_req
                0x0001e400       0x70 ym/ble-nrf51822/source/ble-nrf51822.a(device_manager_peripheral.c.o)
                0x0001e400                dm_security_status_req
 .text.dm_device_delete_all
                0x0001e470       0x58 ym/ble-nrf51822/source/ble-nrf51822.a(device_manager_peripheral.c.o)
                0x0001e470                dm_device_delete_all
 .text.bond_data_load
                0x0001e4c8       0x48 ym/ble-nrf51822/source/ble-nrf51822.a(device_manager_peripheral.c.o)
                0x0001e4c8                bond_data_load
 .text.dm_ble_evt_handler
                0x0001e510      0x384 ym/ble-nrf51822/source/ble-nrf51822.a(device_manager_peripheral.c.o)
                0x0001e510                dm_ble_evt_handler
 .text.dm_handle_get
                0x0001e894       0x48 ym/ble-nrf51822/source/ble-nrf51822.a(device_manager_peripheral.c.o)
                0x0001e894                dm_handle_get
 .text.custom_convert_to_nordic_uuid
                0x0001e8dc       0xa4 ym/ble-nrf51822/source/ble-nrf51822.a(custom_helper.cpp.o)
                0x0001e8dc                custom_convert_to_nordic_uuid
 .text._ZN20nRF5xSecurityManager11getInstanceEv
                0x0001e980       0x2c ym/ble-nrf51822/source/ble-nrf51822.a(nRF5xSecurityManager.cpp.o)
                0x0001e980                nRF5xSecurityManager::getInstance()
 .text._Z13btle_gap_initv
                0x0001e9ac       0x54 ym/ble-nrf51822/source/ble-nrf51822.a(btle_gap.cpp.o)
                0x0001e9ac                btle_gap_init()
 .text.app_notify
                0x0001ea00       0x30 ym/ble-nrf51822/source/ble-nrf51822.a(pstorage.c.o)
 .text.swap_state_process
                0x0001ea30      0x1a4 ym/ble-nrf51822/source/ble-nrf51822.a(pstorage.c.o)
 .text.cmd_process
                0x0001ebd4      0x10c ym/ble-nrf51822/source/ble-nrf51822.a(pstorage.c.o)
 .text.cmd_queue_enqueue
                0x0001ece0       0x54 ym/ble-nrf51822/source/ble-nrf51822.a(pstorage.c.o)
 .text.cmd_queue_dequeue
                0x0001ed34       0x20 ym/ble-nrf51822/source/ble-nrf51822.a(pstorage.c.o)
 .text.pstorage_sys_event_handler
                0x0001ed54       0xec ym/ble-nrf51822/source/ble-nrf51822.a(pstorage.c.o)
                0x0001ed54                pstorage_sys_event_handler
 .text.pstorage_init
                0x0001ee40       0xc8 ym/ble-nrf51822/source/ble-nrf51822.a(pstorage.c.o)
                0x0001ee40                pstorage_init
 .text.pstorage_register
                0x0001ef08      0x138 ym/ble-nrf51822/source/ble-nrf51822.a(pstorage.c.o)
                0x0001ef08                pstorage_register
 .text.pstorage_block_identifier_get
                0x0001f040       0x4c ym/ble-nrf51822/source/ble-nrf51822.a(pstorage.c.o)
                0x0001f040                pstorage_block_identifier_get
 .text.pstorage_store
                0x0001f08c       0x7c ym/ble-nrf51822/source/ble-nrf51822.a(pstorage.c.o)
                0x0001f08c                pstorage_store
 .text.pstorage_update
                0x0001f108       0x7c ym/ble-nrf51822/source/ble-nrf51822.a(pstorage.c.o)
                0x0001f108                pstorage_update
 .text.pstorage_load
                0x0001f184       0xa0 ym/ble-nrf51822/source/ble-nrf51822.a(pstorage.c.o)
                0x0001f184                pstorage_load
 .text.pstorage_clear
                0x0001f224       0x60 ym/ble-nrf51822/source/ble-nrf51822.a(pstorage.c.o)
                0x0001f224                pstorage_clear
 .text._ZL10dm_handlerPK13device_handlePK10dm_event_tm
                0x0001f284       0xc0 ym/ble-nrf51822/source/ble-nrf51822.a(btle_security.cpp.o)
 .text._Z23btle_initializeSecuritybbN15SecurityManager24SecurityIOCapabilities_tEPKh
                0x0001f344       0xd4 ym/ble-nrf51822/source/ble-nrf51822.a(btle_security.cpp.o)
                0x0001f344                btle_initializeSecurity(bool, bool, SecurityManager::SecurityIOCapabilities_t, unsigned char const*)
 .text._Z25btle_purgeAllBondingStatev
                0x0001f418       0x24 ym/ble-nrf51822/source/ble-nrf51822.a(btle_security.cpp.o)
                0x0001f418                btle_purgeAllBondingState()
 .text._Z20btle_getLinkSecuritytPN15SecurityManager20LinkSecurityStatus_tE
                0x0001f43c       0x48 ym/ble-nrf51822/source/ble-nrf51822.a(btle_security.cpp.o)
                0x0001f43c                btle_getLinkSecurity(unsigned short, SecurityManager::LinkSecurityStatus_t*)
 .text._ZN17GapScanningParamsC2Etttb
                0x0001f484       0x6c ym/ble/source/ble.a(GapScanningParams.cpp.o)
                0x0001f484                GapScanningParams::GapScanningParams(unsigned short, unsigned short, unsigned short, bool)
                0x0001f484                GapScanningParams::GapScanningParams(unsigned short, unsigned short, unsigned short, bool)
 .text._ZN4mbed9CallChainC2Ei
                0x0001f4f0       0x40 ym/mbed-classic/existing/mbed-classic.a(CallChain.cpp.o)
                0x0001f4f0                mbed::CallChain::CallChain(int)
                0x0001f4f0                mbed::CallChain::CallChain(int)
 .text._ZN4mbed9CallChainD2Ev
                0x0001f530       0x1c ym/mbed-classic/existing/mbed-classic.a(CallChain.cpp.o)
                0x0001f530                mbed::CallChain::~CallChain()
                0x0001f530                mbed::CallChain::~CallChain()
 .text._ZSt15get_new_handlerv
                0x0001f54c        0xc c:/progra~2/gnutoo~1/4bd65~1.920/bin/../lib/gcc/arm-none-eabi/4.9.3/../../../../arm-none-eabi/lib/armv6-m\libstdc++_nano.a(new_handler.o)
                0x0001f54c                std::get_new_handler()
 .text          0x0001f558       0x14 c:/progra~2/gnutoo~1/4bd65~1.920/bin/../lib/gcc/arm-none-eabi/4.9.3/armv6-m\libgcc.a(_thumb1_case_uqi.o)
                0x0001f558                __gnu_thumb1_case_uqi
 .text          0x0001f56c      0x120 c:/progra~2/gnutoo~1/4bd65~1.920/bin/../lib/gcc/arm-none-eabi/4.9.3/armv6-m\libgcc.a(_udivsi3.o)
                0x0001f56c                __aeabi_uidiv
                0x0001f56c                __udivsi3
                0x0001f678                __aeabi_uidivmod
 .text          0x0001f68c      0x1e0 c:/progra~2/gnutoo~1/4bd65~1.920/bin/../lib/gcc/arm-none-eabi/4.9.3/armv6-m\libgcc.a(_divsi3.o)
                0x0001f68c                __divsi3
                0x0001f68c                __aeabi_idiv
                0x0001f858                __aeabi_idivmod
 .text          0x0001f86c        0x4 c:/progra~2/gnutoo~1/4bd65~1.920/bin/../lib/gcc/arm-none-eabi/4.9.3/armv6-m\libgcc.a(_dvmd_tls.o)
                0x0001f86c                __aeabi_idiv0
                0x0001f86c                __aeabi_ldiv0
 .text          0x0001f870       0x40 c:/progra~2/gnutoo~1/4bd65~1.920/bin/../lib/gcc/arm-none-eabi/4.9.3/armv6-m\libgcc.a(_aeabi_uldivmod.o)
                0x0001f870                __aeabi_uldivmod
 .text          0x0001f8b0       0x54 c:/progra~2/gnutoo~1/4bd65~1.920/bin/../lib/gcc/arm-none-eabi/4.9.3/armv6-m\libgcc.a(_muldi3.o)
                0x0001f8b0                __muldi3
                0x0001f8b0                __aeabi_lmul
 .text          0x0001f904       0x6c c:/progra~2/gnutoo~1/4bd65~1.920/bin/../lib/gcc/arm-none-eabi/4.9.3/armv6-m\libgcc.a(bpabi.o)
                0x0001f904                __gnu_ldivmod_helper
                0x0001f93c                __gnu_uldivmod_helper
 .text          0x0001f970       0x3c c:/progra~2/gnutoo~1/4bd65~1.920/bin/../lib/gcc/arm-none-eabi/4.9.3/armv6-m\libgcc.a(_clzsi2.o)
                0x0001f970                __clzsi2
 .text          0x0001f9ac      0x1f0 c:/progra~2/gnutoo~1/4bd65~1.920/bin/../lib/gcc/arm-none-eabi/4.9.3/armv6-m\libgcc.a(_divdi3.o)
                0x0001f9ac                __divdi3
 .text          0x0001fb9c      0x158 c:/progra~2/gnutoo~1/4bd65~1.920/bin/../lib/gcc/arm-none-eabi/4.9.3/armv6-m\libgcc.a(_udivdi3.o)
                0x0001fb9c                __udivdi3
 .text          0x0001fcf4       0x18 c:/progra~2/gnutoo~1/4bd65~1.920/bin/../lib/gcc/arm-none-eabi/4.9.3/armv6-m\libgcc.a(_clzdi2.o)
                0x0001fcf4                __clzdi2
 .text.__cxa_atexit
                0x0001fd0c       0x1c c:/progra~2/gnutoo~1/4bd65~1.920/bin/../lib/gcc/arm-none-eabi/4.9.3/../../../../arm-none-eabi/lib/armv6-m\libc_nano.a(lib_a-cxa_atexit.o)
                0x0001fd0c                __cxa_atexit
 .text.__errno  0x0001fd28        0xc c:/progra~2/gnutoo~1/4bd65~1.920/bin/../lib/gcc/arm-none-eabi/4.9.3/../../../../arm-none-eabi/lib/armv6-m\libc_nano.a(lib_a-errno.o)
                0x0001fd28                __errno
 .text.exit     0x0001fd34       0x2c c:/progra~2/gnutoo~1/4bd65~1.920/bin/../lib/gcc/arm-none-eabi/4.9.3/../../../../arm-none-eabi/lib/armv6-m\libc_nano.a(lib_a-exit.o)
                0x0001fd34                exit
 .text._cleanup_r
                0x0001fd60       0x10 c:/progra~2/gnutoo~1/4bd65~1.920/bin/../lib/gcc/arm-none-eabi/4.9.3/../../../../arm-none-eabi/lib/armv6-m\libc_nano.a(lib_a-findfp.o)
                0x0001fd60                _cleanup_r
 .text.std.isra.0
                0x0001fd70       0x48 c:/progra~2/gnutoo~1/4bd65~1.920/bin/../lib/gcc/arm-none-eabi/4.9.3/../../../../arm-none-eabi/lib/armv6-m\libc_nano.a(lib_a-findfp.o)
 .text.__sinit  0x0001fdb8       0x64 c:/progra~2/gnutoo~1/4bd65~1.920/bin/../lib/gcc/arm-none-eabi/4.9.3/../../../../arm-none-eabi/lib/armv6-m\libc_nano.a(lib_a-findfp.o)
                0x0001fdb8                __sinit
 .text.__sfp    0x0001fe1c       0x7c c:/progra~2/gnutoo~1/4bd65~1.920/bin/../lib/gcc/arm-none-eabi/4.9.3/../../../../arm-none-eabi/lib/armv6-m\libc_nano.a(lib_a-findfp.o)
                0x0001fe1c                __sfp
 .text.__libc_init_array
                0x0001fe98       0x4c c:/progra~2/gnutoo~1/4bd65~1.920/bin/../lib/gcc/arm-none-eabi/4.9.3/../../../../arm-none-eabi/lib/armv6-m\libc_nano.a(lib_a-init.o)
                0x0001fe98                __libc_init_array
 .text.malloc   0x0001fee4       0x14 c:/progra~2/gnutoo~1/4bd65~1.920/bin/../lib/gcc/arm-none-eabi/4.9.3/../../../../arm-none-eabi/lib/armv6-m\libc_nano.a(lib_a-malloc.o)
                0x0001fee4                malloc
 .text.free     0x0001fef8       0x14 c:/progra~2/gnutoo~1/4bd65~1.920/bin/../lib/gcc/arm-none-eabi/4.9.3/../../../../arm-none-eabi/lib/armv6-m\libc_nano.a(lib_a-malloc.o)
                0x0001fef8                free
 .text._free_r  0x0001ff0c       0x8c c:/progra~2/gnutoo~1/4bd65~1.920/bin/../lib/gcc/arm-none-eabi/4.9.3/../../../../arm-none-eabi/lib/armv6-m\libc_nano.a(lib_a-nano-freer.o)
                0x0001ff0c                _free_r
 .text._malloc_r
                0x0001ff98       0xb0 c:/progra~2/gnutoo~1/4bd65~1.920/bin/../lib/gcc/arm-none-eabi/4.9.3/../../../../arm-none-eabi/lib/armv6-m\libc_nano.a(lib_a-nano-mallocr.o)
                0x0001ff98                _malloc_r
 .text.printf   0x00020048       0x34 c:/progra~2/gnutoo~1/4bd65~1.920/bin/../lib/gcc/arm-none-eabi/4.9.3/../../../../arm-none-eabi/lib/armv6-m\libc_nano.a(lib_a-printf.o)
                0x00020048                iprintf
                0x00020048                printf
 .text.puts     0x0002007c       0x14 c:/progra~2/gnutoo~1/4bd65~1.920/bin/../lib/gcc/arm-none-eabi/4.9.3/../../../../arm-none-eabi/lib/armv6-m\libc_nano.a(lib_a-puts.o)
                0x0002007c                puts
 .text.__srefill_r
                0x00020090      0x120 c:/progra~2/gnutoo~1/4bd65~1.920/bin/../lib/gcc/arm-none-eabi/4.9.3/../../../../arm-none-eabi/lib/armv6-m\libc_nano.a(lib_a-refill.o)
                0x00020090                __srefill_r
 .text._sbrk_r  0x000201b0       0x24 c:/progra~2/gnutoo~1/4bd65~1.920/bin/../lib/gcc/arm-none-eabi/4.9.3/../../../../arm-none-eabi/lib/armv6-m\libc_nano.a(lib_a-sbrkr.o)
                0x000201b0                _sbrk_r
 .text.scanf    0x000201d4       0x34 c:/progra~2/gnutoo~1/4bd65~1.920/bin/../lib/gcc/arm-none-eabi/4.9.3/../../../../arm-none-eabi/lib/armv6-m\libc_nano.a(lib_a-scanf.o)
                0x000201d4                scanf
                0x000201d4                iscanf
 .text.raise    0x00020208       0x14 c:/progra~2/gnutoo~1/4bd65~1.920/bin/../lib/gcc/arm-none-eabi/4.9.3/../../../../arm-none-eabi/lib/armv6-m\libc_nano.a(lib_a-signal.o)
                0x00020208                raise
 .text._kill_r  0x0002021c       0x24 c:/progra~2/gnutoo~1/4bd65~1.920/bin/../lib/gcc/arm-none-eabi/4.9.3/../../../../arm-none-eabi/lib/armv6-m\libc_nano.a(lib_a-signalr.o)
                0x0002021c                _kill_r
 .text.snprintf
                0x00020240       0x68 c:/progra~2/gnutoo~1/4bd65~1.920/bin/../lib/gcc/arm-none-eabi/4.9.3/../../../../arm-none-eabi/lib/armv6-m\libc_nano.a(lib_a-snprintf.o)
                0x00020240                sniprintf
                0x00020240                snprintf
 .text.__sread  0x000202a8       0x28 c:/progra~2/gnutoo~1/4bd65~1.920/bin/../lib/gcc/arm-none-eabi/4.9.3/../../../../arm-none-eabi/lib/armv6-m\libc_nano.a(lib_a-stdio.o)
                0x000202a8                __sread
 .text.__swrite
                0x000202d0       0x38 c:/progra~2/gnutoo~1/4bd65~1.920/bin/../lib/gcc/arm-none-eabi/4.9.3/../../../../arm-none-eabi/lib/armv6-m\libc_nano.a(lib_a-stdio.o)
                0x000202d0                __swrite
 .text.__sseek  0x00020308       0x2c c:/progra~2/gnutoo~1/4bd65~1.920/bin/../lib/gcc/arm-none-eabi/4.9.3/../../../../arm-none-eabi/lib/armv6-m\libc_nano.a(lib_a-stdio.o)
                0x00020308                __sseek
 .text.__swbuf_r
                0x00020334       0xb0 c:/progra~2/gnutoo~1/4bd65~1.920/bin/../lib/gcc/arm-none-eabi/4.9.3/../../../../arm-none-eabi/lib/armv6-m\libc_nano.a(lib_a-wbuf.o)
                0x00020334                __swbuf_r
 .text._write_r
                0x000203e4       0x28 c:/progra~2/gnutoo~1/4bd65~1.920/bin/../lib/gcc/arm-none-eabi/4.9.3/../../../../arm-none-eabi/lib/armv6-m\libc_nano.a(lib_a-writer.o)
                0x000203e4                _write_r
 .text.__swsetup_r
                0x0002040c       0xe8 c:/progra~2/gnutoo~1/4bd65~1.920/bin/../lib/gcc/arm-none-eabi/4.9.3/../../../../arm-none-eabi/lib/armv6-m\libc_nano.a(lib_a-wsetup.o)
                0x0002040c                __swsetup_r
 .text._close_r
                0x000204f4       0x24 c:/progra~2/gnutoo~1/4bd65~1.920/bin/../lib/gcc/arm-none-eabi/4.9.3/../../../../arm-none-eabi/lib/armv6-m\libc_nano.a(lib_a-closer.o)
                0x000204f4                _close_r
 .text._fflush_r
                0x00020518       0x58 c:/progra~2/gnutoo~1/4bd65~1.920/bin/../lib/gcc/arm-none-eabi/4.9.3/../../../../arm-none-eabi/lib/armv6-m\libc_nano.a(lib_a-fflush.o)
                0x00020518                _fflush_r
 .text.fflush   0x00020570       0x28 c:/progra~2/gnutoo~1/4bd65~1.920/bin/../lib/gcc/arm-none-eabi/4.9.3/../../../../arm-none-eabi/lib/armv6-m\libc_nano.a(lib_a-fflush.o)
                0x00020570                fflush
 .text._lseek_r
                0x00020598       0x28 c:/progra~2/gnutoo~1/4bd65~1.920/bin/../lib/gcc/arm-none-eabi/4.9.3/../../../../arm-none-eabi/lib/armv6-m\libc_nano.a(lib_a-lseekr.o)
                0x00020598                _lseek_r
 .text.__smakebuf_r
                0x000205c0       0xb0 c:/progra~2/gnutoo~1/4bd65~1.920/bin/../lib/gcc/arm-none-eabi/4.9.3/../../../../arm-none-eabi/lib/armv6-m\libc_nano.a(lib_a-makebuf.o)
                0x000205c0                __smakebuf_r
 .text.__ssputs_r
                0x00020670       0xc0 c:/progra~2/gnutoo~1/4bd65~1.920/bin/../lib/gcc/arm-none-eabi/4.9.3/../../../../arm-none-eabi/lib/armv6-m\libc_nano.a(lib_a-nano-svfprintf.o)
                0x00020670                __ssputs_r
 .text._svfprintf_r
                0x00020730      0x1ec c:/progra~2/gnutoo~1/4bd65~1.920/bin/../lib/gcc/arm-none-eabi/4.9.3/../../../../arm-none-eabi/lib/armv6-m\libc_nano.a(lib_a-nano-svfprintf.o)
                0x00020730                _svfiprintf_r
                0x00020730                _svfprintf_r
 .text._vfprintf_r
                0x0002091c      0x220 c:/progra~2/gnutoo~1/4bd65~1.920/bin/../lib/gcc/arm-none-eabi/4.9.3/../../../../arm-none-eabi/lib/armv6-m\libc_nano.a(lib_a-nano-vfprintf.o)
                0x0002091c                _vfprintf_r
                0x0002091c                _vfiprintf_r
 .text._printf_i
                0x00020b3c      0x230 c:/progra~2/gnutoo~1/4bd65~1.920/bin/../lib/gcc/arm-none-eabi/4.9.3/../../../../arm-none-eabi/lib/armv6-m\libc_nano.a(lib_a-nano-vfprintf_i.o)
                0x00020b3c                _printf_i
 .text.__svfscanf_r
                0x00020d6c      0x2f0 c:/progra~2/gnutoo~1/4bd65~1.920/bin/../lib/gcc/arm-none-eabi/4.9.3/../../../../arm-none-eabi/lib/armv6-m\libc_nano.a(lib_a-nano-vfscanf.o)
                0x00020d6c                __svfscanf_r
                0x00020d6c                __svfiscanf_r
 .text._vfscanf_r
                0x0002105c       0x50 c:/progra~2/gnutoo~1/4bd65~1.920/bin/../lib/gcc/arm-none-eabi/4.9.3/../../../../arm-none-eabi/lib/armv6-m\libc_nano.a(lib_a-nano-vfscanf.o)
                0x0002105c                _vfscanf_r
                0x0002105c                _vfiscanf_r
 .text._scanf_chars
                0x000210ac       0xbc c:/progra~2/gnutoo~1/4bd65~1.920/bin/../lib/gcc/arm-none-eabi/4.9.3/../../../../arm-none-eabi/lib/armv6-m\libc_nano.a(lib_a-nano-vfscanf_i.o)
                0x000210ac                _scanf_chars
 .text._scanf_i
                0x00021168      0x1f4 c:/progra~2/gnutoo~1/4bd65~1.920/bin/../lib/gcc/arm-none-eabi/4.9.3/../../../../arm-none-eabi/lib/armv6-m\libc_nano.a(lib_a-nano-vfscanf_i.o)
                0x00021168                _scanf_i
 .text._read_r  0x0002135c       0x28 c:/progra~2/gnutoo~1/4bd65~1.920/bin/../lib/gcc/arm-none-eabi/4.9.3/../../../../arm-none-eabi/lib/armv6-m\libc_nano.a(lib_a-readr.o)
                0x0002135c                _read_r
 .text._strtol_r
                0x00021384      0x120 c:/progra~2/gnutoo~1/4bd65~1.920/bin/../lib/gcc/arm-none-eabi/4.9.3/../../../../arm-none-eabi/lib/armv6-m\libc_nano.a(lib_a-strtol.o)
                0x00021384                _strtol_r
 .text._strtoul_r
                0x000214a4      0x104 c:/progra~2/gnutoo~1/4bd65~1.920/bin/../lib/gcc/arm-none-eabi/4.9.3/../../../../arm-none-eabi/lib/armv6-m\libc_nano.a(lib_a-strtoul.o)
                0x000214a4                _strtoul_r
 .text.__submore
                0x000215a8       0x7c c:/progra~2/gnutoo~1/4bd65~1.920/bin/../lib/gcc/arm-none-eabi/4.9.3/../../../../arm-none-eabi/lib/armv6-m\libc_nano.a(lib_a-ungetc.o)
                0x000215a8                __submore
 .text._ungetc_r
                0x00021624       0xe4 c:/progra~2/gnutoo~1/4bd65~1.920/bin/../lib/gcc/arm-none-eabi/4.9.3/../../../../arm-none-eabi/lib/armv6-m\libc_nano.a(lib_a-ungetc.o)
                0x00021624                _ungetc_r
 .text._fstat_r
                0x00021708       0x24 c:/progra~2/gnutoo~1/4bd65~1.920/bin/../lib/gcc/arm-none-eabi/4.9.3/../../../../arm-none-eabi/lib/armv6-m\libc_nano.a(lib_a-fstatr.o)
                0x00021708                _fstat_r
 .text._isatty_r
                0x0002172c       0x24 c:/progra~2/gnutoo~1/4bd65~1.920/bin/../lib/gcc/arm-none-eabi/4.9.3/../../../../arm-none-eabi/lib/armv6-m\libc_nano.a(lib_a-isattyr.o)
                0x0002172c                _isatty_r
 .text._getpid  0x00021750       0x10 c:/progra~2/gnutoo~1/4bd65~1.920/bin/../lib/gcc/arm-none-eabi/4.9.3/../../../../arm-none-eabi/lib/armv6-m\libnosys.a(getpid.o)
                0x00021750                _getpid
 .text._kill    0x00021760       0x10 c:/progra~2/gnutoo~1/4bd65~1.920/bin/../lib/gcc/arm-none-eabi/4.9.3/../../../../arm-none-eabi/lib/armv6-m\libnosys.a(kill.o)
                0x00021760                _kill
 .text._ZN18GapAdvertisingData7addDataENS_10DataType_tEPKhh
                0x00021770       0x3a source/CMakeFiles/ble-ibeacon-a.dir/C_/Users/jossla01/Documents/GitHub/BLE_iBeacon/A/source/main.cpp.o
                0x00021770                GapAdvertisingData::addData(GapAdvertisingData::DataType_t, unsigned char const*, unsigned char)
 .text._ZN18GapAdvertisingData5clearEv
                0x000217aa       0x12 source/CMakeFiles/ble-ibeacon-a.dir/C_/Users/jossla01/Documents/GitHub/BLE_iBeacon/A/source/main.cpp.o
                0x000217aa                GapAdvertisingData::clear()
 .text._ZN3Gap18setAdvertisingDataEv
                0x000217bc       0x12 source/CMakeFiles/ble-ibeacon-a.dir/C_/Users/jossla01/Documents/GitHub/BLE_iBeacon/A/source/main.cpp.o
                0x000217bc                Gap::setAdvertisingData()
 .text._ZN3Gap28accumulateAdvertisingPayloadEN18GapAdvertisingData10DataType_tEPKhh
                0x000217ce       0x30 source/CMakeFiles/ble-ibeacon-a.dir/C_/Users/jossla01/Documents/GitHub/BLE_iBeacon/A/source/main.cpp.o
                0x000217ce                Gap::accumulateAdvertisingPayload(GapAdvertisingData::DataType_t, unsigned char const*, unsigned char)
 .text._ZN3Gap16startAdvertisingEv
                0x000217fe       0x14 source/CMakeFiles/ble-ibeacon-a.dir/C_/Users/jossla01/Documents/GitHub/BLE_iBeacon/A/source/main.cpp.o
                0x000217fe                Gap::startAdvertising()
 .text._ZN3Gap23clearAdvertisingPayloadEv
                0x00021812       0x12 source/CMakeFiles/ble-ibeacon-a.dir/C_/Users/jossla01/Documents/GitHub/BLE_iBeacon/A/source/main.cpp.o
                0x00021812                Gap::clearAdvertisingPayload()
 .text._ZN3BLE3gapEv
                0x00021824        0xc source/CMakeFiles/ble-ibeacon-a.dir/C_/Users/jossla01/Documents/GitHub/BLE_iBeacon/A/source/main.cpp.o
                0x00021824                BLE::gap()
 .text._fstat   0x00021830       0x1e ym/mbed-classic/existing/mbed-classic.a(retarget.cpp.o)
                0x00021830                _fstat
 .text.__cxa_pure_virtual
                0x0002184e        0x8 ym/mbed-classic/existing/mbed-classic.a(retarget.cpp.o)
                0x0002184e                __cxa_pure_virtual
 .text.mbed_main
                0x00021856        0x2 ym/mbed-classic/existing/mbed-classic.a(retarget.cpp.o)
                0x00021856                mbed_main
 .text.mbed_sdk_init
                0x00021858        0x2 ym/mbed-classic/existing/mbed-classic.a(retarget.cpp.o)
                0x00021858                mbed_sdk_init
 .text.__wrap_main
                0x0002185a       0x10 ym/mbed-classic/existing/mbed-classic.a(retarget.cpp.o)
                0x0002185a                __wrap_main
 .text._exit    0x0002186a        0xc ym/mbed-classic/existing/mbed-classic.a(retarget.cpp.o)
                0x0002186a                _exit
 .text.mbed_die
                0x00021876       0x66 ym/mbed-classic/existing/mbed-classic.a(board.c.o)
                0x00021876                mbed_die
 .text.gpio_init_out_ex
                0x000218dc       0x30 ym/mbed-classic/existing/mbed-classic.a(gpio.c.o)
                0x000218dc                gpio_init_out_ex
 .text.gpio_init_out
                0x0002190c        0xa ym/mbed-classic/existing/mbed-classic.a(gpio.c.o)
                0x0002190c                gpio_init_out
 .text.wait_us  0x00021916       0x16 ym/mbed-classic/existing/mbed-classic.a(wait_api.c.o)
                0x00021916                wait_us
 .text.wait_ms  0x0002192c        0xe ym/mbed-classic/existing/mbed-classic.a(wait_api.c.o)
                0x0002192c                wait_ms
 .text.gpio_mode
                0x0002193a        0xc ym/mbed-classic/existing/mbed-classic.a(gpio_api.c.o)
                0x0002193a                gpio_mode
 .text.gpio_dir
                0x00021946       0x1a ym/mbed-classic/existing/mbed-classic.a(gpio_api.c.o)
                0x00021946                gpio_dir
 .text.pin_mode
                0x00021960       0x20 ym/mbed-classic/existing/mbed-classic.a(pinmap.c.o)
                0x00021960                pin_mode
 .text.serial_getc
                0x00021980       0x1a ym/mbed-classic/existing/mbed-classic.a(serial_api.c.o)
                0x00021980                serial_getc
 .text.nrf_delay_us.constprop.0
                0x0002199a       0x26 ym/mbed-classic/existing/mbed-classic.a(us_ticker.c.o)
 .text.ticker_irq_handler
                0x000219c0       0x46 ym/mbed-classic/existing/mbed-classic.a(ticker_api.c.o)
                0x000219c0                ticker_irq_handler
 .text._ZN3BLE4initEv
                0x00021a06        0xc ym/ble/source/ble.a(BLE.cpp.o)
                0x00021a06                BLE::init()
 .text._ZL18sd_ble_version_getP13ble_version_t
                0x00021a12        0x4 ym/ble-nrf51822/source/ble-nrf51822.a(nRF5xn.cpp.o)
 .text._ZL15sd_app_evt_waitv
                0x00021a16        0x4 ym/ble-nrf51822/source/ble-nrf51822.a(nRF5xn.cpp.o)
 .text._ZN6nRF5xnD2Ev
                0x00021a1a        0x2 ym/ble-nrf51822/source/ble-nrf51822.a(nRF5xn.cpp.o)
                0x00021a1a                nRF5xn::~nRF5xn()
                0x00021a1a                nRF5xn::~nRF5xn()
 .text._ZN6nRF5xn12waitForEventEv
                0x00021a1c        0x8 ym/ble-nrf51822/source/ble-nrf51822.a(nRF5xn.cpp.o)
                0x00021a1c                nRF5xn::waitForEvent()
 .text._ZN6nRF5xnD0Ev
                0x00021a24        0xc ym/ble-nrf51822/source/ble-nrf51822.a(nRF5xn.cpp.o)
                0x00021a24                nRF5xn::~nRF5xn()
 .text._ZN6nRF5xn4initEv
                0x00021a30        0xa ym/ble-nrf51822/source/ble-nrf51822.a(nRF5xn.cpp.o)
                0x00021a30                nRF5xn::init()
 .text._ZN6nRF5xn8shutdownEv
                0x00021a3a       0x10 ym/ble-nrf51822/source/ble-nrf51822.a(nRF5xn.cpp.o)
                0x00021a3a                nRF5xn::shutdown()
 .text._ZNK6nRF5xn18getSecurityManagerEv
                0x00021a4a        0x8 ym/ble-nrf51822/source/ble-nrf51822.a(nRF5xn.cpp.o)
                0x00021a4a                nRF5xn::getSecurityManager() const
 .text._ZN6nRF5xn18getSecurityManagerEv
                0x00021a52        0x8 ym/ble-nrf51822/source/ble-nrf51822.a(nRF5xn.cpp.o)
                0x00021a52                nRF5xn::getSecurityManager()
 .text._ZN6nRF5xn13getGattClientEv
                0x00021a5a        0x8 ym/ble-nrf51822/source/ble-nrf51822.a(nRF5xn.cpp.o)
                0x00021a5a                nRF5xn::getGattClient()
 .text._ZNK6nRF5xn13getGattServerEv
                0x00021a62        0x8 ym/ble-nrf51822/source/ble-nrf51822.a(nRF5xn.cpp.o)
                0x00021a62                nRF5xn::getGattServer() const
 .text._ZN6nRF5xn13getGattServerEv
                0x00021a6a        0x8 ym/ble-nrf51822/source/ble-nrf51822.a(nRF5xn.cpp.o)
                0x00021a6a                nRF5xn::getGattServer()
 .text._ZNK6nRF5xn6getGapEv
                0x00021a72        0x8 ym/ble-nrf51822/source/ble-nrf51822.a(nRF5xn.cpp.o)
                0x00021a72                nRF5xn::getGap() const
 .text._ZN6nRF5xn6getGapEv
                0x00021a7a        0x8 ym/ble-nrf51822/source/ble-nrf51822.a(nRF5xn.cpp.o)
                0x00021a7a                nRF5xn::getGap()
 .text._ZL22sd_ble_gap_address_sethPK14ble_gap_addr_t
                0x00021a82        0x4 ym/ble-nrf51822/source/ble-nrf51822.a(nRF5xGap.cpp.o)
 .text._ZL22sd_ble_gap_address_getP14ble_gap_addr_t
                0x00021a86        0x4 ym/ble-nrf51822/source/ble-nrf51822.a(nRF5xGap.cpp.o)
 .text._ZL23sd_ble_gap_adv_data_setPKhhS0_h
                0x00021a8a        0x4 ym/ble-nrf51822/source/ble-nrf51822.a(nRF5xGap.cpp.o)
 .text._ZL20sd_ble_gap_adv_startPK20ble_gap_adv_params_t
                0x00021a8e        0x4 ym/ble-nrf51822/source/ble-nrf51822.a(nRF5xGap.cpp.o)
 .text._ZL19sd_ble_gap_adv_stopv
                0x00021a92        0x4 ym/ble-nrf51822/source/ble-nrf51822.a(nRF5xGap.cpp.o)
 .text._ZL28sd_ble_gap_conn_param_updatetPK21ble_gap_conn_params_t
                0x00021a96        0x4 ym/ble-nrf51822/source/ble-nrf51822.a(nRF5xGap.cpp.o)
 .text._ZL21sd_ble_gap_disconnectth
                0x00021a9a        0x4 ym/ble-nrf51822/source/ble-nrf51822.a(nRF5xGap.cpp.o)
 .text._ZL23sd_ble_gap_tx_power_seta
                0x00021a9e        0x4 ym/ble-nrf51822/source/ble-nrf51822.a(nRF5xGap.cpp.o)
 .text._ZL25sd_ble_gap_appearance_sett
                0x00021aa2        0x4 ym/ble-nrf51822/source/ble-nrf51822.a(nRF5xGap.cpp.o)
 .text._ZL25sd_ble_gap_appearance_getPt
                0x00021aa6        0x4 ym/ble-nrf51822/source/ble-nrf51822.a(nRF5xGap.cpp.o)
 .text._ZL19sd_ble_gap_ppcp_setPK21ble_gap_conn_params_t
                0x00021aaa        0x4 ym/ble-nrf51822/source/ble-nrf51822.a(nRF5xGap.cpp.o)
 .text._ZL19sd_ble_gap_ppcp_getP21ble_gap_conn_params_t
                0x00021aae        0x4 ym/ble-nrf51822/source/ble-nrf51822.a(nRF5xGap.cpp.o)
 .text._ZL26sd_ble_gap_device_name_setPK23ble_gap_conn_sec_mode_tPKht
                0x00021ab2        0x4 ym/ble-nrf51822/source/ble-nrf51822.a(nRF5xGap.cpp.o)
 .text._ZL26sd_ble_gap_device_name_getPhPt
                0x00021ab6        0x4 ym/ble-nrf51822/source/ble-nrf51822.a(nRF5xGap.cpp.o)
 .text._ZL21sd_ble_gap_scan_startPK21ble_gap_scan_params_t
                0x00021aba        0x4 ym/ble-nrf51822/source/ble-nrf51822.a(nRF5xGap.cpp.o)
 .text._ZL20sd_ble_gap_scan_stopv
                0x00021abe        0x4 ym/ble-nrf51822/source/ble-nrf51822.a(nRF5xGap.cpp.o)
 .text._ZL18sd_ble_gap_connectPK14ble_gap_addr_tPK21ble_gap_scan_params_tPK21ble_gap_conn_params_t
                0x00021ac2        0x4 ym/ble-nrf51822/source/ble-nrf51822.a(nRF5xGap.cpp.o)
 .text._ZN3Gap10setAddressENS_13AddressType_tEPKh
                0x00021ac6        0x4 ym/ble-nrf51822/source/ble-nrf51822.a(nRF5xGap.cpp.o)
                0x00021ac6                Gap::setAddress(Gap::AddressType_t, unsigned char const*)
 .text._ZN3Gap10getAddressEPNS_13AddressType_tEPh
                0x00021aca        0x4 ym/ble-nrf51822/source/ble-nrf51822.a(nRF5xGap.cpp.o)
                0x00021aca                Gap::getAddress(Gap::AddressType_t*, unsigned char*)
 .text._ZNK3Gap25getMinAdvertisingIntervalEv
                0x00021ace        0x4 ym/ble-nrf51822/source/ble-nrf51822.a(nRF5xGap.cpp.o)
                0x00021ace                Gap::getMinAdvertisingInterval() const
 .text._ZNK3Gap39getMinNonConnectableAdvertisingIntervalEv
                0x00021ad2        0x4 ym/ble-nrf51822/source/ble-nrf51822.a(nRF5xGap.cpp.o)
                0x00021ad2                Gap::getMinNonConnectableAdvertisingInterval() const
 .text._ZN3Gap15stopAdvertisingEv
                0x00021ad6        0x4 ym/ble-nrf51822/source/ble-nrf51822.a(nRF5xGap.cpp.o)
                0x00021ad6                Gap::stopAdvertising()
 .text._ZN3Gap8stopScanEv
                0x00021ada        0x4 ym/ble-nrf51822/source/ble-nrf51822.a(nRF5xGap.cpp.o)
                0x00021ada                Gap::stopScan()
 .text._ZN3Gap7connectEPKhNS_13AddressType_tEPKNS_18ConnectionParams_tEPK17GapScanningParams
                0x00021ade        0x4 ym/ble-nrf51822/source/ble-nrf51822.a(nRF5xGap.cpp.o)
                0x00021ade                Gap::connect(unsigned char const*, Gap::AddressType_t, Gap::ConnectionParams_t const*, GapScanningParams const*)
 .text._ZN3Gap10disconnectEtNS_21DisconnectionReason_tE
                0x00021ae2        0x4 ym/ble-nrf51822/source/ble-nrf51822.a(nRF5xGap.cpp.o)
                0x00021ae2                Gap::disconnect(unsigned short, Gap::DisconnectionReason_t)
 .text._ZN3Gap10disconnectENS_21DisconnectionReason_tE
                0x00021ae6        0x4 ym/ble-nrf51822/source/ble-nrf51822.a(nRF5xGap.cpp.o)
                0x00021ae6                Gap::disconnect(Gap::DisconnectionReason_t)
 .text._ZN3Gap28getPreferredConnectionParamsEPNS_18ConnectionParams_tE
                0x00021aea        0x4 ym/ble-nrf51822/source/ble-nrf51822.a(nRF5xGap.cpp.o)
                0x00021aea                Gap::getPreferredConnectionParams(Gap::ConnectionParams_t*)
 .text._ZN3Gap28setPreferredConnectionParamsEPKNS_18ConnectionParams_tE
                0x00021aee        0x4 ym/ble-nrf51822/source/ble-nrf51822.a(nRF5xGap.cpp.o)
                0x00021aee                Gap::setPreferredConnectionParams(Gap::ConnectionParams_t const*)
 .text._ZN3Gap22updateConnectionParamsEtPKNS_18ConnectionParams_tE
                0x00021af2        0x4 ym/ble-nrf51822/source/ble-nrf51822.a(nRF5xGap.cpp.o)
                0x00021af2                Gap::updateConnectionParams(unsigned short, Gap::ConnectionParams_t const*)
 .text._ZN3Gap13setDeviceNameEPKh
                0x00021af6        0x4 ym/ble-nrf51822/source/ble-nrf51822.a(nRF5xGap.cpp.o)
                0x00021af6                Gap::setDeviceName(unsigned char const*)
 .text._ZN3Gap13getDeviceNameEPhPj
                0x00021afa        0x4 ym/ble-nrf51822/source/ble-nrf51822.a(nRF5xGap.cpp.o)
                0x00021afa                Gap::getDeviceName(unsigned char*, unsigned int*)
 .text._ZN3Gap13setAppearanceEN18GapAdvertisingData12Appearance_tE
                0x00021afe        0x4 ym/ble-nrf51822/source/ble-nrf51822.a(nRF5xGap.cpp.o)
                0x00021afe                Gap::setAppearance(GapAdvertisingData::Appearance_t)
 .text._ZN3Gap13getAppearanceEPN18GapAdvertisingData12Appearance_tE
                0x00021b02        0x4 ym/ble-nrf51822/source/ble-nrf51822.a(nRF5xGap.cpp.o)
                0x00021b02                Gap::getAppearance(GapAdvertisingData::Appearance_t*)
 .text._ZN3Gap10setTxPowerEa
                0x00021b06        0x4 ym/ble-nrf51822/source/ble-nrf51822.a(nRF5xGap.cpp.o)
                0x00021b06                Gap::setTxPower(signed char)
 .text._ZN3Gap25getPermittedTxPowerValuesEPPKaPj
                0x00021b0a        0x6 ym/ble-nrf51822/source/ble-nrf51822.a(nRF5xGap.cpp.o)
                0x00021b0a                Gap::getPermittedTxPowerValues(signed char const**, unsigned int*)
 .text._ZN3Gap14startRadioScanERK17GapScanningParams
                0x00021b10        0x4 ym/ble-nrf51822/source/ble-nrf51822.a(nRF5xGap.cpp.o)
                0x00021b10                Gap::startRadioScan(GapScanningParams const&)
 .text._ZN3Gap21initRadioNotificationEv
                0x00021b14        0x4 ym/ble-nrf51822/source/ble-nrf51822.a(nRF5xGap.cpp.o)
                0x00021b14                Gap::initRadioNotification()
 .text._ZNK8nRF5xGap25getMinAdvertisingIntervalEv
                0x00021b18        0x4 ym/ble-nrf51822/source/ble-nrf51822.a(nRF5xGap.cpp.o)
                0x00021b18                nRF5xGap::getMinAdvertisingInterval() const
 .text._ZNK8nRF5xGap39getMinNonConnectableAdvertisingIntervalEv
                0x00021b1c        0x4 ym/ble-nrf51822/source/ble-nrf51822.a(nRF5xGap.cpp.o)
                0x00021b1c                nRF5xGap::getMinNonConnectableAdvertisingInterval() const
 .text._ZNK8nRF5xGap25getMaxAdvertisingIntervalEv
                0x00021b20        0x6 ym/ble-nrf51822/source/ble-nrf51822.a(nRF5xGap.cpp.o)
                0x00021b20                nRF5xGap::getMaxAdvertisingInterval() const
 .text._ZN8nRF5xGap14startRadioScanERK17GapScanningParams
                0x00021b26       0x3a ym/ble-nrf51822/source/ble-nrf51822.a(nRF5xGap.cpp.o)
                0x00021b26                nRF5xGap::startRadioScan(GapScanningParams const&)
 .text._ZN8nRF5xGap8stopScanEv
                0x00021b60       0x10 ym/ble-nrf51822/source/ble-nrf51822.a(nRF5xGap.cpp.o)
                0x00021b60                nRF5xGap::stopScan()
 .text._ZN8nRF5xGap15stopAdvertisingEv
                0x00021b70       0x20 ym/ble-nrf51822/source/ble-nrf51822.a(nRF5xGap.cpp.o)
                0x00021b70                nRF5xGap::stopAdvertising()
 .text._ZN8nRF5xGap10disconnectEtN3Gap21DisconnectionReason_tE
                0x00021b90       0x2c ym/ble-nrf51822/source/ble-nrf51822.a(nRF5xGap.cpp.o)
                0x00021b90                nRF5xGap::disconnect(unsigned short, Gap::DisconnectionReason_t)
 .text._ZN8nRF5xGap10disconnectEN3Gap21DisconnectionReason_tE
                0x00021bbc       0x12 ym/ble-nrf51822/source/ble-nrf51822.a(nRF5xGap.cpp.o)
                0x00021bbc                nRF5xGap::disconnect(Gap::DisconnectionReason_t)
 .text._ZN8nRF5xGap28getPreferredConnectionParamsEPN3Gap18ConnectionParams_tE
                0x00021bce       0x16 ym/ble-nrf51822/source/ble-nrf51822.a(nRF5xGap.cpp.o)
                0x00021bce                nRF5xGap::getPreferredConnectionParams(Gap::ConnectionParams_t*)
 .text._ZN8nRF5xGap28setPreferredConnectionParamsEPKN3Gap18ConnectionParams_tE
                0x00021be4       0x16 ym/ble-nrf51822/source/ble-nrf51822.a(nRF5xGap.cpp.o)
                0x00021be4                nRF5xGap::setPreferredConnectionParams(Gap::ConnectionParams_t const*)
 .text._ZN8nRF5xGap22updateConnectionParamsEtPKN3Gap18ConnectionParams_tE
                0x00021bfa       0x14 ym/ble-nrf51822/source/ble-nrf51822.a(nRF5xGap.cpp.o)
                0x00021bfa                nRF5xGap::updateConnectionParams(unsigned short, Gap::ConnectionParams_t const*)
 .text._ZN8nRF5xGap10getAddressEPN3Gap13AddressType_tEPh
                0x00021c0e       0x32 ym/ble-nrf51822/source/ble-nrf51822.a(nRF5xGap.cpp.o)
                0x00021c0e                nRF5xGap::getAddress(Gap::AddressType_t*, unsigned char*)
 .text._ZN8nRF5xGap13getDeviceNameEPhPj
                0x00021c40       0x14 ym/ble-nrf51822/source/ble-nrf51822.a(nRF5xGap.cpp.o)
                0x00021c40                nRF5xGap::getDeviceName(unsigned char*, unsigned int*)
 .text._ZN8nRF5xGap13setAppearanceEN18GapAdvertisingData12Appearance_tE
                0x00021c54       0x12 ym/ble-nrf51822/source/ble-nrf51822.a(nRF5xGap.cpp.o)
                0x00021c54                nRF5xGap::setAppearance(GapAdvertisingData::Appearance_t)
 .text._ZN8nRF5xGap13getAppearanceEPN18GapAdvertisingData12Appearance_tE
                0x00021c66       0x12 ym/ble-nrf51822/source/ble-nrf51822.a(nRF5xGap.cpp.o)
                0x00021c66                nRF5xGap::getAppearance(GapAdvertisingData::Appearance_t*)
 .text._ZN8nRF5xGap10setTxPowerEa
                0x00021c78       0x1a ym/ble-nrf51822/source/ble-nrf51822.a(nRF5xGap.cpp.o)
                0x00021c78                nRF5xGap::setTxPower(signed char)
 .text._ZN8nRF5xGap13setDeviceNameEPKh
                0x00021c92       0x24 ym/ble-nrf51822/source/ble-nrf51822.a(nRF5xGap.cpp.o)
                0x00021c92                nRF5xGap::setDeviceName(unsigned char const*)
 .text._ZN8nRF5xGap10setAddressEN3Gap13AddressType_tEPKh
                0x00021cb6       0x2a ym/ble-nrf51822/source/ble-nrf51822.a(nRF5xGap.cpp.o)
                0x00021cb6                nRF5xGap::setAddress(Gap::AddressType_t, unsigned char const*)
 .text._ZN8nRF5xGap18setAdvertisingDataERK18GapAdvertisingDataS2_
                0x00021ce0       0x2e ym/ble-nrf51822/source/ble-nrf51822.a(nRF5xGap.cpp.o)
                0x00021ce0                nRF5xGap::setAdvertisingData(GapAdvertisingData const&, GapAdvertisingData const&)
 .text._ZN18GapAdvertisingDataC2Ev
                0x00021d0e       0x1a ym/ble-nrf51822/source/ble-nrf51822.a(nRF5xGap.cpp.o)
                0x00021d0e                GapAdvertisingData::GapAdvertisingData()
                0x00021d0e                GapAdvertisingData::GapAdvertisingData()
 .text._Z31radioNotificationStaticCallbackb
                0x00021d28       0x34 ym/ble-nrf51822/source/ble-nrf51822.a(nRF5xGap.cpp.o)
                0x00021d28                radioNotificationStaticCallback(bool)
 .text._ZN8nRF5xGap19setConnectionHandleEt
                0x00021d5c        0x6 ym/ble-nrf51822/source/ble-nrf51822.a(nRF5xGap.cpp.o)
                0x00021d5c                nRF5xGap::setConnectionHandle(unsigned short)
 .text._ZN8nRF5xGap19getConnectionHandleEv
                0x00021d62        0x6 ym/ble-nrf51822/source/ble-nrf51822.a(nRF5xGap.cpp.o)
                0x00021d62                nRF5xGap::getConnectionHandle()
 .text.sd_nvic_EnableIRQ
                0x00021d68        0x4 ym/ble-nrf51822/source/ble-nrf51822.a(ble_radio_notification.c.o)
 .text.sd_nvic_ClearPendingIRQ
                0x00021d6c        0x4 ym/ble-nrf51822/source/ble-nrf51822.a(ble_radio_notification.c.o)
 .text.sd_nvic_SetPriority
                0x00021d70        0x4 ym/ble-nrf51822/source/ble-nrf51822.a(ble_radio_notification.c.o)
 .text.sd_radio_notification_cfg_set
                0x00021d74        0x4 ym/ble-nrf51822/source/ble-nrf51822.a(ble_radio_notification.c.o)
 .text._ZL24sd_ble_gatts_service_addhPK10ble_uuid_tPt
                0x00021d78        0x4 ym/ble-nrf51822/source/ble-nrf51822.a(nRF5xGattServer.cpp.o)
 .text._ZL22sd_ble_gatts_value_setttP17ble_gatts_value_t
                0x00021d7c        0x4 ym/ble-nrf51822/source/ble-nrf51822.a(nRF5xGattServer.cpp.o)
 .text._ZL22sd_ble_gatts_value_getttP17ble_gatts_value_t
                0x00021d80        0x4 ym/ble-nrf51822/source/ble-nrf51822.a(nRF5xGattServer.cpp.o)
 .text._ZL16sd_ble_gatts_hvxtPK22ble_gatts_hvx_params_t
                0x00021d84        0x4 ym/ble-nrf51822/source/ble-nrf51822.a(nRF5xGattServer.cpp.o)
 .text._ZL31sd_ble_gatts_rw_authorize_replytPK37ble_gatts_rw_authorize_reply_params_t
                0x00021d88        0x4 ym/ble-nrf51822/source/ble-nrf51822.a(nRF5xGattServer.cpp.o)
 .text._ZL25sd_ble_gatts_sys_attr_settPKhtm
                0x00021d8c        0x4 ym/ble-nrf51822/source/ble-nrf51822.a(nRF5xGattServer.cpp.o)
 .text._ZN10GattServer10addServiceER11GattService
                0x00021d90        0x4 ym/ble-nrf51822/source/ble-nrf51822.a(nRF5xGattServer.cpp.o)
                0x00021d90                GattServer::addService(GattService&)
 .text._ZN10GattServer4readEtPhPt
                0x00021d94        0x4 ym/ble-nrf51822/source/ble-nrf51822.a(nRF5xGattServer.cpp.o)
                0x00021d94                GattServer::read(unsigned short, unsigned char*, unsigned short*)
 .text._ZN10GattServer4readEttPhPt
                0x00021d98        0x4 ym/ble-nrf51822/source/ble-nrf51822.a(nRF5xGattServer.cpp.o)
                0x00021d98                GattServer::read(unsigned short, unsigned short, unsigned char*, unsigned short*)
 .text._ZN10GattServer5writeEtPKhtb
                0x00021d9c        0x4 ym/ble-nrf51822/source/ble-nrf51822.a(nRF5xGattServer.cpp.o)
                0x00021d9c                GattServer::write(unsigned short, unsigned char const*, unsigned short, bool)
 .text._ZN10GattServer5writeEttPKhtb
                0x00021da0        0x4 ym/ble-nrf51822/source/ble-nrf51822.a(nRF5xGattServer.cpp.o)
                0x00021da0                GattServer::write(unsigned short, unsigned short, unsigned char const*, unsigned short, bool)
 .text._ZN10GattServer17areUpdatesEnabledERK18GattCharacteristicPb
                0x00021da4        0x4 ym/ble-nrf51822/source/ble-nrf51822.a(nRF5xGattServer.cpp.o)
                0x00021da4                GattServer::areUpdatesEnabled(GattCharacteristic const&, bool*)
 .text._ZN10GattServer17areUpdatesEnabledEtRK18GattCharacteristicPb
                0x00021da8        0x4 ym/ble-nrf51822/source/ble-nrf51822.a(nRF5xGattServer.cpp.o)
                0x00021da8                GattServer::areUpdatesEnabled(unsigned short, GattCharacteristic const&, bool*)
 .text._ZNK10GattServer21isOnDataReadAvailableEv
                0x00021dac        0x4 ym/ble-nrf51822/source/ble-nrf51822.a(nRF5xGattServer.cpp.o)
                0x00021dac                GattServer::isOnDataReadAvailable() const
 .text._ZN15nRF5xGattServer4readEttPhPt
                0x00021db0       0x2a ym/ble-nrf51822/source/ble-nrf51822.a(nRF5xGattServer.cpp.o)
                0x00021db0                nRF5xGattServer::read(unsigned short, unsigned short, unsigned char*, unsigned short*)
 .text._ZN15nRF5xGattServer17areUpdatesEnabledERK18GattCharacteristicPb
                0x00021dda       0x20 ym/ble-nrf51822/source/ble-nrf51822.a(nRF5xGattServer.cpp.o)
                0x00021dda                nRF5xGattServer::areUpdatesEnabled(GattCharacteristic const&, bool*)
 .text._ZN38CallChainOfFunctionPointersWithContextIjED0Ev
                0x00021dfa       0x12 ym/ble-nrf51822/source/ble-nrf51822.a(nRF5xGattServer.cpp.o)
                0x00021dfa                CallChainOfFunctionPointersWithContext<unsigned int>::~CallChainOfFunctionPointersWithContext()
 .text._ZN38CallChainOfFunctionPointersWithContextIPK23GattWriteCallbackParamsED0Ev
                0x00021e0c       0x12 ym/ble-nrf51822/source/ble-nrf51822.a(nRF5xGattServer.cpp.o)
                0x00021e0c                CallChainOfFunctionPointersWithContext<GattWriteCallbackParams const*>::~CallChainOfFunctionPointersWithContext()
 .text._ZN38CallChainOfFunctionPointersWithContextIPK22GattReadCallbackParamsED0Ev
                0x00021e1e       0x12 ym/ble-nrf51822/source/ble-nrf51822.a(nRF5xGattServer.cpp.o)
                0x00021e1e                CallChainOfFunctionPointersWithContext<GattReadCallbackParams const*>::~CallChainOfFunctionPointersWithContext()
 .text._ZN15nRF5xGattServer17areUpdatesEnabledEtRK18GattCharacteristicPb
                0x00021e30       0x62 ym/ble-nrf51822/source/ble-nrf51822.a(nRF5xGattServer.cpp.o)
                0x00021e30                nRF5xGattServer::areUpdatesEnabled(unsigned short, GattCharacteristic const&, bool*)
 .text._ZNK4UUIDeqERKS_
                0x00021e92       0x3c ym/ble-nrf51822/source/ble-nrf51822.a(nRF5xGattServer.cpp.o)
                0x00021e92                UUID::operator==(UUID const&) const
 .text._ZN10GattServer22handleDataWrittenEventEPK23GattWriteCallbackParams
                0x00021ece       0x30 ym/ble-nrf51822/source/ble-nrf51822.a(nRF5xGattServer.cpp.o)
                0x00021ece                GattServer::handleDataWrittenEvent(GattWriteCallbackParams const*)
 .text._ZN10GattServer11handleEventEN16GattServerEvents11gattEvent_eEt
                0x00021efe       0x24 ym/ble-nrf51822/source/ble-nrf51822.a(nRF5xGattServer.cpp.o)
                0x00021efe                GattServer::handleEvent(GattServerEvents::gattEvent_e, unsigned short)
 .text._ZN15nRF5xGattServer10hwCallbackEP9ble_evt_t
                0x00021f22      0x292 ym/ble-nrf51822/source/ble-nrf51822.a(nRF5xGattServer.cpp.o)
                0x00021f22                nRF5xGattServer::hwCallback(ble_evt_t*)
 .text._ZN10GattClient16discoverServicesEtPFvPK17DiscoveredServiceEtt
                0x000221b4        0x4 ym/ble-nrf51822/source/ble-nrf51822.a(nRF5xGattClient.cpp.o)
                0x000221b4                GattClient::discoverServices(unsigned short, void (*)(DiscoveredService const*), unsigned short, unsigned short)
 .text._ZL38sd_ble_gattc_primary_services_discoverttPK10ble_uuid_t
                0x000221b8        0x4 ym/ble-nrf51822/source/ble-nrf51822.a(nRF5xGattClient.cpp.o)
 .text._ZL17sd_ble_gattc_readttt
                0x000221bc        0x4 ym/ble-nrf51822/source/ble-nrf51822.a(nRF5xGattClient.cpp.o)
 .text._ZL18sd_ble_gattc_writetPK24ble_gattc_write_params_t
                0x000221c0        0x4 ym/ble-nrf51822/source/ble-nrf51822.a(nRF5xGattClient.cpp.o)
 .text._ZNK21nRF5xServiceDiscovery8isActiveEv
                0x000221c4        0xc ym/ble-nrf51822/source/ble-nrf51822.a(nRF5xGattClient.cpp.o)
                0x000221c4                nRF5xServiceDiscovery::isActive() const
 .text._ZN21nRF5xServiceDiscovery13onTerminationEPFvtE
                0x000221d0        0x6 ym/ble-nrf51822/source/ble-nrf51822.a(nRF5xGattClient.cpp.o)
                0x000221d0                nRF5xServiceDiscovery::onTermination(void (*)(unsigned short))
 .text._ZN15nRF5xGattClient29onServiceDiscoveryTerminationEPFvtE
                0x000221d6        0x6 ym/ble-nrf51822/source/ble-nrf51822.a(nRF5xGattClient.cpp.o)
                0x000221d6                nRF5xGattClient::onServiceDiscoveryTermination(void (*)(unsigned short))
 .text._ZNK15nRF5xGattClient24isServiceDiscoveryActiveEv
                0x000221dc        0xc ym/ble-nrf51822/source/ble-nrf51822.a(nRF5xGattClient.cpp.o)
                0x000221dc                nRF5xGattClient::isServiceDiscoveryActive() const
 .text._ZNK15nRF5xGattClient4readEttt
                0x000221e8       0x20 ym/ble-nrf51822/source/ble-nrf51822.a(nRF5xGattClient.cpp.o)
                0x000221e8                nRF5xGattClient::read(unsigned short, unsigned short, unsigned short) const
 .text._ZN15nRF5xGattClient22launchServiceDiscoveryEtPFvPK17DiscoveredServiceEPFvPK24DiscoveredCharacteristicERK4UUIDSC_
                0x00022208       0x12 ym/ble-nrf51822/source/ble-nrf51822.a(nRF5xGattClient.cpp.o)
                0x00022208                nRF5xGattClient::launchServiceDiscovery(unsigned short, void (*)(DiscoveredService const*), void (*)(DiscoveredCharacteristic const*), UUID const&, UUID const&)
 .text._ZN4UUIDC2Et
                0x0002221a       0x1a ym/ble-nrf51822/source/ble-nrf51822.a(nRF5xGattClient.cpp.o)
                0x0002221a                UUID::UUID(unsigned short)
                0x0002221a                UUID::UUID(unsigned short)
 .text._ZN10GattClient16discoverServicesEtPFvPK17DiscoveredServiceERK4UUID
                0x00022234       0x2e ym/ble-nrf51822/source/ble-nrf51822.a(nRF5xGattClient.cpp.o)
                0x00022234                GattClient::discoverServices(unsigned short, void (*)(DiscoveredService const*), UUID const&)
 .text._ZN21nRF5xServiceDiscovery25terminateServiceDiscoveryEv
                0x00022262       0x24 ym/ble-nrf51822/source/ble-nrf51822.a(nRF5xGattClient.cpp.o)
                0x00022262                nRF5xServiceDiscovery::terminateServiceDiscovery()
 .text._ZN21nRF5xServiceDiscovery9terminateEv
                0x00022286        0x8 ym/ble-nrf51822/source/ble-nrf51822.a(nRF5xGattClient.cpp.o)
                0x00022286                nRF5xServiceDiscovery::terminate()
 .text._ZN15nRF5xGattClient25terminateServiceDiscoveryEv
                0x0002228e        0xa ym/ble-nrf51822/source/ble-nrf51822.a(nRF5xGattClient.cpp.o)
                0x0002228e                nRF5xGattClient::terminateServiceDiscovery()
 .text.sd_ble_gap_address_set
                0x00022298        0x4 ym/ble-nrf51822/source/ble-nrf51822.a(btle.cpp.o)
 .text.sd_ble_gap_address_get
                0x0002229c        0x4 ym/ble-nrf51822/source/ble-nrf51822.a(btle.cpp.o)
 .text.sd_ble_enable
                0x000222a0        0x4 ym/ble-nrf51822/source/ble-nrf51822.a(btle.cpp.o)
 .text._ZL16sys_evt_dispatchm
                0x000222a4        0x8 ym/ble-nrf51822/source/ble-nrf51822.a(btle.cpp.o)
 .text._ZL12eventHandlerv
                0x000222ac        0xa ym/ble-nrf51822/source/ble-nrf51822.a(btle.cpp.o)
 .text.assert_nrf_callback
                0x000222b6        0x2 ym/ble-nrf51822/source/ble-nrf51822.a(btle.cpp.o)
                0x000222b6                assert_nrf_callback
 .text._Z20bleGattcEventHandlerPK9ble_evt_t
                0x000222b8       0xf6 ym/ble-nrf51822/source/ble-nrf51822.a(btle_discovery.cpp.o)
                0x000222b8                bleGattcEventHandler(ble_evt_t const*)
 .text.sd_nvic_EnableIRQ
                0x000223ae        0x4 ym/ble-nrf51822/source/ble-nrf51822.a(softdevice_handler.c.o)
 .text.sd_evt_get
                0x000223b2        0x4 ym/ble-nrf51822/source/ble-nrf51822.a(softdevice_handler.c.o)
 .text.sd_softdevice_enable
                0x000223b6        0x4 ym/ble-nrf51822/source/ble-nrf51822.a(softdevice_handler.c.o)
 .text.sd_softdevice_disable
                0x000223ba        0x4 ym/ble-nrf51822/source/ble-nrf51822.a(softdevice_handler.c.o)
 .text.sd_ble_evt_get
                0x000223be        0x4 ym/ble-nrf51822/source/ble-nrf51822.a(softdevice_handler.c.o)
 .text.softdevice_assertion_handler
                0x000223c2        0xc ym/ble-nrf51822/source/ble-nrf51822.a(softdevice_handler.c.o)
                0x000223c2                softdevice_assertion_handler
 .text._ZL38sd_ble_gattc_primary_services_discoverttPK10ble_uuid_t
                0x000223ce        0x4 ym/ble-nrf51822/source/ble-nrf51822.a(nRF5xServiceDiscovery.cpp.o)
 .text._ZL37sd_ble_gattc_characteristics_discovertPK24ble_gattc_handle_range_t
                0x000223d2        0x4 ym/ble-nrf51822/source/ble-nrf51822.a(nRF5xServiceDiscovery.cpp.o)
 .text._ZL36sd_ble_gattc_char_value_by_uuid_readtPK10ble_uuid_tPK24ble_gattc_handle_range_t
                0x000223d6        0x4 ym/ble-nrf51822/source/ble-nrf51822.a(nRF5xServiceDiscovery.cpp.o)
 .text._ZN21nRF5xServiceDiscovery32terminateCharacteristicDiscoveryEv
                0x000223da       0x18 ym/ble-nrf51822/source/ble-nrf51822.a(nRF5xServiceDiscovery.cpp.o)
                0x000223da                nRF5xServiceDiscovery::terminateCharacteristicDiscovery()
 .text._ZN21nRF5xServiceDiscovery25ServiceUUIDDiscoveryQueue7dequeueEv
                0x000223f2       0x24 ym/ble-nrf51822/source/ble-nrf51822.a(nRF5xServiceDiscovery.cpp.o)
                0x000223f2                nRF5xServiceDiscovery::ServiceUUIDDiscoveryQueue::dequeue()
 .text._ZN21nRF5xServiceDiscovery22CharUUIDDiscoveryQueue7dequeueEv
                0x00022416       0x24 ym/ble-nrf51822/source/ble-nrf51822.a(nRF5xServiceDiscovery.cpp.o)
                0x00022416                nRF5xServiceDiscovery::CharUUIDDiscoveryQueue::dequeue()
 .text._ZN21nRF5xServiceDiscovery31progressCharacteristicDiscoveryEv
                0x0002243a       0xc2 ym/ble-nrf51822/source/ble-nrf51822.a(nRF5xServiceDiscovery.cpp.o)
                0x0002243a                nRF5xServiceDiscovery::progressCharacteristicDiscovery()
 .text._ZN21nRF5xServiceDiscovery23setupDiscoveredServicesEPK34ble_gattc_evt_prim_srvc_disc_rsp_t
                0x000224fc       0xac ym/ble-nrf51822/source/ble-nrf51822.a(nRF5xServiceDiscovery.cpp.o)
                0x000224fc                nRF5xServiceDiscovery::setupDiscoveredServices(ble_gattc_evt_prim_srvc_disc_rsp_t const*)
 .text._ZN21nRF5xServiceDiscovery30setupDiscoveredCharacteristicsEPK29ble_gattc_evt_char_disc_rsp_t
                0x000225a8       0xbe ym/ble-nrf51822/source/ble-nrf51822.a(nRF5xServiceDiscovery.cpp.o)
                0x000225a8                nRF5xServiceDiscovery::setupDiscoveredCharacteristics(ble_gattc_evt_char_disc_rsp_t const*)
 .text.sd_ble_gap_sec_params_reply
                0x00022666        0x4 ym/ble-nrf51822/source/ble-nrf51822.a(device_manager_peripheral.c.o)
 .text.sd_ble_gap_sec_info_reply
                0x0002266a        0x4 ym/ble-nrf51822/source/ble-nrf51822.a(device_manager_peripheral.c.o)
 .text.sd_ble_gatts_service_changed
                0x0002266e        0x4 ym/ble-nrf51822/source/ble-nrf51822.a(device_manager_peripheral.c.o)
 .text.sd_ble_gatts_sys_attr_set
                0x00022672        0x4 ym/ble-nrf51822/source/ble-nrf51822.a(device_manager_peripheral.c.o)
 .text.sd_ble_gatts_sys_attr_get
                0x00022676        0x4 ym/ble-nrf51822/source/ble-nrf51822.a(device_manager_peripheral.c.o)
 .text.storage_operation_dummy_handler
                0x0002267a        0x4 ym/ble-nrf51822/source/ble-nrf51822.a(device_manager_peripheral.c.o)
 .text.no_service_context_store
                0x0002267e        0x4 ym/ble-nrf51822/source/ble-nrf51822.a(device_manager_peripheral.c.o)
 .text.gattc_context_store
                0x00022682        0x4 ym/ble-nrf51822/source/ble-nrf51822.a(device_manager_peripheral.c.o)
 .text.no_service_context_load
                0x00022686        0x4 ym/ble-nrf51822/source/ble-nrf51822.a(device_manager_peripheral.c.o)
 .text.gattc_context_load
                0x0002268a        0x4 ym/ble-nrf51822/source/ble-nrf51822.a(device_manager_peripheral.c.o)
 .text.no_service_context_apply
                0x0002268e        0x4 ym/ble-nrf51822/source/ble-nrf51822.a(device_manager_peripheral.c.o)
 .text.gattc_context_apply
                0x00022692        0x4 ym/ble-nrf51822/source/ble-nrf51822.a(device_manager_peripheral.c.o)
 .text.gattsc_context_store
                0x00022696        0x8 ym/ble-nrf51822/source/ble-nrf51822.a(device_manager_peripheral.c.o)
 .text.gattsc_context_apply
                0x0002269e        0x8 ym/ble-nrf51822/source/ble-nrf51822.a(device_manager_peripheral.c.o)
 .text.gattsc_context_load
                0x000226a6        0x8 ym/ble-nrf51822/source/ble-nrf51822.a(device_manager_peripheral.c.o)
 .text._ZL31sd_ble_gatts_characteristic_addtPK19ble_gatts_char_md_tPK16ble_gatts_attr_tP24ble_gatts_char_handles_t
                0x000226ae        0x4 ym/ble-nrf51822/source/ble-nrf51822.a(custom_helper.cpp.o)
 .text._ZL27sd_ble_gatts_descriptor_addtPK16ble_gatts_attr_tPt
                0x000226b2        0x4 ym/ble-nrf51822/source/ble-nrf51822.a(custom_helper.cpp.o)
 .text._ZL18sd_ble_uuid_vs_addPK13ble_uuid128_tPh
                0x000226b6        0x4 ym/ble-nrf51822/source/ble-nrf51822.a(custom_helper.cpp.o)
 .text.custom_add_uuid_base
                0x000226ba       0x30 ym/ble-nrf51822/source/ble-nrf51822.a(custom_helper.cpp.o)
                0x000226ba                custom_add_uuid_base
 .text.custom_add_in_characteristic
                0x000226ea      0x15e ym/ble-nrf51822/source/ble-nrf51822.a(custom_helper.cpp.o)
                0x000226ea                custom_add_in_characteristic
 .text.custom_add_in_descriptor
                0x00022848       0x58 ym/ble-nrf51822/source/ble-nrf51822.a(custom_helper.cpp.o)
                0x00022848                custom_add_in_descriptor
 .text._ZN15SecurityManager24onSecuritySetupInitiatedEPFvtbbNS_24SecurityIOCapabilities_tEE
                0x000228a0        0x4 ym/ble-nrf51822/source/ble-nrf51822.a(nRF5xSecurityManager.cpp.o)
                0x000228a0                SecurityManager::onSecuritySetupInitiated(void (*)(unsigned short, bool, bool, SecurityManager::SecurityIOCapabilities_t))
 .text._ZN15SecurityManager24onSecuritySetupCompletedEPFvtNS_26SecurityCompletionStatus_tEE
                0x000228a4        0x4 ym/ble-nrf51822/source/ble-nrf51822.a(nRF5xSecurityManager.cpp.o)
                0x000228a4                SecurityManager::onSecuritySetupCompleted(void (*)(unsigned short, SecurityManager::SecurityCompletionStatus_t))
 .text._ZN15SecurityManager13onLinkSecuredEPFvtNS_14SecurityMode_tEE
                0x000228a8        0x4 ym/ble-nrf51822/source/ble-nrf51822.a(nRF5xSecurityManager.cpp.o)
                0x000228a8                SecurityManager::onLinkSecured(void (*)(unsigned short, SecurityManager::SecurityMode_t))
 .text._ZN15SecurityManager23onSecurityContextStoredEPFvtE
                0x000228ac        0x4 ym/ble-nrf51822/source/ble-nrf51822.a(nRF5xSecurityManager.cpp.o)
                0x000228ac                SecurityManager::onSecurityContextStored(void (*)(unsigned short))
 .text._ZN15SecurityManager16onPasskeyDisplayEPFvtPKhE
                0x000228b0        0x4 ym/ble-nrf51822/source/ble-nrf51822.a(nRF5xSecurityManager.cpp.o)
                0x000228b0                SecurityManager::onPasskeyDisplay(void (*)(unsigned short, unsigned char const*))
 .text._ZN20nRF5xSecurityManager20purgeAllBondingStateEv
                0x000228b4        0x8 ym/ble-nrf51822/source/ble-nrf51822.a(nRF5xSecurityManager.cpp.o)
                0x000228b4                nRF5xSecurityManager::purgeAllBondingState()
 .text._ZN20nRF5xSecurityManager15getLinkSecurityEtPN15SecurityManager20LinkSecurityStatus_tE
                0x000228bc        0xc ym/ble-nrf51822/source/ble-nrf51822.a(nRF5xSecurityManager.cpp.o)
                0x000228bc                nRF5xSecurityManager::getLinkSecurity(unsigned short, SecurityManager::LinkSecurityStatus_t*)
 .text._ZN20nRF5xSecurityManager4initEbbN15SecurityManager24SecurityIOCapabilities_tEPKh
                0x000228c8       0x10 ym/ble-nrf51822/source/ble-nrf51822.a(nRF5xSecurityManager.cpp.o)
                0x000228c8                nRF5xSecurityManager::init(bool, bool, SecurityManager::SecurityIOCapabilities_t, unsigned char const*)
 .text._ZL23sd_ble_gap_tx_power_seta
                0x000228d8        0x4 ym/ble-nrf51822/source/ble-nrf51822.a(btle_gap.cpp.o)
 .text._ZL25sd_ble_gap_appearance_sett
                0x000228dc        0x4 ym/ble-nrf51822/source/ble-nrf51822.a(btle_gap.cpp.o)
 .text._ZL19sd_ble_gap_ppcp_setPK21ble_gap_conn_params_t
                0x000228e0        0x4 ym/ble-nrf51822/source/ble-nrf51822.a(btle_gap.cpp.o)
 .text._ZL26sd_ble_gap_device_name_setPK23ble_gap_conn_sec_mode_tPKht
                0x000228e4        0x4 ym/ble-nrf51822/source/ble-nrf51822.a(btle_gap.cpp.o)
 .text._ZN29nRF5xDiscoveredCharacteristic5setupEP15nRF5xGattClientt21ble_gatt_char_props_ttt
                0x000228e8       0x6c ym/ble-nrf51822/source/ble-nrf51822.a(nRF5xDiscoveredCharacteristic.cpp.o)
                0x000228e8                nRF5xDiscoveredCharacteristic::setup(nRF5xGattClient*, unsigned short, ble_gatt_char_props_t, unsigned short, unsigned short)
 .text._ZN29nRF5xDiscoveredCharacteristic5setupEP15nRF5xGattClienttt21ble_gatt_char_props_ttt
                0x00022954       0xa0 ym/ble-nrf51822/source/ble-nrf51822.a(nRF5xDiscoveredCharacteristic.cpp.o)
                0x00022954                nRF5xDiscoveredCharacteristic::setup(nRF5xGattClient*, unsigned short, unsigned short, ble_gatt_char_props_t, unsigned short, unsigned short)
 .text.sd_flash_write
                0x000229f4        0x4 ym/ble-nrf51822/source/ble-nrf51822.a(pstorage.c.o)
 .text.sd_flash_page_erase
                0x000229f8        0x4 ym/ble-nrf51822/source/ble-nrf51822.a(pstorage.c.o)
 .text.sd_ble_opt_set
                0x000229fc        0x4 ym/ble-nrf51822/source/ble-nrf51822.a(btle_security.cpp.o)
 .text._ZN4mbed9CallChain5clearEv
                0x00022a00       0x26 ym/mbed-classic/existing/mbed-classic.a(CallChain.cpp.o)
                0x00022a00                mbed::CallChain::clear()
 .text._ZN4mbed9CallChainD0Ev
                0x00022a26       0x12 ym/mbed-classic/existing/mbed-classic.a(CallChain.cpp.o)
                0x00022a26                mbed::CallChain::~CallChain()
 .text._ZN4mbed9CallChain4callEv
                0x00022a38       0x32 ym/mbed-classic/existing/mbed-classic.a(CallChain.cpp.o)
                0x00022a38                mbed::CallChain::call()
 .text._Znwj    0x00022a6a       0x24 c:/progra~2/gnutoo~1/4bd65~1.920/bin/../lib/gcc/arm-none-eabi/4.9.3/../../../../arm-none-eabi/lib/armv6-m\libstdc++_nano.a(new_op.o)
                0x00022a6a                operator new(unsigned int)
 .text._ZdlPv   0x00022a8e        0x8 c:/progra~2/gnutoo~1/4bd65~1.920/bin/../lib/gcc/arm-none-eabi/4.9.3/../../../../arm-none-eabi/lib/armv6-m\libstdc++_nano.a(del_op.o)
                0x00022a8e                operator delete(void*)
 .text.__aeabi_atexit
                0x00022a96        0xe c:/progra~2/gnutoo~1/4bd65~1.920/bin/../lib/gcc/arm-none-eabi/4.9.3/../../../../arm-none-eabi/lib/armv6-m\libstdc++_nano.a(atexit_arm.o)
                0x00022a96                __aeabi_atexit
 .text._Znaj    0x00022aa4        0x8 c:/progra~2/gnutoo~1/4bd65~1.920/bin/../lib/gcc/arm-none-eabi/4.9.3/../../../../arm-none-eabi/lib/armv6-m\libstdc++_nano.a(new_opv.o)
                0x00022aa4                operator new[](unsigned int)
 .text.abort    0x00022aac        0xe c:/progra~2/gnutoo~1/4bd65~1.920/bin/../lib/gcc/arm-none-eabi/4.9.3/../../../../arm-none-eabi/lib/armv6-m\libc_nano.a(lib_a-abort.o)
                0x00022aac                abort
 .text.__sfmoreglue
                0x00022aba       0x2c c:/progra~2/gnutoo~1/4bd65~1.920/bin/../lib/gcc/arm-none-eabi/4.9.3/../../../../arm-none-eabi/lib/armv6-m\libc_nano.a(lib_a-findfp.o)
                0x00022aba                __sfmoreglue
 .text._fwalk   0x00022ae6       0x38 c:/progra~2/gnutoo~1/4bd65~1.920/bin/../lib/gcc/arm-none-eabi/4.9.3/../../../../arm-none-eabi/lib/armv6-m\libc_nano.a(lib_a-fwalk.o)
                0x00022ae6                _fwalk
 .text._fwalk_reent
                0x00022b1e       0x42 c:/progra~2/gnutoo~1/4bd65~1.920/bin/../lib/gcc/arm-none-eabi/4.9.3/../../../../arm-none-eabi/lib/armv6-m\libc_nano.a(lib_a-fwalk.o)
                0x00022b1e                _fwalk_reent
 .text.memchr   0x00022b60       0x16 c:/progra~2/gnutoo~1/4bd65~1.920/bin/../lib/gcc/arm-none-eabi/4.9.3/../../../../arm-none-eabi/lib/armv6-m\libc_nano.a(lib_a-memchr.o)
                0x00022b60                memchr
 .text.memcmp   0x00022b76       0x1e c:/progra~2/gnutoo~1/4bd65~1.920/bin/../lib/gcc/arm-none-eabi/4.9.3/../../../../arm-none-eabi/lib/armv6-m\libc_nano.a(lib_a-memcmp.o)
                0x00022b76                memcmp
 .text.memcpy   0x00022b94       0x12 c:/progra~2/gnutoo~1/4bd65~1.920/bin/../lib/gcc/arm-none-eabi/4.9.3/../../../../arm-none-eabi/lib/armv6-m\libc_nano.a(lib_a-memcpy.o)
                0x00022b94                memcpy
 .text.memmove  0x00022ba6       0x28 c:/progra~2/gnutoo~1/4bd65~1.920/bin/../lib/gcc/arm-none-eabi/4.9.3/../../../../arm-none-eabi/lib/armv6-m\libc_nano.a(lib_a-memmove.o)
                0x00022ba6                memmove
 .text.memset   0x00022bce       0x10 c:/progra~2/gnutoo~1/4bd65~1.920/bin/../lib/gcc/arm-none-eabi/4.9.3/../../../../arm-none-eabi/lib/armv6-m\libc_nano.a(lib_a-memset.o)
                0x00022bce                memset
 .text._puts_r  0x00022bde       0xc2 c:/progra~2/gnutoo~1/4bd65~1.920/bin/../lib/gcc/arm-none-eabi/4.9.3/../../../../arm-none-eabi/lib/armv6-m\libc_nano.a(lib_a-puts.o)
                0x00022bde                _puts_r
 .text.lflush   0x00022ca0       0x18 c:/progra~2/gnutoo~1/4bd65~1.920/bin/../lib/gcc/arm-none-eabi/4.9.3/../../../../arm-none-eabi/lib/armv6-m\libc_nano.a(lib_a-refill.o)
 .text._raise_r
                0x00022cb8       0x54 c:/progra~2/gnutoo~1/4bd65~1.920/bin/../lib/gcc/arm-none-eabi/4.9.3/../../../../arm-none-eabi/lib/armv6-m\libc_nano.a(lib_a-signal.o)
                0x00022cb8                _raise_r
 .text._getpid_r
                0x00022d0c        0x8 c:/progra~2/gnutoo~1/4bd65~1.920/bin/../lib/gcc/arm-none-eabi/4.9.3/../../../../arm-none-eabi/lib/armv6-m\libc_nano.a(lib_a-signalr.o)
                0x00022d0c                _getpid_r
 .text.__sclose
                0x00022d14        0xc c:/progra~2/gnutoo~1/4bd65~1.920/bin/../lib/gcc/arm-none-eabi/4.9.3/../../../../arm-none-eabi/lib/armv6-m\libc_nano.a(lib_a-stdio.o)
                0x00022d14                __sclose
 .text          0x00022d20       0x14 c:/progra~2/gnutoo~1/4bd65~1.920/bin/../lib/gcc/arm-none-eabi/4.9.3/../../../../arm-none-eabi/lib/armv6-m\libc_nano.a(lib_a-strcmp.o)
                0x00022d20                strcmp
 .text.strlen   0x00022d34        0xe c:/progra~2/gnutoo~1/4bd65~1.920/bin/../lib/gcc/arm-none-eabi/4.9.3/../../../../arm-none-eabi/lib/armv6-m\libc_nano.a(lib_a-strlen.o)
                0x00022d34                strlen
 .text.strncpy  0x00022d42       0x28 c:/progra~2/gnutoo~1/4bd65~1.920/bin/../lib/gcc/arm-none-eabi/4.9.3/../../../../arm-none-eabi/lib/armv6-m\libc_nano.a(lib_a-strncpy.o)
                0x00022d42                strncpy
 .text.__sflush_r
                0x00022d6a      0x112 c:/progra~2/gnutoo~1/4bd65~1.920/bin/../lib/gcc/arm-none-eabi/4.9.3/../../../../arm-none-eabi/lib/armv6-m\libc_nano.a(lib_a-fflush.o)
                0x00022d6a                __sflush_r
 .text.__sfputc_r
                0x00022e7c       0x2a c:/progra~2/gnutoo~1/4bd65~1.920/bin/../lib/gcc/arm-none-eabi/4.9.3/../../../../arm-none-eabi/lib/armv6-m\libc_nano.a(lib_a-nano-vfprintf.o)
 .text.__sfputs_r
                0x00022ea6       0x24 c:/progra~2/gnutoo~1/4bd65~1.920/bin/../lib/gcc/arm-none-eabi/4.9.3/../../../../arm-none-eabi/lib/armv6-m\libc_nano.a(lib_a-nano-vfprintf.o)
                0x00022ea6                __sfputs_r
 .text._printf_common
                0x00022eca       0xdc c:/progra~2/gnutoo~1/4bd65~1.920/bin/../lib/gcc/arm-none-eabi/4.9.3/../../../../arm-none-eabi/lib/armv6-m\libc_nano.a(lib_a-nano-vfprintf_i.o)
                0x00022eca                _printf_common
 .text.__sccl   0x00022fa6       0x66 c:/progra~2/gnutoo~1/4bd65~1.920/bin/../lib/gcc/arm-none-eabi/4.9.3/../../../../arm-none-eabi/lib/armv6-m\libc_nano.a(lib_a-sccl.o)
                0x00022fa6                __sccl
 .text._realloc_r
                0x0002300c       0x4c c:/progra~2/gnutoo~1/4bd65~1.920/bin/../lib/gcc/arm-none-eabi/4.9.3/../../../../arm-none-eabi/lib/armv6-m\libc_nano.a(lib_a-nano-reallocr.o)
                0x0002300c                _realloc_r
 .text._malloc_usable_size_r
                0x00023058       0x16 c:/progra~2/gnutoo~1/4bd65~1.920/bin/../lib/gcc/arm-none-eabi/4.9.3/../../../../arm-none-eabi/lib/armv6-m\libc_nano.a(lib_a-nano-msizer.o)
                0x00023058                _malloc_usable_size_r
 *(SORT(.init))
 *fill*         0x0002306e        0x2 
 .init          0x00023070        0x4 c:/progra~2/gnutoo~1/4bd65~1.920/bin/../lib/gcc/arm-none-eabi/4.9.3/armv6-m/crti.o
                0x00023070                _init
 .init          0x00023074        0x8 c:/progra~2/gnutoo~1/4bd65~1.920/bin/../lib/gcc/arm-none-eabi/4.9.3/armv6-m/crtn.o
 *(SORT(.fini))
 .fini          0x0002307c        0x4 c:/progra~2/gnutoo~1/4bd65~1.920/bin/../lib/gcc/arm-none-eabi/4.9.3/armv6-m/crti.o
                0x0002307c                _fini
 .fini          0x00023080        0x8 c:/progra~2/gnutoo~1/4bd65~1.920/bin/../lib/gcc/arm-none-eabi/4.9.3/armv6-m/crtn.o
 *crtbegin.o(SORT(.ctors))
 *crtbegin?.o(SORT(.ctors))
 *(SORT(EXCLUDE_FILE(*crtend.o *crtend?.o) .ctors))
 *(SORT(.ctors.*))
 *(SORT(.ctors))
 *crtbegin.o(SORT(.dtors))
 *crtbegin?.o(SORT(.dtors))
 *(SORT(EXCLUDE_FILE(*crtend.o *crtend?.o) .dtors))
 *(SORT(.dtors.*))
 *(SORT(.dtors))
 *(SORT(.rodata*))
 .rodata._ZTV6nRF5xn
                0x00023088       0x40 ym/ble-nrf51822/source/ble-nrf51822.a(nRF5xn.cpp.o)
                0x00023088                vtable for nRF5xn
 .rodata._ZTV3Gap
                0x000230c8       0x68 ym/ble-nrf51822/source/ble-nrf51822.a(nRF5xGap.cpp.o)
                0x000230c8                vtable for Gap
 .rodata._ZTV8nRF5xGap
                0x00023130       0x68 ym/ble-nrf51822/source/ble-nrf51822.a(nRF5xGap.cpp.o)
                0x00023130                vtable for nRF5xGap
 .rodata._ZTV38CallChainOfFunctionPointersWithContextIjE
                0x00023198       0x10 ym/ble-nrf51822/source/ble-nrf51822.a(nRF5xGattServer.cpp.o)
                0x00023198                vtable for CallChainOfFunctionPointersWithContext<unsigned int>
 .rodata._ZTV38CallChainOfFunctionPointersWithContextIPK23GattWriteCallbackParamsE
                0x000231a8       0x10 ym/ble-nrf51822/source/ble-nrf51822.a(nRF5xGattServer.cpp.o)
                0x000231a8                vtable for CallChainOfFunctionPointersWithContext<GattWriteCallbackParams const*>
 .rodata._ZTV38CallChainOfFunctionPointersWithContextIPK22GattReadCallbackParamsE
                0x000231b8       0x10 ym/ble-nrf51822/source/ble-nrf51822.a(nRF5xGattServer.cpp.o)
                0x000231b8                vtable for CallChainOfFunctionPointersWithContext<GattReadCallbackParams const*>
 .rodata._ZTV10GattServer
                0x000231c8       0x28 ym/ble-nrf51822/source/ble-nrf51822.a(nRF5xGattServer.cpp.o)
                0x000231c8                vtable for GattServer
 .rodata._ZTV15nRF5xGattServer
                0x000231f0       0x28 ym/ble-nrf51822/source/ble-nrf51822.a(nRF5xGattServer.cpp.o)
                0x000231f0                vtable for nRF5xGattServer
 .rodata._ZTV21nRF5xServiceDiscovery
                0x00023218       0x18 ym/ble-nrf51822/source/ble-nrf51822.a(nRF5xGattClient.cpp.o)
                0x00023218                vtable for nRF5xServiceDiscovery
 .rodata._ZTV15nRF5xGattClient
                0x00023230       0x28 ym/ble-nrf51822/source/ble-nrf51822.a(nRF5xGattClient.cpp.o)
                0x00023230                vtable for nRF5xGattClient
 .rodata._ZTV20nRF5xSecurityManager
                0x00023258       0x28 ym/ble-nrf51822/source/ble-nrf51822.a(nRF5xSecurityManager.cpp.o)
                0x00023258                vtable for nRF5xSecurityManager
 .rodata._ZTVN4mbed9CallChainE
                0x00023280       0x10 ym/mbed-classic/existing/mbed-classic.a(CallChain.cpp.o)
                0x00023280                vtable for mbed::CallChain
 .rodata.acceptedSpeeds
                0x00023290       0x88 ym/mbed-classic/existing/mbed-classic.a(serial_api.c.o)
 .rodata.us_interface